Archive member included to satisfy reference by file (symbol)

c:/st/stm32cubeide_1.10.1/stm32cubeide/plugins/com.st.stm32cube.ide.mcu.externaltools.gnu-tools-for-stm32.10.3-2021.10.win32_1.0.200.202301161003/tools/bin/../lib/gcc/arm-none-eabi/10.3.1/../../../../arm-none-eabi/lib/thumb/v7e-m+fp/hard\libc_nano.a(lib_a-errno.o)
                              ./Core/Src/syscalls.o (__errno)
c:/st/stm32cubeide_1.10.1/stm32cubeide/plugins/com.st.stm32cube.ide.mcu.externaltools.gnu-tools-for-stm32.10.3-2021.10.win32_1.0.200.202301161003/tools/bin/../lib/gcc/arm-none-eabi/10.3.1/../../../../arm-none-eabi/lib/thumb/v7e-m+fp/hard\libc_nano.a(lib_a-exit.o)
                              c:/st/stm32cubeide_1.10.1/stm32cubeide/plugins/com.st.stm32cube.ide.mcu.externaltools.gnu-tools-for-stm32.10.3-2021.10.win32_1.0.200.202301161003/tools/bin/../lib/gcc/arm-none-eabi/10.3.1/../../../../arm-none-eabi/lib/thumb/v7e-m+fp/hard/crt0.o (exit)
c:/st/stm32cubeide_1.10.1/stm32cubeide/plugins/com.st.stm32cube.ide.mcu.externaltools.gnu-tools-for-stm32.10.3-2021.10.win32_1.0.200.202301161003/tools/bin/../lib/gcc/arm-none-eabi/10.3.1/../../../../arm-none-eabi/lib/thumb/v7e-m+fp/hard\libc_nano.a(lib_a-impure.o)
                              c:/st/stm32cubeide_1.10.1/stm32cubeide/plugins/com.st.stm32cube.ide.mcu.externaltools.gnu-tools-for-stm32.10.3-2021.10.win32_1.0.200.202301161003/tools/bin/../lib/gcc/arm-none-eabi/10.3.1/../../../../arm-none-eabi/lib/thumb/v7e-m+fp/hard\libc_nano.a(lib_a-exit.o) (_global_impure_ptr)
c:/st/stm32cubeide_1.10.1/stm32cubeide/plugins/com.st.stm32cube.ide.mcu.externaltools.gnu-tools-for-stm32.10.3-2021.10.win32_1.0.200.202301161003/tools/bin/../lib/gcc/arm-none-eabi/10.3.1/../../../../arm-none-eabi/lib/thumb/v7e-m+fp/hard\libc_nano.a(lib_a-init.o)
                              c:/st/stm32cubeide_1.10.1/stm32cubeide/plugins/com.st.stm32cube.ide.mcu.externaltools.gnu-tools-for-stm32.10.3-2021.10.win32_1.0.200.202301161003/tools/bin/../lib/gcc/arm-none-eabi/10.3.1/../../../../arm-none-eabi/lib/thumb/v7e-m+fp/hard/crt0.o (__libc_init_array)
c:/st/stm32cubeide_1.10.1/stm32cubeide/plugins/com.st.stm32cube.ide.mcu.externaltools.gnu-tools-for-stm32.10.3-2021.10.win32_1.0.200.202301161003/tools/bin/../lib/gcc/arm-none-eabi/10.3.1/../../../../arm-none-eabi/lib/thumb/v7e-m+fp/hard\libc_nano.a(lib_a-memcpy-stub.o)
                              ./Core/Src/configurator/cfg_interface.o (memcpy)
c:/st/stm32cubeide_1.10.1/stm32cubeide/plugins/com.st.stm32cube.ide.mcu.externaltools.gnu-tools-for-stm32.10.3-2021.10.win32_1.0.200.202301161003/tools/bin/../lib/gcc/arm-none-eabi/10.3.1/../../../../arm-none-eabi/lib/thumb/v7e-m+fp/hard\libc_nano.a(lib_a-memset.o)
                              c:/st/stm32cubeide_1.10.1/stm32cubeide/plugins/com.st.stm32cube.ide.mcu.externaltools.gnu-tools-for-stm32.10.3-2021.10.win32_1.0.200.202301161003/tools/bin/../lib/gcc/arm-none-eabi/10.3.1/../../../../arm-none-eabi/lib/thumb/v7e-m+fp/hard/crt0.o (memset)
c:/st/stm32cubeide_1.10.1/stm32cubeide/plugins/com.st.stm32cube.ide.mcu.externaltools.gnu-tools-for-stm32.10.3-2021.10.win32_1.0.200.202301161003/tools/bin/../lib/gcc/arm-none-eabi/10.3.1/../../../../arm-none-eabi/lib/thumb/v7e-m+fp/hard\libc_nano.a(lib_a-strlen.o)
                              ./Core/Src/configurator/cfg_interface.o (strlen)
c:/st/stm32cubeide_1.10.1/stm32cubeide/plugins/com.st.stm32cube.ide.mcu.externaltools.gnu-tools-for-stm32.10.3-2021.10.win32_1.0.200.202301161003/tools/bin/../lib/gcc/arm-none-eabi/10.3.1/thumb/v7e-m+fp/hard\libgcc.a(_arm_muldf3.o)
                              ./Core/Src/autopilot/autopilot.o (__aeabi_dmul)
c:/st/stm32cubeide_1.10.1/stm32cubeide/plugins/com.st.stm32cube.ide.mcu.externaltools.gnu-tools-for-stm32.10.3-2021.10.win32_1.0.200.202301161003/tools/bin/../lib/gcc/arm-none-eabi/10.3.1/thumb/v7e-m+fp/hard\libgcc.a(_arm_addsubdf3.o)
                              ./Core/Src/autopilot/autopilot.o (__aeabi_dadd)
c:/st/stm32cubeide_1.10.1/stm32cubeide/plugins/com.st.stm32cube.ide.mcu.externaltools.gnu-tools-for-stm32.10.3-2021.10.win32_1.0.200.202301161003/tools/bin/../lib/gcc/arm-none-eabi/10.3.1/thumb/v7e-m+fp/hard\libgcc.a(_arm_truncdfsf2.o)
                              ./Core/Src/autopilot/autopilot.o (__aeabi_d2f)
c:/st/stm32cubeide_1.10.1/stm32cubeide/plugins/com.st.stm32cube.ide.mcu.externaltools.gnu-tools-for-stm32.10.3-2021.10.win32_1.0.200.202301161003/tools/bin/../lib/gcc/arm-none-eabi/10.3.1/thumb/v7e-m+fp/hard\libgcc.a(_aeabi_uldivmod.o)
                              ./Drivers/STM32F4xx_HAL_Driver/Src/stm32f4xx_hal_rcc.o (__aeabi_uldivmod)
c:/st/stm32cubeide_1.10.1/stm32cubeide/plugins/com.st.stm32cube.ide.mcu.externaltools.gnu-tools-for-stm32.10.3-2021.10.win32_1.0.200.202301161003/tools/bin/../lib/gcc/arm-none-eabi/10.3.1/thumb/v7e-m+fp/hard\libgcc.a(_udivmoddi4.o)
[...]
Memory Configuration

Name             Origin             Length             Attributes
RAM              0x0000000020000000 0x0000000000020000 xrw
FLASH            0x0000000008000000 0x0000000000040000 xr
NEWFW            0x0000000008040000 0x0000000000020000 xr
SETTINGS         0x0000000008060000 0x0000000000020000 xr
*default*        0x0000000000000000 0xffffffffffffffff

Linker script and memory map

LOAD c:/st/stm32cubeide_1.10.1/stm32cubeide/plugins/com.st.stm32cube.ide.mcu.externaltools.gnu-tools-for-stm32.10.3-2021.10.win32_1.0.200.202301161003/tools/bin/../lib/gcc/arm-none-eabi/10.3.1/thumb/v7e-m+fp/hard/crti.o
LOAD c:/st/stm32cubeide_1.10.1/stm32cubeide/plugins/com.st.stm32cube.ide.mcu.externaltools.gnu-tools-for-stm32.10.3-2021.10.win32_1.0.200.202301161003/tools/bin/../lib/gcc/arm-none-eabi/10.3.1/thumb/v7e-m+fp/hard/crtbegin.o
LOAD c:/st/stm32cubeide_1.10.1/stm32cubeide/plugins/com.st.stm32cube.ide.mcu.externaltools.gnu-tools-for-stm32.10.3-2021.10.win32_1.0.200.202301161003/tools/bin/../lib/gcc/arm-none-eabi/10.3.1/../../../../arm-none-eabi/lib/thumb/v7e-m+fp/hard/crt0.o
LOAD ./Core/Src/autopilot/autopilot.o
LOAD ./Core/Src/battery/battery_interface.o
LOAD ./Core/Src/configurator/cfg_interface.o
LOAD ./Core/Src/crc/crc.o
LOAD ./Core/Src/main.o
LOAD ./Core/Src/stm32f4xx_hal_msp.o
LOAD ./Core/Src/stm32f4xx_hal_timebase_tim.o
LOAD ./Core/Src/stm32f4xx_it.o
LOAD ./Core/Src/syscalls.o
LOAD ./Core/Src/sysmem.o
LOAD ./Core/Src/system_stm32f4xx.o
LOAD ./Core/Src/modem/modem_interface.o
LOAD ./Core/Src/motor/motor_interface.o
LOAD ./Core/Src/rc/rc_interface.o
LOAD ./Core/Src/servo/servo_interface.o
LOAD ./Core/Src/system/system.o
LOAD ./Core/Startup/startup_stm32f411ceux.o
LOAD ./Drivers/STM32F4xx_HAL_Driver/Src/stm32f4xx_hal.o
LOAD ./Drivers/STM32F4xx_HAL_Driver/Src/stm32f4xx_hal_adc.o
LOAD ./Drivers/STM32F4xx_HAL_Driver/Src/stm32f4xx_hal_adc_ex.o
LOAD ./Drivers/STM32F4xx_HAL_Driver/Src/stm32f4xx_hal_cortex.o
LOAD ./Drivers/STM32F4xx_HAL_Driver/Src/stm32f4xx_hal_dma.o
LOAD ./Drivers/STM32F4xx_HAL_Driver/Src/stm32f4xx_hal_dma_ex.o
LOAD ./Drivers/STM32F4xx_HAL_Driver/Src/stm32f4xx_hal_exti.o
LOAD ./Drivers/STM32F4xx_HAL_Driver/Src/stm32f4xx_hal_flash.o
LOAD ./Drivers/STM32F4xx_HAL_Driver/Src/stm32f4xx_hal_flash_ex.o
LOAD ./Drivers/STM32F4xx_HAL_Driver/Src/stm32f4xx_hal_flash_ramfunc.o
LOAD ./Drivers/STM32F4xx_HAL_Driver/Src/stm32f4xx_hal_gpio.o
LOAD ./Drivers/STM32F4xx_HAL_Driver/Src/stm32f4xx_hal_i2c.o
LOAD ./Drivers/STM32F4xx_HAL_Driver/Src/stm32f4xx_hal_i2c_ex.o
LOAD ./Drivers/STM32F4xx_HAL_Driver/Src/stm32f4xx_hal_pwr.o
LOAD ./Drivers/STM32F4xx_HAL_Driver/Src/stm32f4xx_hal_pwr_ex.o
LOAD ./Drivers/STM32F4xx_HAL_Driver/Src/stm32f4xx_hal_rcc.o
LOAD ./Drivers/STM32F4xx_HAL_Driver/Src/stm32f4xx_hal_rcc_ex.o
LOAD ./Drivers/STM32F4xx_HAL_Driver/Src/stm32f4xx_hal_tim.o
LOAD ./Drivers/STM32F4xx_HAL_Driver/Src/stm32f4xx_hal_tim_ex.o
LOAD ./Drivers/STM32F4xx_HAL_Driver/Src/stm32f4xx_hal_uart.o
LOAD ./Drivers/STM32F4xx_HAL_Driver/Src/stm32f4xx_ll_adc.o
START GROUP
LOAD c:/st/stm32cubeide_1.10.1/stm32cubeide/plugins/com.st.stm32cube.ide.mcu.externaltools.gnu-tools-for-stm32.10.3-2021.10.win32_1.0.200.202301161003/tools/bin/../lib/gcc/arm-none-eabi/10.3.1/../../../../arm-none-eabi/lib/thumb/v7e-m+fp/hard\libc_nano.a
LOAD c:/st/stm32cubeide_1.10.1/stm32cubeide/plugins/com.st.stm32cube.ide.mcu.externaltools.gnu-tools-for-stm32.10.3-2021.10.win32_1.0.200.202301161003/tools/bin/../lib/gcc/arm-none-eabi/10.3.1/../../../../arm-none-eabi/lib/thumb/v7e-m+fp/hard\libm.a
END GROUP
START GROUP
LOAD c:/st/stm32cubeide_1.10.1/stm32cubeide/plugins/com.st.stm32cube.ide.mcu.externaltools.gnu-tools-for-stm32.10.3-2021.10.win32_1.0.200.202301161003/tools/bin/../lib/gcc/arm-none-eabi/10.3.1/thumb/v7e-m+fp/hard\libgcc.a
LOAD c:/st/stm32cubeide_1.10.1/stm32cubeide/plugins/com.st.stm32cube.ide.mcu.externaltools.gnu-tools-for-stm32.10.3-2021.10.win32_1.0.200.202301161003/tools/bin/../lib/gcc/arm-none-eabi/10.3.1/../../../../arm-none-eabi/lib/thumb/v7e-m+fp/hard\libc_nano.a
END GROUP
START GROUP
LOAD c:/st/stm32cubeide_1.10.1/stm32cubeide/plugins/com.st.stm32cube.ide.mcu.externaltools.gnu-tools-for-stm32.10.3-2021.10.win32_1.0.200.202301161003/tools/bin/../lib/gcc/arm-none-eabi/10.3.1/thumb/v7e-m+fp/hard\libgcc.a
LOAD c:/st/stm32cubeide_1.10.1/stm32cubeide/plugins/com.st.stm32cube.ide.mcu.externaltools.gnu-tools-for-stm32.10.3-2021.10.win32_1.0.200.202301161003/tools/bin/../lib/gcc/arm-none-eabi/10.3.1/../../../../arm-none-eabi/lib/thumb/v7e-m+fp/hard\libc_nano.a
LOAD c:/st/stm32cubeide_1.10.1/stm32cubeide/plugins/com.st.stm32cube.ide.mcu.externaltools.gnu-tools-for-stm32.10.3-2021.10.win32_1.0.200.202301161003/tools/bin/../lib/gcc/arm-none-eabi/10.3.1/../../../../arm-none-eabi/lib/thumb/v7e-m+fp/hard\libnosys.a
END GROUP
START GROUP
LOAD c:/st/stm32cubeide_1.10.1/stm32cubeide/plugins/com.st.stm32cube.ide.mcu.externaltools.gnu-tools-for-stm32.10.3-2021.10.win32_1.0.200.202301161003/tools/bin/../lib/gcc/arm-none-eabi/10.3.1/thumb/v7e-m+fp/hard\libgcc.a
LOAD c:/st/stm32cubeide_1.10.1/stm32cubeide/plugins/com.st.stm32cube.ide.mcu.externaltools.gnu-tools-for-stm32.10.3-2021.10.win32_1.0.200.202301161003/tools/bin/../lib/gcc/arm-none-eabi/10.3.1/../../../../arm-none-eabi/lib/thumb/v7e-m+fp/hard\libc_nano.a
LOAD c:/st/stm32cubeide_1.10.1/stm32cubeide/plugins/com.st.stm32cube.ide.mcu.externaltools.gnu-tools-for-stm32.10.3-2021.10.win32_1.0.200.202301161003/tools/bin/../lib/gcc/arm-none-eabi/10.3.1/../../../../arm-none-eabi/lib/thumb/v7e-m+fp/hard\libnosys.a
END GROUP
LOAD c:/st/stm32cubeide_1.10.1/stm32cubeide/plugins/com.st.stm32cube.ide.mcu.externaltools.gnu-tools-for-stm32.10.3-2021.10.win32_1.0.200.202301161003/tools/bin/../lib/gcc/arm-none-eabi/10.3.1/thumb/v7e-m+fp/hard/crtend.o
LOAD c:/st/stm32cubeide_1.10.1/stm32cubeide/plugins/com.st.stm32cube.ide.mcu.externaltools.gnu-tools-for-stm32.10.3-2021.10.win32_1.0.200.202301161003/tools/bin/../lib/gcc/arm-none-eabi/10.3.1/thumb/v7e-m+fp/hard/crtn.o
                0x0000000020020000                _estack = (ORIGIN (RAM) + LENGTH (RAM))
                0x0000000000000200                _Min_Heap_Size = 0x200
                0x0000000000000400                _Min_Stack_Size = 0x400

.isr_vector     0x0000000008000000      0x198
                0x0000000008000000                . = ALIGN (0x4)
 *(.isr_vector)
 .isr_vector    0x0000000008000000      0x198 ./Core/Startup/startup_stm32f411ceux.o
                0x0000000008000000                g_pfnVectors
                0x0000000008000198                . = ALIGN (0x4)

.text           0x0000000008000198     0x9db0
                0x0000000008000198                . = ALIGN (0x4)
 *(.text)
 .text          0x0000000008000198       0x40 c:/st/stm32cubeide_1.10.1/stm32cubeide/plugins/com.st.stm32cube.ide.mcu.externaltools.gnu-tools-for-stm32.10.3-2021.10.win32_1.0.200.202301161003/tools/bin/../lib/gcc/arm-none-eabi/10.3.1/thumb/v7e-m+fp/hard/crtbegin.o
 .text          0x00000000080001d8       0x10 c:/st/stm32cubeide_1.10.1/stm32cubeide/plugins/com.st.stm32cube.ide.mcu.externaltools.gnu-tools-for-stm32.10.3-2021.10.win32_1.0.200.202301161003/tools/bin/../lib/gcc/arm-none-eabi/10.3.1/../../../../arm-none-eabi/lib/thumb/v7e-m+fp/hard\libc_nano.a(lib_a-strlen.o)
                0x00000000080001d8                strlen
 .text          0x00000000080001e8      0x254 c:/st/stm32cubeide_1.10.1/stm32cubeide/plugins/com.st.stm32cube.ide.mcu.externaltools.gnu-tools-for-stm32.10.3-2021.10.win32_1.0.200.202301161003/tools/bin/../lib/gcc/arm-none-eabi/10.3.1/thumb/v7e-m+fp/hard\libgcc.a(_arm_muldf3.o)
                0x00000000080001e8                __muldf3
                0x00000000080001e8                __aeabi_dmul
 .text          0x000000000800043c      0x378 c:/st/stm32cubeide_1.10.1/stm32cubeide/plugins/com.st.stm32cube.ide.mcu.externaltools.gnu-tools-for-stm32.10.3-2021.10.win32_1.0.200.202301161003/tools/bin/../lib/gcc/arm-none-eabi/10.3.1/thumb/v7e-m+fp/hard\libgcc.a(_arm_addsubdf3.o)
                0x000000000800043c                __aeabi_drsub
                0x0000000008000444                __aeabi_dsub
                0x0000000008000444                __subdf3
                0x0000000008000448                __aeabi_dadd
                0x0000000008000448                __adddf3
                0x00000000080006c0                __floatunsidf
                0x00000000080006c0                __aeabi_ui2d
                0x00000000080006e0                __floatsidf
                0x00000000080006e0                __aeabi_i2d
                0x0000000008000704                __aeabi_f2d
                0x0000000008000704                __extendsfdf2
                0x0000000008000748                __floatundidf
                0x0000000008000748                __aeabi_ul2d
                0x0000000008000758                __floatdidf
                0x0000000008000758                __aeabi_l2d
 .text          0x00000000080007b4       0xa0 c:/st/stm32cubeide_1.10.1/stm32cubeide/plugins/com.st.stm32cube.ide.mcu.externaltools.gnu-tools-for-stm32.10.3-2021.10.win32_1.0.200.202301161003/tools/bin/../lib/gcc/arm-none-eabi/10.3.1/thumb/v7e-m+fp/hard\libgcc.a(_arm_truncdfsf2.o)
                0x00000000080007b4                __truncdfsf2
                0x00000000080007b4                __aeabi_d2f
 .text          0x0000000008000854       0x30 c:/st/stm32cubeide_1.10.1/stm32cubeide/plugins/com.st.stm32cube.ide.mcu.externaltools.gnu-tools-for-stm32.10.3-2021.10.win32_1.0.200.202301161003/tools/bin/../lib/gcc/arm-none-eabi/10.3.1/thumb/v7e-m+fp/hard\libgcc.a(_aeabi_uldivmod.o)
                0x0000000008000854                __aeabi_uldivmod
 .text          0x0000000008000884      0x2d0 c:/st/stm32cubeide_1.10.1/stm32cubeide/plugins/com.st.stm32cube.ide.mcu.externaltools.gnu-tools-for-stm32.10.3-2021.10.win32_1.0.200.202301161003/tools/bin/../lib/gcc/arm-none-eabi/10.3.1/thumb/v7e-m+fp/hard\libgcc.a(_udivmoddi4.o)
                0x0000000008000884                __udivmoddi4
 .text          0x0000000008000b54        0x4 c:/st/stm32cubeide_1.10.1/stm32cubeide/plugins/com.st.stm32cube.ide.mcu.externaltools.gnu-tools-for-stm32.10.3-2021.10.win32_1.0.200.202301161003/tools/bin/../lib/gcc/arm-none-eabi/10.3.1/thumb/v7e-m+fp/hard\libgcc.a(_dvmd_tls.o)
                0x0000000008000b54                __aeabi_idiv0
                0x0000000008000b54                __aeabi_ldiv0
 *(.text*)
 .text.autopilot_Timer
                0x0000000008000b58       0x48 ./Core/Src/autopilot/autopilot.o
                0x0000000008000b58                autopilot_Timer
 .text.autopilot_InitTask
                0x0000000008000ba0       0xa4 ./Core/Src/autopilot/autopilot.o
                0x0000000008000ba0                autopilot_InitTask
 .text.autopilot_Task
                0x0000000008000c44       0x60 ./Core/Src/autopilot/autopilot.o
                0x0000000008000c44                autopilot_Task
 .text.autopilot_gotoState
                0x0000000008000ca4       0x8c ./Core/Src/autopilot/autopilot.o
                0x0000000008000ca4                autopilot_gotoState
 .text.autopilot_stateIdleMain
                0x0000000008000d30        0xe ./Core/Src/autopilot/autopilot.o
                0x0000000008000d30                autopilot_stateIdleMain
 .text.autopilot_stateFullManStart
                0x0000000008000d3e        0xe ./Core/Src/autopilot/autopilot.o
                0x0000000008000d3e                autopilot_stateFullManStart
 .text.autopilot_stateFullManMain
                0x0000000008000d4c      0x290 ./Core/Src/autopilot/autopilot.o
                0x0000000008000d4c                autopilot_stateFullManMain
 .text.autopilot_stateFailsafeStart
                0x0000000008000fdc       0x20 ./Core/Src/autopilot/autopilot.o
                0x0000000008000fdc                autopilot_stateFailsafeStart
 .text.autopilot_stateFailsafeMain
                0x0000000008000ffc       0x20 ./Core/Src/autopilot/autopilot.o
                0x0000000008000ffc                autopilot_stateFailsafeMain
 *fill*         0x000000000800101c        0x4 
 .text.autopilot_expRunningAverage
                0x0000000008001020       0x8c ./Core/Src/autopilot/autopilot.o
                0x0000000008001020                autopilot_expRunningAverage
 .text.cfg_NodeApVarProp
                0x00000000080010ac       0x90 ./Core/Src/autopilot/autopilot.o
                0x00000000080010ac                cfg_NodeApVarProp
 .text.cfg_NodeApVarGet
                0x000000000800113c       0x54 ./Core/Src/autopilot/autopilot.o
                0x000000000800113c                cfg_NodeApVarGet
 .text.cfg_NodeApVarSet
                0x0000000008001190       0x50 ./Core/Src/autopilot/autopilot.o
                0x0000000008001190                cfg_NodeApVarSet
 .text.battery_Timer
                0x00000000080011e0       0x3c ./Core/Src/battery/battery_interface.o
                0x00000000080011e0                battery_Timer
 .text.battery_InitTask
                0x000000000800121c       0x38 ./Core/Src/battery/battery_interface.o
                0x000000000800121c                battery_InitTask
 .text.battery_Task
                0x0000000008001254       0xdc ./Core/Src/battery/battery_interface.o
                0x0000000008001254                battery_Task
 .text.battery_filterInit
                0x0000000008001330       0x58 ./Core/Src/battery/battery_interface.o
 .text.battery_calcPerc
                0x0000000008001388       0xb4 ./Core/Src/battery/battery_interface.o
                0x0000000008001388                battery_calcPerc
 .text.analog_map
                0x000000000800143c       0x38 ./Core/Src/battery/battery_interface.o
 .text.cfg_NodeBatVarProp
                0x0000000008001474       0xb0 ./Core/Src/battery/battery_interface.o
                0x0000000008001474                cfg_NodeBatVarProp
 .text.cfg_NodeBatVarGet
                0x0000000008001524       0x68 ./Core/Src/battery/battery_interface.o
                0x0000000008001524                cfg_NodeBatVarGet
 .text.cfg_NodeBatVarSet
                0x000000000800158c       0x44 ./Core/Src/battery/battery_interface.o
                0x000000000800158c                cfg_NodeBatVarSet
 .text.cfg_GetNodeName
                0x00000000080015d0       0xe0 ./Core/Src/configurator/cfg_interface.o
                0x00000000080015d0                cfg_GetNodeName
 .text.cfg_GetNode
                0x00000000080016b0       0x60 ./Core/Src/configurator/cfg_interface.o
                0x00000000080016b0                cfg_GetNode
 .text.cfg_NodeFwVarProp
                0x0000000008001710       0x7c ./Core/Src/configurator/cfg_interface.o
                0x0000000008001710                cfg_NodeFwVarProp
 .text.cfg_NodeFwVarGet
                0x000000000800178c       0x44 ./Core/Src/configurator/cfg_interface.o
                0x000000000800178c                cfg_NodeFwVarGet
 .text.cfg_NodeFwVarSet
                0x00000000080017d0       0x50 ./Core/Src/configurator/cfg_interface.o
                0x00000000080017d0                cfg_NodeFwVarSet
 .text.cfg_NodeMainVarProp
                0x0000000008001820       0xd4 ./Core/Src/configurator/cfg_interface.o
                0x0000000008001820                cfg_NodeMainVarProp
 .text.cfg_NodeMainVarGet
                0x00000000080018f4       0x70 ./Core/Src/configurator/cfg_interface.o
                0x00000000080018f4                cfg_NodeMainVarGet
 .text.cfg_NodeMainVarSet
                0x0000000008001964       0x80 ./Core/Src/configurator/cfg_interface.o
                0x0000000008001964                cfg_NodeMainVarSet
 .text.cfg_Timer
                0x00000000080019e4       0x6c ./Core/Src/configurator/cfg_interface.o
                0x00000000080019e4                cfg_Timer
 .text.cfg_InitTask
                0x0000000008001a50       0xc0 ./Core/Src/configurator/cfg_interface.o
                0x0000000008001a50                cfg_InitTask
 .text.cfg_Task
                0x0000000008001b10      0x830 ./Core/Src/configurator/cfg_interface.o
                0x0000000008001b10                cfg_Task
 .text.cfg_RcvData
                0x0000000008002340      0x2f8 ./Core/Src/configurator/cfg_interface.o
                0x0000000008002340                cfg_RcvData
 .text.cfg_ringBufRead16b
                0x0000000008002638       0x3c ./Core/Src/configurator/cfg_interface.o
                0x0000000008002638                cfg_ringBufRead16b
 .text.cfg_SaveSettings
                0x0000000008002674      0x250 ./Core/Src/configurator/cfg_interface.o
                0x0000000008002674                cfg_SaveSettings
 .text.cfg_LoadSettings
                0x00000000080028c4      0x15c ./Core/Src/configurator/cfg_interface.o
                0x00000000080028c4                cfg_LoadSettings
 .text.cfg_ClearFwBuf
                0x0000000008002a20       0x30 ./Core/Src/configurator/cfg_interface.o
                0x0000000008002a20                cfg_ClearFwBuf
 .text.cfg_WriteFwData
                0x0000000008002a50       0x4c ./Core/Src/configurator/cfg_interface.o
                0x0000000008002a50                cfg_WriteFwData
 .text.cfg_AddTxData
                0x0000000008002a9c       0xa4 ./Core/Src/configurator/cfg_interface.o
                0x0000000008002a9c                cfg_AddTxData
 .text.cfg_IntertTxData
                0x0000000008002b40      0x1d8 ./Core/Src/configurator/cfg_interface.o
                0x0000000008002b40                cfg_IntertTxData
 .text.cfg_RemTxData
                0x0000000008002d18      0x154 ./Core/Src/configurator/cfg_interface.o
                0x0000000008002d18                cfg_RemTxData
 .text.cfg_TxDataCh0
                0x0000000008002e6c       0x1c ./Core/Src/configurator/cfg_interface.o
                0x0000000008002e6c                cfg_TxDataCh0
 .text.crc16_calc
                0x0000000008002e88       0x54 ./Core/Src/crc/crc.o
                0x0000000008002e88                crc16_calc
 .text.crc16_RingBuf
                0x0000000008002edc       0x70 ./Core/Src/crc/crc.o
                0x0000000008002edc                crc16_RingBuf
 .text.crc32_calc
                0x0000000008002f4c       0x54 ./Core/Src/crc/crc.o
                0x0000000008002f4c                crc32_calc
 .text.main     0x0000000008002fa0       0x2e ./Core/Src/main.o
                0x0000000008002fa0                main
 *fill*         0x0000000008002fce        0x2 
 .text.SystemClock_Config
                0x0000000008002fd0       0xd0 ./Core/Src/main.o
                0x0000000008002fd0                SystemClock_Config
 .text.MX_ADC1_Init
                0x00000000080030a0       0xa4 ./Core/Src/main.o
 .text.MX_I2C1_Init
                0x0000000008003144       0x5c ./Core/Src/main.o
 .text.MX_TIM3_Init
                0x00000000080031a0       0xe0 ./Core/Src/main.o
 .text.MX_USART1_UART_Init
                0x0000000008003280       0x54 ./Core/Src/main.o
 .text.MX_USART2_UART_Init
                0x00000000080032d4       0x54 ./Core/Src/main.o
 .text.MX_GPIO_Init
                0x0000000008003328      0x138 ./Core/Src/main.o
 .text.MX_USART1_UART_Init115200
                0x0000000008003460       0x54 ./Core/Src/main.o
                0x0000000008003460                MX_USART1_UART_Init115200
 .text.HAL_UART_RxCpltCallback
                0x00000000080034b4       0x16 ./Core/Src/main.o
                0x00000000080034b4                HAL_UART_RxCpltCallback
 *fill*         0x00000000080034ca        0x2 
 .text.MX_UARTReInit
                0x00000000080034cc       0x18 ./Core/Src/main.o
                0x00000000080034cc                MX_UARTReInit
 .text.HAL_ADC_ConvCpltCallback
                0x00000000080034e4       0x16 ./Core/Src/main.o
                0x00000000080034e4                HAL_ADC_ConvCpltCallback
 *fill*         0x00000000080034fa        0x2 
 .text.HAL_TIM_PeriodElapsedCallback
                0x00000000080034fc       0x30 ./Core/Src/main.o
                0x00000000080034fc                HAL_TIM_PeriodElapsedCallback
 .text.Error_Handler
                0x000000000800352c        0xa ./Core/Src/main.o
                0x000000000800352c                Error_Handler
 *fill*         0x0000000008003536        0x2 
 .text.HAL_MspInit
                0x0000000008003538       0x50 ./Core/Src/stm32f4xx_hal_msp.o
                0x0000000008003538                HAL_MspInit
 .text.HAL_ADC_MspInit
                0x0000000008003588       0x98 ./Core/Src/stm32f4xx_hal_msp.o
                0x0000000008003588                HAL_ADC_MspInit
 .text.HAL_I2C_MspInit
                0x0000000008003620       0x90 ./Core/Src/stm32f4xx_hal_msp.o
                0x0000000008003620                HAL_I2C_MspInit
 .text.HAL_TIM_PWM_MspInit
                0x00000000080036b0       0x44 ./Core/Src/stm32f4xx_hal_msp.o
                0x00000000080036b0                HAL_TIM_PWM_MspInit
 .text.HAL_TIM_MspPostInit
                0x00000000080036f4       0x74 ./Core/Src/stm32f4xx_hal_msp.o
                0x00000000080036f4                HAL_TIM_MspPostInit
 .text.HAL_UART_MspInit
                0x0000000008003768      0x108 ./Core/Src/stm32f4xx_hal_msp.o
                0x0000000008003768                HAL_UART_MspInit
 .text.HAL_UART_MspDeInit
                0x0000000008003870       0x68 ./Core/Src/stm32f4xx_hal_msp.o
                0x0000000008003870                HAL_UART_MspDeInit
 .text.HAL_InitTick
                0x00000000080038d8       0xf8 ./Core/Src/stm32f4xx_hal_timebase_tim.o
                0x00000000080038d8                HAL_InitTick
 .text.NMI_Handler
                0x00000000080039d0        0x6 ./Core/Src/stm32f4xx_it.o
                0x00000000080039d0                NMI_Handler
 .text.HardFault_Handler
                0x00000000080039d6        0x6 ./Core/Src/stm32f4xx_it.o
                0x00000000080039d6                HardFault_Handler
 .text.MemManage_Handler
                0x00000000080039dc        0x6 ./Core/Src/stm32f4xx_it.o
                0x00000000080039dc                MemManage_Handler
 .text.BusFault_Handler
                0x00000000080039e2        0x6 ./Core/Src/stm32f4xx_it.o
                0x00000000080039e2                BusFault_Handler
 .text.UsageFault_Handler
                0x00000000080039e8        0x6 ./Core/Src/stm32f4xx_it.o
                0x00000000080039e8                UsageFault_Handler
 .text.SVC_Handler
                0x00000000080039ee        0xe ./Core/Src/stm32f4xx_it.o
                0x00000000080039ee                SVC_Handler
 .text.DebugMon_Handler
                0x00000000080039fc        0xe ./Core/Src/stm32f4xx_it.o
                0x00000000080039fc                DebugMon_Handler
 .text.PendSV_Handler
                0x0000000008003a0a        0xe ./Core/Src/stm32f4xx_it.o
                0x0000000008003a0a                PendSV_Handler
 .text.SysTick_Handler
                0x0000000008003a18        0xe ./Core/Src/stm32f4xx_it.o
                0x0000000008003a18                SysTick_Handler
 *fill*         0x0000000008003a26        0x2 
 .text.ADC_IRQHandler
                0x0000000008003a28       0x14 ./Core/Src/stm32f4xx_it.o
                0x0000000008003a28                ADC_IRQHandler
 .text.TIM4_IRQHandler
                0x0000000008003a3c       0x14 ./Core/Src/stm32f4xx_it.o
                0x0000000008003a3c                TIM4_IRQHandler
 .text.USART1_IRQHandler
                0x0000000008003a50       0x14 ./Core/Src/stm32f4xx_it.o
                0x0000000008003a50                USART1_IRQHandler
 .text.SystemInit
                0x0000000008003a64       0x24 ./Core/Src/system_stm32f4xx.o
                0x0000000008003a64                SystemInit
 .text.modem_Timer
                0x0000000008003a88       0x48 ./Core/Src/modem/modem_interface.o
                0x0000000008003a88                modem_Timer
 .text.modem_InitTask
                0x0000000008003ad0       0x44 ./Core/Src/modem/modem_interface.o
                0x0000000008003ad0                modem_InitTask
 .text.modem_Task
                0x0000000008003b14      0x234 ./Core/Src/modem/modem_interface.o
                0x0000000008003b14                modem_Task
 .text.modem_RcvData
                0x0000000008003d48      0x1a4 ./Core/Src/modem/modem_interface.o
                0x0000000008003d48                modem_RcvData
 .text.modem_TrmData
                0x0000000008003eec       0x80 ./Core/Src/modem/modem_interface.o
                0x0000000008003eec                modem_TrmData
 .text.modem_ringBufRead16b
                0x0000000008003f6c       0x3e ./Core/Src/modem/modem_interface.o
                0x0000000008003f6c                modem_ringBufRead16b
 *fill*         0x0000000008003faa        0x2 
 .text.modem_AddTxData
                0x0000000008003fac       0x50 ./Core/Src/modem/modem_interface.o
                0x0000000008003fac                modem_AddTxData
 .text.modem_RemTxData
                0x0000000008003ffc       0x74 ./Core/Src/modem/modem_interface.o
                0x0000000008003ffc                modem_RemTxData
 .text.motor_Timer
                0x0000000008004070       0x54 ./Core/Src/motor/motor_interface.o
                0x0000000008004070                motor_Timer
 .text.motor_InitTask
                0x00000000080040c4       0x98 ./Core/Src/motor/motor_interface.o
                0x00000000080040c4                motor_InitTask
 .text.motor_Task
                0x000000000800415c        0xe ./Core/Src/motor/motor_interface.o
                0x000000000800415c                motor_Task
 *fill*         0x000000000800416a        0x2 
 .text.motor_setEnable
                0x000000000800416c      0x23c ./Core/Src/motor/motor_interface.o
                0x000000000800416c                motor_setEnable
 .text.motor_setTorque
                0x00000000080043a8      0x1dc ./Core/Src/motor/motor_interface.o
                0x00000000080043a8                motor_setTorque
 .text.motor_map
                0x0000000008004584       0x38 ./Core/Src/motor/motor_interface.o
                0x0000000008004584                motor_map
 .text.cfg_NodeMotorVarProp
                0x00000000080045bc      0x108 ./Core/Src/motor/motor_interface.o
                0x00000000080045bc                cfg_NodeMotorVarProp
 .text.cfg_NodeMotorVarGet
                0x00000000080046c4       0xa4 ./Core/Src/motor/motor_interface.o
                0x00000000080046c4                cfg_NodeMotorVarGet
 .text.cfg_NodeMotorVarSet
                0x0000000008004768       0x94 ./Core/Src/motor/motor_interface.o
                0x0000000008004768                cfg_NodeMotorVarSet
 .text.rc_Timer
                0x00000000080047fc       0x48 ./Core/Src/rc/rc_interface.o
                0x00000000080047fc                rc_Timer
 .text.rc_InitTask
                0x0000000008004844       0x50 ./Core/Src/rc/rc_interface.o
                0x0000000008004844                rc_InitTask
 .text.rc_Task  0x0000000008004894      0x168 ./Core/Src/rc/rc_interface.o
                0x0000000008004894                rc_Task
 .text.rc_RcvData
                0x00000000080049fc      0x154 ./Core/Src/rc/rc_interface.o
                0x00000000080049fc                rc_RcvData
 .text.rc_ringBufRead16b
                0x0000000008004b50       0x3e ./Core/Src/rc/rc_interface.o
                0x0000000008004b50                rc_ringBufRead16b
 *fill*         0x0000000008004b8e        0x2 
 .text.rc_AddTxData
                0x0000000008004b90       0x48 ./Core/Src/rc/rc_interface.o
                0x0000000008004b90                rc_AddTxData
 .text.cfg_NodeRcVarProp
                0x0000000008004bd8      0x170 ./Core/Src/rc/rc_interface.o
                0x0000000008004bd8                cfg_NodeRcVarProp
 .text.cfg_NodeRcVarGet
                0x0000000008004d48       0xfc ./Core/Src/rc/rc_interface.o
                0x0000000008004d48                cfg_NodeRcVarGet
 .text.cfg_NodeRcVarSet
                0x0000000008004e44       0x90 ./Core/Src/rc/rc_interface.o
                0x0000000008004e44                cfg_NodeRcVarSet
 .text.servo_Timer
                0x0000000008004ed4       0x50 ./Core/Src/servo/servo_interface.o
                0x0000000008004ed4                servo_Timer
 .text.servo_InitTask
                0x0000000008004f24      0x104 ./Core/Src/servo/servo_interface.o
                0x0000000008004f24                servo_InitTask
 .text.servo_Task
                0x0000000008005028        0xe ./Core/Src/servo/servo_interface.o
                0x0000000008005028                servo_Task
 .text.servo_angToPWM
                0x0000000008005036       0x28 ./Core/Src/servo/servo_interface.o
                0x0000000008005036                servo_angToPWM
 *fill*         0x000000000800505e        0x2 
 .text.servo_setAng
                0x0000000008005060      0x168 ./Core/Src/servo/servo_interface.o
                0x0000000008005060                servo_setAng
 .text.servo_setPercnet
                0x00000000080051c8       0xd0 ./Core/Src/servo/servo_interface.o
                0x00000000080051c8                servo_setPercnet
 .text.servo_setEnable
                0x0000000008005298      0x1ec ./Core/Src/servo/servo_interface.o
                0x0000000008005298                servo_setEnable
 .text.servo_map
                0x0000000008005484       0x38 ./Core/Src/servo/servo_interface.o
                0x0000000008005484                servo_map
 .text.cfg_NodeServoVarProp
                0x00000000080054bc      0x1d8 ./Core/Src/servo/servo_interface.o
                0x00000000080054bc                cfg_NodeServoVarProp
 .text.cfg_NodeServoVarGet
                0x0000000008005694      0x13c ./Core/Src/servo/servo_interface.o
                0x0000000008005694                cfg_NodeServoVarGet
 .text.cfg_NodeServoVarSet
                0x00000000080057d0      0x118 ./Core/Src/servo/servo_interface.o
                0x00000000080057d0                cfg_NodeServoVarSet
 .text.system_Timer
                0x00000000080058e8       0x84 ./Core/Src/system/system.o
                0x00000000080058e8                system_Timer
 .text.system_Init
                0x000000000800596c       0x50 ./Core/Src/system/system.o
                0x000000000800596c                system_Init
 .text.system_Task
                0x00000000080059bc       0xb4 ./Core/Src/system/system.o
                0x00000000080059bc                system_Task
 .text.system_UARTmodemSet115200
                0x0000000008005a70       0x2c ./Core/Src/system/system.o
                0x0000000008005a70                system_UARTmodemSet115200
 .text.system_ModemRxCallback
                0x0000000008005a9c       0x6c ./Core/Src/system/system.o
                0x0000000008005a9c                system_ModemRxCallback
 .text.system_ADC_ConvCpltCallback
                0x0000000008005b08       0x6c ./Core/Src/system/system.o
                0x0000000008005b08                system_ADC_ConvCpltCallback
 .text.system_UART_RxCpltCallback
                0x0000000008005b74       0x48 ./Core/Src/system/system.o
                0x0000000008005b74                system_UART_RxCpltCallback
 .text.Reset_Handler
                0x0000000008005bbc       0x50 ./Core/Startup/startup_stm32f411ceux.o
                0x0000000008005bbc                Reset_Handler
 .text.Default_Handler
                0x0000000008005c0c        0x2 ./Core/Startup/startup_stm32f411ceux.o
                0x0000000008005c0c                RTC_Alarm_IRQHandler
                0x0000000008005c0c                EXTI2_IRQHandler
                0x0000000008005c0c                SPI4_IRQHandler
                0x0000000008005c0c                TIM1_CC_IRQHandler
                0x0000000008005c0c                DMA2_Stream5_IRQHandler
                0x0000000008005c0c                DMA1_Stream5_IRQHandler
                0x0000000008005c0c                PVD_IRQHandler
                0x0000000008005c0c                SDIO_IRQHandler
                0x0000000008005c0c                TAMP_STAMP_IRQHandler
                0x0000000008005c0c                EXTI3_IRQHandler
                0x0000000008005c0c                TIM1_UP_TIM10_IRQHandler
                0x0000000008005c0c                I2C3_ER_IRQHandler
                0x0000000008005c0c                EXTI0_IRQHandler
                0x0000000008005c0c                I2C2_EV_IRQHandler
                0x0000000008005c0c                DMA1_Stream2_IRQHandler
                0x0000000008005c0c                FPU_IRQHandler
                0x0000000008005c0c                DMA2_Stream2_IRQHandler
                0x0000000008005c0c                SPI1_IRQHandler
                0x0000000008005c0c                TIM1_BRK_TIM9_IRQHandler
                0x0000000008005c0c                DMA2_Stream3_IRQHandler
                0x0000000008005c0c                USART6_IRQHandler
                0x0000000008005c0c                DMA2_Stream0_IRQHandler
                0x0000000008005c0c                I2C1_EV_IRQHandler
                0x0000000008005c0c                DMA1_Stream6_IRQHandler
                0x0000000008005c0c                DMA1_Stream1_IRQHandler
                0x0000000008005c0c                TIM3_IRQHandler
                0x0000000008005c0c                RCC_IRQHandler
                0x0000000008005c0c                Default_Handler
                0x0000000008005c0c                EXTI15_10_IRQHandler
                0x0000000008005c0c                DMA1_Stream7_IRQHandler
                0x0000000008005c0c                SPI5_IRQHandler
                0x0000000008005c0c                TIM5_IRQHandler
                0x0000000008005c0c                DMA2_Stream7_IRQHandler
                0x0000000008005c0c                I2C3_EV_IRQHandler
                0x0000000008005c0c                EXTI9_5_IRQHandler
                0x0000000008005c0c                RTC_WKUP_IRQHandler
                0x0000000008005c0c                SPI2_IRQHandler
                0x0000000008005c0c                DMA1_Stream0_IRQHandler
                0x0000000008005c0c                EXTI4_IRQHandler
                0x0000000008005c0c                WWDG_IRQHandler
                0x0000000008005c0c                TIM2_IRQHandler
                0x0000000008005c0c                OTG_FS_WKUP_IRQHandler
                0x0000000008005c0c                TIM1_TRG_COM_TIM11_IRQHandler
                0x0000000008005c0c                EXTI1_IRQHandler
                0x0000000008005c0c                USART2_IRQHandler
                0x0000000008005c0c                I2C2_ER_IRQHandler
                0x0000000008005c0c                DMA2_Stream1_IRQHandler
                0x0000000008005c0c                FLASH_IRQHandler
                0x0000000008005c0c                DMA2_Stream4_IRQHandler
                0x0000000008005c0c                OTG_FS_IRQHandler
                0x0000000008005c0c                SPI3_IRQHandler
                0x0000000008005c0c                DMA1_Stream4_IRQHandler
                0x0000000008005c0c                I2C1_ER_IRQHandler
                0x0000000008005c0c                DMA2_Stream6_IRQHandler
                0x0000000008005c0c                DMA1_Stream3_IRQHandler
 *fill*         0x0000000008005c0e        0x2 
 .text.HAL_Init
                0x0000000008005c10       0x44 ./Drivers/STM32F4xx_HAL_Driver/Src/stm32f4xx_hal.o
                0x0000000008005c10                HAL_Init
 .text.HAL_IncTick
                0x0000000008005c54       0x28 ./Drivers/STM32F4xx_HAL_Driver/Src/stm32f4xx_hal.o
                0x0000000008005c54                HAL_IncTick
 .text.HAL_GetTick
                0x0000000008005c7c       0x18 ./Drivers/STM32F4xx_HAL_Driver/Src/stm32f4xx_hal.o
                0x0000000008005c7c                HAL_GetTick
 .text.HAL_ADC_Init
                0x0000000008005c94       0x86 ./Drivers/STM32F4xx_HAL_Driver/Src/stm32f4xx_hal_adc.o
                0x0000000008005c94                HAL_ADC_Init
 *fill*         0x0000000008005d1a        0x2 
 .text.HAL_ADC_Start_IT
                0x0000000008005d1c      0x17c ./Drivers/STM32F4xx_HAL_Driver/Src/stm32f4xx_hal_adc.o
                0x0000000008005d1c                HAL_ADC_Start_IT
 .text.HAL_ADC_IRQHandler
                0x0000000008005e98      0x220 ./Drivers/STM32F4xx_HAL_Driver/Src/stm32f4xx_hal_adc.o
                0x0000000008005e98                HAL_ADC_IRQHandler
 .text.HAL_ADC_GetValue
                0x00000000080060b8       0x1a ./Drivers/STM32F4xx_HAL_Driver/Src/stm32f4xx_hal_adc.o
                0x00000000080060b8                HAL_ADC_GetValue
 .text.HAL_ADC_LevelOutOfWindowCallback
                0x00000000080060d2       0x14 ./Drivers/STM32F4xx_HAL_Driver/Src/stm32f4xx_hal_adc.o
                0x00000000080060d2                HAL_ADC_LevelOutOfWindowCallback
 .text.HAL_ADC_ErrorCallback
                0x00000000080060e6       0x14 ./Drivers/STM32F4xx_HAL_Driver/Src/stm32f4xx_hal_adc.o
                0x00000000080060e6                HAL_ADC_ErrorCallback
 *fill*         0x00000000080060fa        0x2 
 .text.HAL_ADC_ConfigChannel
                0x00000000080060fc      0x264 ./Drivers/STM32F4xx_HAL_Driver/Src/stm32f4xx_hal_adc.o
                0x00000000080060fc                HAL_ADC_ConfigChannel
 .text.ADC_Init
                0x0000000008006360      0x1f8 ./Drivers/STM32F4xx_HAL_Driver/Src/stm32f4xx_hal_adc.o
 .text.HAL_ADCEx_InjectedConvCpltCallback
                0x0000000008006558       0x14 ./Drivers/STM32F4xx_HAL_Driver/Src/stm32f4xx_hal_adc_ex.o
                0x0000000008006558                HAL_ADCEx_InjectedConvCpltCallback
 .text.__NVIC_SetPriorityGrouping
                0x000000000800656c       0x48 ./Drivers/STM32F4xx_HAL_Driver/Src/stm32f4xx_hal_cortex.o
 .text.__NVIC_GetPriorityGrouping
                0x00000000080065b4       0x1c ./Drivers/STM32F4xx_HAL_Driver/Src/stm32f4xx_hal_cortex.o
 .text.__NVIC_EnableIRQ
                0x00000000080065d0       0x3c ./Drivers/STM32F4xx_HAL_Driver/Src/stm32f4xx_hal_cortex.o
 .text.__NVIC_DisableIRQ
                0x000000000800660c       0x48 ./Drivers/STM32F4xx_HAL_Driver/Src/stm32f4xx_hal_cortex.o
 .text.__NVIC_SetPriority
                0x0000000008006654       0x54 ./Drivers/STM32F4xx_HAL_Driver/Src/stm32f4xx_hal_cortex.o
 .text.NVIC_EncodePriority
                0x00000000080066a8       0x66 ./Drivers/STM32F4xx_HAL_Driver/Src/stm32f4xx_hal_cortex.o
 .text.HAL_NVIC_SetPriorityGrouping
                0x000000000800670e       0x16 ./Drivers/STM32F4xx_HAL_Driver/Src/stm32f4xx_hal_cortex.o
                0x000000000800670e                HAL_NVIC_SetPriorityGrouping
 .text.HAL_NVIC_SetPriority
                0x0000000008006724       0x38 ./Drivers/STM32F4xx_HAL_Driver/Src/stm32f4xx_hal_cortex.o
                0x0000000008006724                HAL_NVIC_SetPriority
 .text.HAL_NVIC_EnableIRQ
                0x000000000800675c       0x1c ./Drivers/STM32F4xx_HAL_Driver/Src/stm32f4xx_hal_cortex.o
                0x000000000800675c                HAL_NVIC_EnableIRQ
 .text.HAL_NVIC_DisableIRQ
                0x0000000008006778       0x1c ./Drivers/STM32F4xx_HAL_Driver/Src/stm32f4xx_hal_cortex.o
                0x0000000008006778                HAL_NVIC_DisableIRQ
 .text.HAL_DMA_Abort
                0x0000000008006794       0xe0 ./Drivers/STM32F4xx_HAL_Driver/Src/stm32f4xx_hal_dma.o
                0x0000000008006794                HAL_DMA_Abort
 .text.HAL_DMA_Abort_IT
                0x0000000008006874       0x44 ./Drivers/STM32F4xx_HAL_Driver/Src/stm32f4xx_hal_dma.o
                0x0000000008006874                HAL_DMA_Abort_IT
 .text.HAL_FLASH_Program
                0x00000000080068b8       0xa8 ./Drivers/STM32F4xx_HAL_Driver/Src/stm32f4xx_hal_flash.o
                0x00000000080068b8                HAL_FLASH_Program
 .text.HAL_FLASH_Unlock
                0x0000000008006960       0x44 ./Drivers/STM32F4xx_HAL_Driver/Src/stm32f4xx_hal_flash.o
                0x0000000008006960                HAL_FLASH_Unlock
 .text.HAL_FLASH_Lock
                0x00000000080069a4       0x20 ./Drivers/STM32F4xx_HAL_Driver/Src/stm32f4xx_hal_flash.o
                0x00000000080069a4                HAL_FLASH_Lock
 .text.FLASH_WaitForLastOperation
                0x00000000080069c4       0x80 ./Drivers/STM32F4xx_HAL_Driver/Src/stm32f4xx_hal_flash.o
                0x00000000080069c4                FLASH_WaitForLastOperation
 .text.FLASH_Program_DoubleWord
                0x0000000008006a44       0x64 ./Drivers/STM32F4xx_HAL_Driver/Src/stm32f4xx_hal_flash.o
 .text.FLASH_Program_Word
                0x0000000008006aa8       0x44 ./Drivers/STM32F4xx_HAL_Driver/Src/stm32f4xx_hal_flash.o
 .text.FLASH_Program_HalfWord
                0x0000000008006aec       0x48 ./Drivers/STM32F4xx_HAL_Driver/Src/stm32f4xx_hal_flash.o
 .text.FLASH_Program_Byte
                0x0000000008006b34       0x44 ./Drivers/STM32F4xx_HAL_Driver/Src/stm32f4xx_hal_flash.o
 .text.FLASH_SetErrorCode
                0x0000000008006b78       0xcc ./Drivers/STM32F4xx_HAL_Driver/Src/stm32f4xx_hal_flash.o
 .text.FLASH_Erase_Sector
                0x0000000008006c44       0x90 ./Drivers/STM32F4xx_HAL_Driver/Src/stm32f4xx_hal_flash_ex.o
                0x0000000008006c44                FLASH_Erase_Sector
 .text.HAL_GPIO_Init
                0x0000000008006cd4      0x308 ./Drivers/STM32F4xx_HAL_Driver/Src/stm32f4xx_hal_gpio.o
                0x0000000008006cd4                HAL_GPIO_Init
 .text.HAL_GPIO_DeInit
                0x0000000008006fdc      0x1c8 ./Drivers/STM32F4xx_HAL_Driver/Src/stm32f4xx_hal_gpio.o
                0x0000000008006fdc                HAL_GPIO_DeInit
 .text.HAL_GPIO_ReadPin
                0x00000000080071a4       0x30 ./Drivers/STM32F4xx_HAL_Driver/Src/stm32f4xx_hal_gpio.o
                0x00000000080071a4                HAL_GPIO_ReadPin
 .text.HAL_GPIO_WritePin
                0x00000000080071d4       0x32 ./Drivers/STM32F4xx_HAL_Driver/Src/stm32f4xx_hal_gpio.o
                0x00000000080071d4                HAL_GPIO_WritePin
 *fill*         0x0000000008007206        0x2 
 .text.HAL_I2C_Init
                0x0000000008007208      0x288 ./Drivers/STM32F4xx_HAL_Driver/Src/stm32f4xx_hal_i2c.o
                0x0000000008007208                HAL_I2C_Init
 .text.HAL_RCC_OscConfig
                0x0000000008007490      0x4f0 ./Drivers/STM32F4xx_HAL_Driver/Src/stm32f4xx_hal_rcc.o
                0x0000000008007490                HAL_RCC_OscConfig
 .text.HAL_RCC_ClockConfig
                0x0000000008007980      0x1cc ./Drivers/STM32F4xx_HAL_Driver/Src/stm32f4xx_hal_rcc.o
                0x0000000008007980                HAL_RCC_ClockConfig
 .text.HAL_RCC_GetSysClockFreq
                0x0000000008007b4c      0x18c ./Drivers/STM32F4xx_HAL_Driver/Src/stm32f4xx_hal_rcc.o
                0x0000000008007b4c                HAL_RCC_GetSysClockFreq
 .text.HAL_RCC_GetHCLKFreq
                0x0000000008007cd8       0x18 ./Drivers/STM32F4xx_HAL_Driver/Src/stm32f4xx_hal_rcc.o
                0x0000000008007cd8                HAL_RCC_GetHCLKFreq
 .text.HAL_RCC_GetPCLK1Freq
                0x0000000008007cf0       0x28 ./Drivers/STM32F4xx_HAL_Driver/Src/stm32f4xx_hal_rcc.o
                0x0000000008007cf0                HAL_RCC_GetPCLK1Freq
 .text.HAL_RCC_GetPCLK2Freq
                0x0000000008007d18       0x28 ./Drivers/STM32F4xx_HAL_Driver/Src/stm32f4xx_hal_rcc.o
                0x0000000008007d18                HAL_RCC_GetPCLK2Freq
 .text.HAL_RCC_GetClockConfig
                0x0000000008007d40       0x64 ./Drivers/STM32F4xx_HAL_Driver/Src/stm32f4xx_hal_rcc.o
                0x0000000008007d40                HAL_RCC_GetClockConfig
 .text.HAL_TIM_Base_Init
                0x0000000008007da4       0x9e ./Drivers/STM32F4xx_HAL_Driver/Src/stm32f4xx_hal_tim.o
                0x0000000008007da4                HAL_TIM_Base_Init
 .text.HAL_TIM_Base_MspInit
                0x0000000008007e42       0x14 ./Drivers/STM32F4xx_HAL_Driver/Src/stm32f4xx_hal_tim.o
                0x0000000008007e42                HAL_TIM_Base_MspInit
 *fill*         0x0000000008007e56        0x2 
 .text.HAL_TIM_Base_Start_IT
                0x0000000008007e58       0xc4 ./Drivers/STM32F4xx_HAL_Driver/Src/stm32f4xx_hal_tim.o
                0x0000000008007e58                HAL_TIM_Base_Start_IT
 .text.HAL_TIM_PWM_Init
                0x0000000008007f1c       0x9e ./Drivers/STM32F4xx_HAL_Driver/Src/stm32f4xx_hal_tim.o
                0x0000000008007f1c                HAL_TIM_PWM_Init
 *fill*         0x0000000008007fba        0x2 
 .text.HAL_TIM_PWM_Start
                0x0000000008007fbc      0x160 ./Drivers/STM32F4xx_HAL_Driver/Src/stm32f4xx_hal_tim.o
                0x0000000008007fbc                HAL_TIM_PWM_Start
 .text.HAL_TIM_IRQHandler
                0x000000000800811c      0x210 ./Drivers/STM32F4xx_HAL_Driver/Src/stm32f4xx_hal_tim.o
                0x000000000800811c                HAL_TIM_IRQHandler
 .text.HAL_TIM_PWM_ConfigChannel
                0x000000000800832c      0x184 ./Drivers/STM32F4xx_HAL_Driver/Src/stm32f4xx_hal_tim.o
                0x000000000800832c                HAL_TIM_PWM_ConfigChannel
 .text.HAL_TIM_OC_DelayElapsedCallback
                0x00000000080084b0       0x14 ./Drivers/STM32F4xx_HAL_Driver/Src/stm32f4xx_hal_tim.o
                0x00000000080084b0                HAL_TIM_OC_DelayElapsedCallback
 .text.HAL_TIM_IC_CaptureCallback
                0x00000000080084c4       0x14 ./Drivers/STM32F4xx_HAL_Driver/Src/stm32f4xx_hal_tim.o
                0x00000000080084c4                HAL_TIM_IC_CaptureCallback
 .text.HAL_TIM_PWM_PulseFinishedCallback
                0x00000000080084d8       0x14 ./Drivers/STM32F4xx_HAL_Driver/Src/stm32f4xx_hal_tim.o
                0x00000000080084d8                HAL_TIM_PWM_PulseFinishedCallback
 .text.HAL_TIM_TriggerCallback
                0x00000000080084ec       0x14 ./Drivers/STM32F4xx_HAL_Driver/Src/stm32f4xx_hal_tim.o
                0x00000000080084ec                HAL_TIM_TriggerCallback
 .text.TIM_Base_SetConfig
                0x0000000008008500      0x100 ./Drivers/STM32F4xx_HAL_Driver/Src/stm32f4xx_hal_tim.o
                0x0000000008008500                TIM_Base_SetConfig
 .text.TIM_OC1_SetConfig
                0x0000000008008600       0xcc ./Drivers/STM32F4xx_HAL_Driver/Src/stm32f4xx_hal_tim.o
 .text.TIM_OC2_SetConfig
                0x00000000080086cc       0xd8 ./Drivers/STM32F4xx_HAL_Driver/Src/stm32f4xx_hal_tim.o
                0x00000000080086cc                TIM_OC2_SetConfig
 .text.TIM_OC3_SetConfig
                0x00000000080087a4       0xd4 ./Drivers/STM32F4xx_HAL_Driver/Src/stm32f4xx_hal_tim.o
 .text.TIM_OC4_SetConfig
                0x0000000008008878       0xa0 ./Drivers/STM32F4xx_HAL_Driver/Src/stm32f4xx_hal_tim.o
 .text.TIM_CCxChannelCmd
                0x0000000008008918       0x4a ./Drivers/STM32F4xx_HAL_Driver/Src/stm32f4xx_hal_tim.o
                0x0000000008008918                TIM_CCxChannelCmd
 *fill*         0x0000000008008962        0x2 
 .text.HAL_TIMEx_MasterConfigSynchronization
                0x0000000008008964       0xdc ./Drivers/STM32F4xx_HAL_Driver/Src/stm32f4xx_hal_tim_ex.o
                0x0000000008008964                HAL_TIMEx_MasterConfigSynchronization
 .text.HAL_TIMEx_CommutCallback
                0x0000000008008a40       0x14 ./Drivers/STM32F4xx_HAL_Driver/Src/stm32f4xx_hal_tim_ex.o
                0x0000000008008a40                HAL_TIMEx_CommutCallback
 .text.HAL_TIMEx_BreakCallback
                0x0000000008008a54       0x14 ./Drivers/STM32F4xx_HAL_Driver/Src/stm32f4xx_hal_tim_ex.o
                0x0000000008008a54                HAL_TIMEx_BreakCallback
 .text.HAL_UART_Init
                0x0000000008008a68       0x9a ./Drivers/STM32F4xx_HAL_Driver/Src/stm32f4xx_hal_uart.o
                0x0000000008008a68                HAL_UART_Init
 .text.HAL_UART_DeInit
                0x0000000008008b02       0x5e ./Drivers/STM32F4xx_HAL_Driver/Src/stm32f4xx_hal_uart.o
                0x0000000008008b02                HAL_UART_DeInit
 .text.HAL_UART_Transmit
                0x0000000008008b60      0x124 ./Drivers/STM32F4xx_HAL_Driver/Src/stm32f4xx_hal_uart.o
                0x0000000008008b60                HAL_UART_Transmit
 .text.HAL_UART_Receive_IT
                0x0000000008008c84       0x60 ./Drivers/STM32F4xx_HAL_Driver/Src/stm32f4xx_hal_uart.o
                0x0000000008008c84                HAL_UART_Receive_IT
 .text.HAL_UART_Abort_IT
                0x0000000008008ce4      0x228 ./Drivers/STM32F4xx_HAL_Driver/Src/stm32f4xx_hal_uart.o
                0x0000000008008ce4                HAL_UART_Abort_IT
 .text.HAL_UART_IRQHandler
                0x0000000008008f0c      0x51c ./Drivers/STM32F4xx_HAL_Driver/Src/stm32f4xx_hal_uart.o
                0x0000000008008f0c                HAL_UART_IRQHandler
 .text.HAL_UART_TxCpltCallback
                0x0000000008009428       0x14 ./Drivers/STM32F4xx_HAL_Driver/Src/stm32f4xx_hal_uart.o
                0x0000000008009428                HAL_UART_TxCpltCallback
 .text.HAL_UART_ErrorCallback
                0x000000000800943c       0x14 ./Drivers/STM32F4xx_HAL_Driver/Src/stm32f4xx_hal_uart.o
                0x000000000800943c                HAL_UART_ErrorCallback
 .text.HAL_UART_AbortCpltCallback
                0x0000000008009450       0x14 ./Drivers/STM32F4xx_HAL_Driver/Src/stm32f4xx_hal_uart.o
                0x0000000008009450                HAL_UART_AbortCpltCallback
 .text.HAL_UARTEx_RxEventCallback
                0x0000000008009464       0x18 ./Drivers/STM32F4xx_HAL_Driver/Src/stm32f4xx_hal_uart.o
                0x0000000008009464                HAL_UARTEx_RxEventCallback
 .text.UART_WaitOnFlagUntilTimeout
                0x000000000800947c       0xdc ./Drivers/STM32F4xx_HAL_Driver/Src/stm32f4xx_hal_uart.o
 .text.UART_Start_Receive_IT
                0x0000000008009558       0x7c ./Drivers/STM32F4xx_HAL_Driver/Src/stm32f4xx_hal_uart.o
                0x0000000008009558                UART_Start_Receive_IT
 .text.UART_EndRxTransfer
                0x00000000080095d4       0xc6 ./Drivers/STM32F4xx_HAL_Driver/Src/stm32f4xx_hal_uart.o
 .text.UART_DMAAbortOnError
                0x000000000800969a       0x28 ./Drivers/STM32F4xx_HAL_Driver/Src/stm32f4xx_hal_uart.o
 .text.UART_DMATxAbortCallback
                0x00000000080096c2       0x60 ./Drivers/STM32F4xx_HAL_Driver/Src/stm32f4xx_hal_uart.o
 .text.UART_DMARxAbortCallback
                0x0000000008009722       0x60 ./Drivers/STM32F4xx_HAL_Driver/Src/stm32f4xx_hal_uart.o
 .text.UART_Transmit_IT
                0x0000000008009782       0xa0 ./Drivers/STM32F4xx_HAL_Driver/Src/stm32f4xx_hal_uart.o
 .text.UART_EndTransmit_IT
                0x0000000008009822       0x30 ./Drivers/STM32F4xx_HAL_Driver/Src/stm32f4xx_hal_uart.o
 .text.UART_Receive_IT
                0x0000000008009852      0x176 ./Drivers/STM32F4xx_HAL_Driver/Src/stm32f4xx_hal_uart.o
 .text.UART_SetConfig
                0x00000000080099c8      0x4e8 ./Drivers/STM32F4xx_HAL_Driver/Src/stm32f4xx_hal_uart.o
 .text.__libc_init_array
                0x0000000008009eb0       0x48 c:/st/stm32cubeide_1.10.1/stm32cubeide/plugins/com.st.stm32cube.ide.mcu.externaltools.gnu-tools-for-stm32.10.3-2021.10.win32_1.0.200.202301161003/tools/bin/../lib/gcc/arm-none-eabi/10.3.1/../../../../arm-none-eabi/lib/thumb/v7e-m+fp/hard\libc_nano.a(lib_a-init.o)
                0x0000000008009eb0                __libc_init_array
 .text.memcpy   0x0000000008009ef8       0x1c c:/st/stm32cubeide_1.10.1/stm32cubeide/plugins/com.st.stm32cube.ide.mcu.externaltools.gnu-tools-for-stm32.10.3-2021.10.win32_1.0.200.202301161003/tools/bin/../lib/gcc/arm-none-eabi/10.3.1/../../../../arm-none-eabi/lib/thumb/v7e-m+fp/hard\libc_nano.a(lib_a-memcpy-stub.o)
                0x0000000008009ef8                memcpy
 .text.memset   0x0000000008009f14       0x10 c:/st/stm32cubeide_1.10.1/stm32cubeide/plugins/com.st.stm32cube.ide.mcu.externaltools.gnu-tools-for-stm32.10.3-2021.10.win32_1.0.200.202301161003/tools/bin/../lib/gcc/arm-none-eabi/10.3.1/../../../../arm-none-eabi/lib/thumb/v7e-m+fp/hard\libc_nano.a(lib_a-memset.o)
                0x0000000008009f14                memset
 *(.glue_7)
 .glue_7        0x0000000008009f24        0x0 linker stubs
 *(.glue_7t)
 .glue_7t       0x0000000008009f24        0x0 linker stubs
 *(.eh_frame)
 .eh_frame      0x0000000008009f24        0x0 c:/st/stm32cubeide_1.10.1/stm32cubeide/plugins/com.st.stm32cube.ide.mcu.externaltools.gnu-tools-for-stm32.10.3-2021.10.win32_1.0.200.202301161003/tools/bin/../lib/gcc/arm-none-eabi/10.3.1/thumb/v7e-m+fp/hard/crtbegin.o
 *(.init)
 .init          0x0000000008009f24        0x4 c:/st/stm32cubeide_1.10.1/stm32cubeide/plugins/com.st.stm32cube.ide.mcu.externaltools.gnu-tools-for-stm32.10.3-2021.10.win32_1.0.200.202301161003/tools/bin/../lib/gcc/arm-none-eabi/10.3.1/thumb/v7e-m+fp/hard/crti.o
                0x0000000008009f24                _init
 .init          0x0000000008009f28        0x8 c:/st/stm32cubeide_1.10.1/stm32cubeide/plugins/com.st.stm32cube.ide.mcu.externaltools.gnu-tools-for-stm32.10.3-2021.10.win32_1.0.200.202301161003/tools/bin/../lib/gcc/arm-none-eabi/10.3.1/thumb/v7e-m+fp/hard/crtn.o
 *(.fini)
 .fini          0x0000000008009f30        0x4 c:/st/stm32cubeide_1.10.1/stm32cubeide/plugins/com.st.stm32cube.ide.mcu.externaltools.gnu-tools-for-stm32.10.3-2021.10.win32_1.0.200.202301161003/tools/bin/../lib/gcc/arm-none-eabi/10.3.1/thumb/v7e-m+fp/hard/crti.o
                0x0000000008009f30                _fini
 .fini          0x0000000008009f34        0x8 c:/st/stm32cubeide_1.10.1/stm32cubeide/plugins/com.st.stm32cube.ide.mcu.externaltools.gnu-tools-for-stm32.10.3-2021.10.win32_1.0.200.202301161003/tools/bin/../lib/gcc/arm-none-eabi/10.3.1/thumb/v7e-m+fp/hard/crtn.o
 *fill*         0x0000000008009f3c        0x4 
 .fini.__stub   0x0000000008009f40        0x8 linker stubs
                0x0000000008009f48                . = ALIGN (0x4)
                0x0000000008009f48                _etext = .

.vfp11_veneer   0x0000000008009f48        0x0
 .vfp11_veneer  0x0000000008009f48        0x0 linker stubs

.v4_bx          0x0000000008009f48        0x0
 .v4_bx         0x0000000008009f48        0x0 linker stubs

.iplt           0x0000000008009f48        0x0
 .iplt          0x0000000008009f48        0x0 c:/st/stm32cubeide_1.10.1/stm32cubeide/plugins/com.st.stm32cube.ide.mcu.externaltools.gnu-tools-for-stm32.10.3-2021.10.win32_1.0.200.202301161003/tools/bin/../lib/gcc/arm-none-eabi/10.3.1/thumb/v7e-m+fp/hard/crtbegin.o

.rodata         0x0000000008009f48      0x8d8
                0x0000000008009f48                . = ALIGN (0x4)
 *(.rodata)
 .rodata        0x0000000008009f48        0xe ./Core/Src/autopilot/autopilot.o
 *fill*         0x0000000008009f56        0x2 
 .rodata        0x0000000008009f58       0x27 ./Core/Src/battery/battery_interface.o
 *fill*         0x0000000008009f7f        0x1 
 .rodata        0x0000000008009f80       0xb6 ./Core/Src/configurator/cfg_interface.o
 *fill*         0x000000000800a036        0x2 
 .rodata        0x000000000800a038       0x40 ./Core/Src/motor/motor_interface.o
 .rodata        0x000000000800a078       0x91 ./Core/Src/rc/rc_interface.o
 *fill*         0x000000000800a109        0x3 
 .rodata        0x000000000800a10c       0xfc ./Core/Src/servo/servo_interface.o
 *(.rodata*)
 .rodata.crc16_table
                0x000000000800a208      0x200 ./Core/Src/crc/crc.o
 .rodata.crc32_table
                0x000000000800a408      0x400 ./Core/Src/crc/crc.o
 .rodata.AHBPrescTable
                0x000000000800a808       0x10 ./Core/Src/system_stm32f4xx.o
                0x000000000800a808                AHBPrescTable
 .rodata.APBPrescTable
                0x000000000800a818        0x8 ./Core/Src/system_stm32f4xx.o
                0x000000000800a818                APBPrescTable
                0x000000000800a820                . = ALIGN (0x4)

.ARM.extab      0x000000000800a820        0x0
                0x000000000800a820                . = ALIGN (0x4)
 *(.ARM.extab* .gnu.linkonce.armextab.*)
                0x000000000800a820                . = ALIGN (0x4)

.ARM            0x000000000800a820        0x8
                0x000000000800a820                . = ALIGN (0x4)
                0x000000000800a820                __exidx_start = .
 *(.ARM.exidx*)
 .ARM.exidx     0x000000000800a820        0x8 c:/st/stm32cubeide_1.10.1/stm32cubeide/plugins/com.st.stm32cube.ide.mcu.externaltools.gnu-tools-for-stm32.10.3-2021.10.win32_1.0.200.202301161003/tools/bin/../lib/gcc/arm-none-eabi/10.3.1/thumb/v7e-m+fp/hard\libgcc.a(_udivmoddi4.o)
                0x000000000800a828                __exidx_end = .
                0x000000000800a828                . = ALIGN (0x4)

.rel.dyn        0x000000000800a828        0x0
 .rel.iplt      0x000000000800a828        0x0 c:/st/stm32cubeide_1.10.1/stm32cubeide/plugins/com.st.stm32cube.ide.mcu.externaltools.gnu-tools-for-stm32.10.3-2021.10.win32_1.0.200.202301161003/tools/bin/../lib/gcc/arm-none-eabi/10.3.1/thumb/v7e-m+fp/hard/crtbegin.o

.preinit_array  0x000000000800a828        0x0
                0x000000000800a828                . = ALIGN (0x4)
                0x000000000800a828                PROVIDE (__preinit_array_start = .)
 *(.preinit_array*)
                0x000000000800a828                PROVIDE (__preinit_array_end = .)
                0x000000000800a828                . = ALIGN (0x4)

.init_array     0x000000000800a828        0x4
                0x000000000800a828                . = ALIGN (0x4)
                0x000000000800a828                PROVIDE (__init_array_start = .)
 *(SORT_BY_NAME(.init_array.*))
 *(.init_array*)
 .init_array    0x000000000800a828        0x4 c:/st/stm32cubeide_1.10.1/stm32cubeide/plugins/com.st.stm32cube.ide.mcu.externaltools.gnu-tools-for-stm32.10.3-2021.10.win32_1.0.200.202301161003/tools/bin/../lib/gcc/arm-none-eabi/10.3.1/thumb/v7e-m+fp/hard/crtbegin.o
                0x000000000800a82c                PROVIDE (__init_array_end = .)
                0x000000000800a82c                . = ALIGN (0x4)

.fini_array     0x000000000800a82c        0x4
                0x000000000800a82c                . = ALIGN (0x4)
                [!provide]                        PROVIDE (__fini_array_start = .)
 *(SORT_BY_NAME(.fini_array.*))
 *(.fini_array*)
 .fini_array    0x000000000800a82c        0x4 c:/st/stm32cubeide_1.10.1/stm32cubeide/plugins/com.st.stm32cube.ide.mcu.externaltools.gnu-tools-for-stm32.10.3-2021.10.win32_1.0.200.202301161003/tools/bin/../lib/gcc/arm-none-eabi/10.3.1/thumb/v7e-m+fp/hard/crtbegin.o
                [!provide]                        PROVIDE (__fini_array_end = .)
                0x000000000800a830                . = ALIGN (0x4)
                0x000000000800a830                _sidata = LOADADDR (.data)

.data           0x0000000020000000      0x104 load address 0x000000000800a830
                0x0000000020000000                . = ALIGN (0x4)
                0x0000000020000000                _sdata = .
 *(.data)
 *(.data*)
 .data._battery_perc_lut
                0x0000000020000000       0x30 ./Core/Src/battery/battery_interface.o
                0x0000000020000000                _battery_perc_lut
 .data.cfg_NodeList
                0x0000000020000030       0xa0 ./Core/Src/configurator/cfg_interface.o
                0x0000000020000030                cfg_NodeList
 .data.SystemCoreClock
                0x00000000200000d0        0x4 ./Core/Src/system_stm32f4xx.o
                0x00000000200000d0                SystemCoreClock
 .data.uwTickPrio
                0x00000000200000d4        0x4 ./Drivers/STM32F4xx_HAL_Driver/Src/stm32f4xx_hal.o
                0x00000000200000d4                uwTickPrio
 .data.uwTickFreq
                0x00000000200000d8        0x1 ./Drivers/STM32F4xx_HAL_Driver/Src/stm32f4xx_hal.o
                0x00000000200000d8                uwTickFreq
 *(.RamFunc)
 *fill*         0x00000000200000d9        0x3 
 .RamFunc       0x00000000200000dc       0x28 ./Core/Src/system/system.o
                0x00000000200000dc                system_Reset
 *(.RamFunc*)
                0x0000000020000104                . = ALIGN (0x4)
                0x0000000020000104                _edata = .

.igot.plt       0x0000000020000104        0x0 load address 0x000000000800a934
 .igot.plt      0x0000000020000104        0x0 c:/st/stm32cubeide_1.10.1/stm32cubeide/plugins/com.st.stm32cube.ide.mcu.externaltools.gnu-tools-for-stm32.10.3-2021.10.win32_1.0.200.202301161003/tools/bin/../lib/gcc/arm-none-eabi/10.3.1/thumb/v7e-m+fp/hard/crtbegin.o
                0x0000000020000104                . = ALIGN (0x4)

.bss            0x0000000020000104      0x9b0 load address 0x000000000800a934
                0x0000000020000104                _sbss = .
                0x0000000020000104                __bss_start__ = _sbss
 *(.bss)
 .bss           0x0000000020000104       0x1c c:/st/stm32cubeide_1.10.1/stm32cubeide/plugins/com.st.stm32cube.ide.mcu.externaltools.gnu-tools-for-stm32.10.3-2021.10.win32_1.0.200.202301161003/tools/bin/../lib/gcc/arm-none-eabi/10.3.1/thumb/v7e-m+fp/hard/crtbegin.o
 *(.bss*)
 .bss.autopilot_info
                0x0000000020000120       0x28 ./Core/Src/autopilot/autopilot.o
                0x0000000020000120                autopilot_info
 .bss._ap_arm_st
                0x0000000020000148        0x1 ./Core/Src/autopilot/autopilot.o
                0x0000000020000148                _ap_arm_st
 *fill*         0x0000000020000149        0x3 
 .bss.autopilot_states
                0x000000002000014c       0x30 ./Core/Src/autopilot/autopilot.o
                0x000000002000014c                autopilot_states
 .bss._cur_ap_state
                0x000000002000017c        0x1 ./Core/Src/autopilot/autopilot.o
                0x000000002000017c                _cur_ap_state
 .bss.astart_elev_state.2
                0x000000002000017d        0x1 ./Core/Src/autopilot/autopilot.o
 .bss.astart_mot_state.1
                0x000000002000017e        0x1 ./Core/Src/autopilot/autopilot.o
 *fill*         0x000000002000017f        0x1 
 .bss.filVal.0  0x0000000020000180        0x4 ./Core/Src/autopilot/autopilot.o
 .bss.battery_info
                0x0000000020000184       0x2c ./Core/Src/battery/battery_interface.o
                0x0000000020000184                battery_info
 .bss.battery_time_counter
                0x00000000200001b0        0x4 ./Core/Src/battery/battery_interface.o
                0x00000000200001b0                battery_time_counter
 .bss.cfg_info  0x00000000200001b4      0x330 ./Core/Src/configurator/cfg_interface.o
                0x00000000200001b4                cfg_info
 .bss.cfg_new_fw_cur_addr
                0x00000000200004e4        0x4 ./Core/Src/configurator/cfg_interface.o
                0x00000000200004e4                cfg_new_fw_cur_addr
 .bss.cfg_new_fw_size
                0x00000000200004e8        0x4 ./Core/Src/configurator/cfg_interface.o
                0x00000000200004e8                cfg_new_fw_size
 .bss.rcv_size.0
                0x00000000200004ec        0x2 ./Core/Src/configurator/cfg_interface.o
 *fill*         0x00000000200004ee        0x2 
 .bss.hadc1     0x00000000200004f0       0x48 ./Core/Src/main.o
                0x00000000200004f0                hadc1
 .bss.hi2c1     0x0000000020000538       0x54 ./Core/Src/main.o
                0x0000000020000538                hi2c1
 .bss.htim3     0x000000002000058c       0x48 ./Core/Src/main.o
                0x000000002000058c                htim3
 .bss.huart1    0x00000000200005d4       0x44 ./Core/Src/main.o
                0x00000000200005d4                huart1
 .bss.huart2    0x0000000020000618       0x44 ./Core/Src/main.o
                0x0000000020000618                huart2
 .bss.htim4     0x000000002000065c       0x48 ./Core/Src/stm32f4xx_hal_timebase_tim.o
                0x000000002000065c                htim4
 .bss.modem_info
                0x00000000200006a4      0x1a8 ./Core/Src/modem/modem_interface.o
                0x00000000200006a4                modem_info
 .bss._modem_cur_state
                0x000000002000084c        0x1 ./Core/Src/modem/modem_interface.o
                0x000000002000084c                _modem_cur_state
 *fill*         0x000000002000084d        0x3 
 .bss._modem_par_buf
                0x0000000020000850        0xa ./Core/Src/modem/modem_interface.o
                0x0000000020000850                _modem_par_buf
 .bss._modem_par_buf_cnt
                0x000000002000085a        0x1 ./Core/Src/modem/modem_interface.o
                0x000000002000085a                _modem_par_buf_cnt
 .bss._modem_par_flag
                0x000000002000085b        0x1 ./Core/Src/modem/modem_interface.o
                0x000000002000085b                _modem_par_flag
 .bss._modem_led_start
                0x000000002000085c        0x1 ./Core/Src/modem/modem_interface.o
                0x000000002000085c                _modem_led_start
 .bss._modem_led_state
                0x000000002000085d        0x1 ./Core/Src/modem/modem_interface.o
                0x000000002000085d                _modem_led_state
 .bss.rcv_size.0
                0x000000002000085e        0x2 ./Core/Src/modem/modem_interface.o
 .bss.motor_info
                0x0000000020000860       0x24 ./Core/Src/motor/motor_interface.o
                0x0000000020000860                motor_info
 .bss.rc_info   0x0000000020000884      0x130 ./Core/Src/rc/rc_interface.o
                0x0000000020000884                rc_info
 .bss._rc_tx_buf
                0x00000000200009b4       0x80 ./Core/Src/rc/rc_interface.o
                0x00000000200009b4                _rc_tx_buf
 .bss._rc_tx_buf_len
                0x0000000020000a34        0x4 ./Core/Src/rc/rc_interface.o
                0x0000000020000a34                _rc_tx_buf_len
 .bss.rcv_size.0
                0x0000000020000a38        0x2 ./Core/Src/rc/rc_interface.o
 *fill*         0x0000000020000a3a        0x2 
 .bss.servo_info
                0x0000000020000a3c       0x40 ./Core/Src/servo/servo_interface.o
                0x0000000020000a3c                servo_info
 .bss.system_info
                0x0000000020000a7c        0xc ./Core/Src/system/system.o
                0x0000000020000a7c                system_info
 .bss.system_time_counter
                0x0000000020000a88        0x4 ./Core/Src/system/system.o
                0x0000000020000a88                system_time_counter
 .bss.cfg_uart_rx_data
                0x0000000020000a8c        0x1 ./Core/Src/system/system.o
                0x0000000020000a8c                cfg_uart_rx_data
 .bss._system_restart_uart
                0x0000000020000a8d        0x1 ./Core/Src/system/system.o
                0x0000000020000a8d                _system_restart_uart
 *fill*         0x0000000020000a8e        0x2 
 .bss.uwTick    0x0000000020000a90        0x4 ./Drivers/STM32F4xx_HAL_Driver/Src/stm32f4xx_hal.o
                0x0000000020000a90                uwTick
 .bss.pFlash    0x0000000020000a94       0x20 ./Drivers/STM32F4xx_HAL_Driver/Src/stm32f4xx_hal_flash.o
                0x0000000020000a94                pFlash
 *(COMMON)
                0x0000000020000ab4                . = ALIGN (0x4)
                0x0000000020000ab4                _ebss = .
                0x0000000020000ab4                __bss_end__ = _ebss

._user_heap_stack
                0x0000000020000ab4      0x604 load address 0x000000000800a934
                0x0000000020000ab8                . = ALIGN (0x8)
 *fill*         0x0000000020000ab4        0x4 
                [!provide]                        PROVIDE (end = .)
                0x0000000020000ab8                PROVIDE (_end = .)
                0x0000000020000cb8                . = (. + _Min_Heap_Size)
 *fill*         0x0000000020000ab8      0x200 
                0x00000000200010b8                . = (. + _Min_Stack_Size)
 *fill*         0x0000000020000cb8      0x400 
                0x00000000200010b8                . = ALIGN (0x8)

/DISCARD/
 libc.a(*)
 libm.a(*)
 libgcc.a(*)

.param_section  0x0000000008060000     0x1000
                0x0000000008060000                . = ALIGN (0x4)
 .param_section
                0x0000000008060000     0x1000 ./Core/Src/configurator/cfg_interface.o
                0x0000000008060000                param_arr

.new_firmware   0x0000000008040000        0x4
                0x0000000008040000                . = ALIGN (0x1)
 .new_firmware  0x0000000008040000        0x4 ./Core/Src/configurator/cfg_interface.o
                0x0000000008040000                new_fw_start

.ARM.attributes
                0x0000000000000000       0x30
 *(.ARM.attributes)
 .ARM.attributes
                0x0000000000000000       0x1e c:/st/stm32cubeide_1.10.1/stm32cubeide/plugins/com.st.stm32cube.ide.mcu.externaltools.gnu-tools-for-stm32.10.3-2021.10.win32_1.0.200.202301161003/tools/bin/../lib/gcc/arm-none-eabi/10.3.1/thumb/v7e-m+fp/hard/crti.o
 .ARM.attributes
                0x000000000000001e       0x34 c:/st/stm32cubeide_1.10.1/stm32cubeide/plugins/com.st.stm32cube.ide.mcu.externaltools.gnu-tools-for-stm32.10.3-2021.10.win32_1.0.200.202301161003/tools/bin/../lib/gcc/arm-none-eabi/10.3.1/thumb/v7e-m+fp/hard/crtbegin.o
 .ARM.attributes
                0x0000000000000052       0x34 ./Core/Src/autopilot/autopilot.o
 .ARM.attributes
                0x0000000000000086       0x34 ./Core/Src/battery/battery_interface.o
 .ARM.attributes
                0x00000000000000ba       0x34 ./Core/Src/configurator/cfg_interface.o
 .ARM.attributes
                0x00000000000000ee       0x34 ./Core/Src/crc/crc.o
 .ARM.attributes
                0x0000000000000122       0x34 ./Core/Src/main.o
 .ARM.attributes
                0x0000000000000156       0x34 ./Core/Src/stm32f4xx_hal_msp.o
 .ARM.attributes
                0x000000000000018a       0x34 ./Core/Src/stm32f4xx_hal_timebase_tim.o
 .ARM.attributes
                0x00000000000001be       0x34 ./Core/Src/stm32f4xx_it.o
 .ARM.attributes
                0x00000000000001f2       0x34 ./Core/Src/system_stm32f4xx.o
 .ARM.attributes
                0x0000000000000226       0x34 ./Core/Src/modem/modem_interface.o
 .ARM.attributes
                0x000000000000025a       0x34 ./Core/Src/motor/motor_interface.o
 .ARM.attributes
                0x000000000000028e       0x34 ./Core/Src/rc/rc_interface.o
 .ARM.attributes
                0x00000000000002c2       0x34 ./Core/Src/servo/servo_interface.o
 .ARM.attributes
                0x00000000000002f6       0x34 ./Core/Src/system/system.o
 .ARM.attributes
                0x000000000000032a       0x21 ./Core/Startup/startup_stm32f411ceux.o
 .ARM.attributes
                0x000000000000034b       0x34 ./Drivers/STM32F4xx_HAL_Driver/Src/stm32f4xx_hal.o
 .ARM.attributes
                0x000000000000037f       0x34 ./Drivers/STM32F4xx_HAL_Driver/Src/stm32f4xx_hal_adc.o
 .ARM.attributes
                0x00000000000003b3       0x34 ./Drivers/STM32F4xx_HAL_Driver/Src/stm32f4xx_hal_adc_ex.o
 .ARM.attributes
                0x00000000000003e7       0x34 ./Drivers/STM32F4xx_HAL_Driver/Src/stm32f4xx_hal_cortex.o
 .ARM.attributes
                0x000000000000041b       0x34 ./Drivers/STM32F4xx_HAL_Driver/Src/stm32f4xx_hal_dma.o
 .ARM.attributes
                0x000000000000044f       0x34 ./Drivers/STM32F4xx_HAL_Driver/Src/stm32f4xx_hal_flash.o
 .ARM.attributes
                0x0000000000000483       0x34 ./Drivers/STM32F4xx_HAL_Driver/Src/stm32f4xx_hal_flash_ex.o
 .ARM.attributes
                0x00000000000004b7       0x34 ./Drivers/STM32F4xx_HAL_Driver/Src/stm32f4xx_hal_gpio.o
 .ARM.attributes
                0x00000000000004eb       0x34 ./Drivers/STM32F4xx_HAL_Driver/Src/stm32f4xx_hal_i2c.o
 .ARM.attributes
                0x000000000000051f       0x34 ./Drivers/STM32F4xx_HAL_Driver/Src/stm32f4xx_hal_rcc.o
 .ARM.attributes
                0x0000000000000553       0x34 ./Drivers/STM32F4xx_HAL_Driver/Src/stm32f4xx_hal_tim.o
 .ARM.attributes
                0x0000000000000587       0x34 ./Drivers/STM32F4xx_HAL_Driver/Src/stm32f4xx_hal_tim_ex.o
 .ARM.attributes
                0x00000000000005bb       0x34 ./Drivers/STM32F4xx_HAL_Driver/Src/stm32f4xx_hal_uart.o
 .ARM.attributes
                0x00000000000005ef       0x34 c:/st/stm32cubeide_1.10.1/stm32cubeide/plugins/com.st.stm32cube.ide.mcu.externaltools.gnu-tools-for-stm32.10.3-2021.10.win32_1.0.200.202301161003/tools/bin/../lib/gcc/arm-none-eabi/10.3.1/../../../../arm-none-eabi/lib/thumb/v7e-m+fp/hard\libc_nano.a(lib_a-init.o)
 .ARM.attributes
                0x0000000000000623       0x34 c:/st/stm32cubeide_1.10.1/stm32cubeide/plugins/com.st.stm32cube.ide.mcu.externaltools.gnu-tools-for-stm32.10.3-2021.10.win32_1.0.200.202301161003/tools/bin/../lib/gcc/arm-none-eabi/10.3.1/../../../../arm-none-eabi/lib/thumb/v7e-m+fp/hard\libc_nano.a(lib_a-memcpy-stub.o)
 .ARM.attributes
                0x0000000000000657       0x34 c:/st/stm32cubeide_1.10.1/stm32cubeide/plugins/com.st.stm32cube.ide.mcu.externaltools.gnu-tools-for-stm32.10.3-2021.10.win32_1.0.200.202301161003/tools/bin/../lib/gcc/arm-none-eabi/10.3.1/../../../../arm-none-eabi/lib/thumb/v7e-m+fp/hard\libc_nano.a(lib_a-memset.o)
 .ARM.attributes
                0x000000000000068b       0x17 c:/st/stm32cubeide_1.10.1/stm32cubeide/plugins/com.st.stm32cube.ide.mcu.externaltools.gnu-tools-for-stm32.10.3-2021.10.win32_1.0.200.202301161003/tools/bin/../lib/gcc/arm-none-eabi/10.3.1/../../../../arm-none-eabi/lib/thumb/v7e-m+fp/hard\libc_nano.a(lib_a-strlen.o)
 .ARM.attributes
                0x00000000000006a2       0x1e c:/st/stm32cubeide_1.10.1/stm32cubeide/plugins/com.st.stm32cube.ide.mcu.externaltools.gnu-tools-for-stm32.10.3-2021.10.win32_1.0.200.202301161003/tools/bin/../lib/gcc/arm-none-eabi/10.3.1/thumb/v7e-m+fp/hard\libgcc.a(_arm_muldf3.o)
 .ARM.attributes
                0x00000000000006c0       0x1e c:/st/stm32cubeide_1.10.1/stm32cubeide/plugins/com.st.stm32cube.ide.mcu.externaltools.gnu-tools-for-stm32.10.3-2021.10.win32_1.0.200.202301161003/tools/bin/../lib/gcc/arm-none-eabi/10.3.1/thumb/v7e-m+fp/hard\libgcc.a(_arm_addsubdf3.o)
 .ARM.attributes
                0x00000000000006de       0x1e c:/st/stm32cubeide_1.10.1/stm32cubeide/plugins/com.st.stm32cube.ide.mcu.externaltools.gnu-tools-for-stm32.10.3-2021.10.win32_1.0.200.202301161003/tools/bin/../lib/gcc/arm-none-eabi/10.3.1/thumb/v7e-m+fp/hard\libgcc.a(_arm_truncdfsf2.o)
 .ARM.attributes
                0x00000000000006fc       0x1e c:/st/stm32cubeide_1.10.1/stm32cubeide/plugins/com.st.stm32cube.ide.mcu.externaltools.gnu-tools-for-stm32.10.3-2021.10.win32_1.0.200.202301161003/tools/bin/../lib/gcc/arm-none-eabi/10.3.1/thumb/v7e-m+fp/hard\libgcc.a(_aeabi_uldivmod.o)
 .ARM.attributes
                0x000000000000071a       0x34 c:/st/stm32cubeide_1.10.1/stm32cubeide/plugins/com.st.stm32cube.ide.mcu.externaltools.gnu-tools-for-stm32.10.3-2021.10.win32_1.0.200.202301161003/tools/bin/../lib/gcc/arm-none-eabi/10.3.1/thumb/v7e-m+fp/hard\libgcc.a(_udivmoddi4.o)
 .ARM.attributes
                0x000000000000074e       0x1e c:/st/stm32cubeide_1.10.1/stm32cubeide/plugins/com.st.stm32cube.ide.mcu.externaltools.gnu-tools-for-stm32.10.3-2021.10.win32_1.0.200.202301161003/tools/bin/../lib/gcc/arm-none-eabi/10.3.1/thumb/v7e-m+fp/hard\libgcc.a(_dvmd_tls.o)
 .ARM.attributes
                0x000000000000076c       0x1e c:/st/stm32cubeide_1.10.1/stm32cubeide/plugins/com.st.stm32cube.ide.mcu.externaltools.gnu-tools-for-stm32.10.3-2021.10.win32_1.0.200.202301161003/tools/bin/../lib/gcc/arm-none-eabi/10.3.1/thumb/v7e-m+fp/hard/crtn.o
OUTPUT(rc_Glider_F411.elf elf32-littlearm)
LOAD linker stubs
LOAD c:/st/stm32cubeide_1.10.1/stm32cubeide/plugins/com.st.stm32cube.ide.mcu.externaltools.gnu-tools-for-stm32.10.3-2021.10.win32_1.0.200.202301161003/tools/bin/../lib/gcc/arm-none-eabi/10.3.1/../../../../arm-none-eabi/lib/thumb/v7e-m+fp/hard\libc.a
LOAD c:/st/stm32cubeide_1.10.1/stm32cubeide/plugins/com.st.stm32cube.ide.mcu.externaltools.gnu-tools-for-stm32.10.3-2021.10.win32_1.0.200.202301161003/tools/bin/../lib/gcc/arm-none-eabi/10.3.1/../../../../arm-none-eabi/lib/thumb/v7e-m+fp/hard\libm.a
LOAD c:/st/stm32cubeide_1.10.1/stm32cubeide/plugins/com.st.stm32cube.ide.mcu.externaltools.gnu-tools-for-stm32.10.3-2021.10.win32_1.0.200.202301161003/tools/bin/../lib/gcc/arm-none-eabi/10.3.1/thumb/v7e-m+fp/hard\libgcc.a

.debug_info     0x0000000000000000    0x19a70
 .debug_info    0x0000000000000000      0x81c ./Core/Src/autopilot/autopilot.o
 .debug_info    0x000000000000081c      0x495 ./Core/Src/battery/battery_interface.o
 .debug_info    0x0000000000000cb1     0x119d ./Core/Src/configurator/cfg_interface.o
 .debug_info    0x0000000000001e4e      0x2c3 ./Core/Src/crc/crc.o
 .debug_info    0x0000000000002111     0x188d ./Core/Src/main.o
 .debug_info    0x000000000000399e     0x15ff ./Core/Src/stm32f4xx_hal_msp.o
 .debug_info    0x0000000000004f9d      0xbdf ./Core/Src/stm32f4xx_hal_timebase_tim.o
 .debug_info    0x0000000000005b7c      0xc6f ./Core/Src/stm32f4xx_it.o
 .debug_info    0x00000000000067eb      0x54f ./Core/Src/system_stm32f4xx.o
 .debug_info    0x0000000000006d3a      0xc62 ./Core/Src/modem/modem_interface.o
 .debug_info    0x000000000000799c      0xacb ./Core/Src/motor/motor_interface.o
 .debug_info    0x0000000000008467      0x880 ./Core/Src/rc/rc_interface.o
 .debug_info    0x0000000000008ce7      0xba6 ./Core/Src/servo/servo_interface.o
 .debug_info    0x000000000000988d     0x102f ./Core/Src/system/system.o
 .debug_info    0x000000000000a8bc       0x22 ./Core/Startup/startup_stm32f411ceux.o
 .debug_info    0x000000000000a8de      0x90d ./Drivers/STM32F4xx_HAL_Driver/Src/stm32f4xx_hal.o
 .debug_info    0x000000000000b1eb      0xd68 ./Drivers/STM32F4xx_HAL_Driver/Src/stm32f4xx_hal_adc.o
 .debug_info    0x000000000000bf53      0xbd4 ./Drivers/STM32F4xx_HAL_Driver/Src/stm32f4xx_hal_adc_ex.o
 .debug_info    0x000000000000cb27      0xd8b ./Drivers/STM32F4xx_HAL_Driver/Src/stm32f4xx_hal_cortex.o
 .debug_info    0x000000000000d8b2      0x947 ./Drivers/STM32F4xx_HAL_Driver/Src/stm32f4xx_hal_dma.o
 .debug_info    0x000000000000e1f9      0x5cd ./Drivers/STM32F4xx_HAL_Driver/Src/stm32f4xx_hal_flash.o
 .debug_info    0x000000000000e7c6      0x83e ./Drivers/STM32F4xx_HAL_Driver/Src/stm32f4xx_hal_flash_ex.o
 .debug_info    0x000000000000f004      0x78e ./Drivers/STM32F4xx_HAL_Driver/Src/stm32f4xx_hal_gpio.o
 .debug_info    0x000000000000f792     0x260f ./Drivers/STM32F4xx_HAL_Driver/Src/stm32f4xx_hal_i2c.o
 .debug_info    0x0000000000011da1      0x98d ./Drivers/STM32F4xx_HAL_Driver/Src/stm32f4xx_hal_rcc.o
 .debug_info    0x000000000001272e     0x2bb6 ./Drivers/STM32F4xx_HAL_Driver/Src/stm32f4xx_hal_tim.o
 .debug_info    0x00000000000152e4     0x15d8 ./Drivers/STM32F4xx_HAL_Driver/Src/stm32f4xx_hal_tim_ex.o
 .debug_info    0x00000000000168bc     0x31b4 ./Drivers/STM32F4xx_HAL_Driver/Src/stm32f4xx_hal_uart.o

.debug_abbrev   0x0000000000000000     0x3f28
 .debug_abbrev  0x0000000000000000      0x2db ./Core/Src/autopilot/autopilot.o
 .debug_abbrev  0x00000000000002db      0x1fe ./Core/Src/battery/battery_interface.o
 .debug_abbrev  0x00000000000004d9      0x348 ./Core/Src/configurator/cfg_interface.o
 .debug_abbrev  0x0000000000000821       0xdc ./Core/Src/crc/crc.o
 .debug_abbrev  0x00000000000008fd      0x325 ./Core/Src/main.o
 .debug_abbrev  0x0000000000000c22      0x242 ./Core/Src/stm32f4xx_hal_msp.o
 .debug_abbrev  0x0000000000000e64      0x1f7 ./Core/Src/stm32f4xx_hal_timebase_tim.o
 .debug_abbrev  0x000000000000105b      0x189 ./Core/Src/stm32f4xx_it.o
 .debug_abbrev  0x00000000000011e4      0x116 ./Core/Src/system_stm32f4xx.o
 .debug_abbrev  0x00000000000012fa      0x310 ./Core/Src/modem/modem_interface.o
 .debug_abbrev  0x000000000000160a      0x258 ./Core/Src/motor/motor_interface.o
 .debug_abbrev  0x0000000000001862      0x21c ./Core/Src/rc/rc_interface.o
 .debug_abbrev  0x0000000000001a7e      0x27a ./Core/Src/servo/servo_interface.o
 .debug_abbrev  0x0000000000001cf8      0x2aa ./Core/Src/system/system.o
 .debug_abbrev  0x0000000000001fa2       0x12 ./Core/Startup/startup_stm32f411ceux.o
 .debug_abbrev  0x0000000000001fb4      0x23e ./Drivers/STM32F4xx_HAL_Driver/Src/stm32f4xx_hal.o
 .debug_abbrev  0x00000000000021f2      0x204 ./Drivers/STM32F4xx_HAL_Driver/Src/stm32f4xx_hal_adc.o
 .debug_abbrev  0x00000000000023f6      0x21f ./Drivers/STM32F4xx_HAL_Driver/Src/stm32f4xx_hal_adc_ex.o
 .debug_abbrev  0x0000000000002615      0x316 ./Drivers/STM32F4xx_HAL_Driver/Src/stm32f4xx_hal_cortex.o
 .debug_abbrev  0x000000000000292b      0x21b ./Drivers/STM32F4xx_HAL_Driver/Src/stm32f4xx_hal_dma.o
 .debug_abbrev  0x0000000000002b46      0x283 ./Drivers/STM32F4xx_HAL_Driver/Src/stm32f4xx_hal_flash.o
 .debug_abbrev  0x0000000000002dc9      0x260 ./Drivers/STM32F4xx_HAL_Driver/Src/stm32f4xx_hal_flash_ex.o
 .debug_abbrev  0x0000000000003029      0x1c4 ./Drivers/STM32F4xx_HAL_Driver/Src/stm32f4xx_hal_gpio.o
 .debug_abbrev  0x00000000000031ed      0x2a8 ./Drivers/STM32F4xx_HAL_Driver/Src/stm32f4xx_hal_i2c.o
 .debug_abbrev  0x0000000000003495      0x2aa ./Drivers/STM32F4xx_HAL_Driver/Src/stm32f4xx_hal_rcc.o
 .debug_abbrev  0x000000000000373f      0x26e ./Drivers/STM32F4xx_HAL_Driver/Src/stm32f4xx_hal_tim.o
 .debug_abbrev  0x00000000000039ad      0x276 ./Drivers/STM32F4xx_HAL_Driver/Src/stm32f4xx_hal_tim_ex.o
 .debug_abbrev  0x0000000000003c23      0x305 ./Drivers/STM32F4xx_HAL_Driver/Src/stm32f4xx_hal_uart.o

.debug_aranges  0x0000000000000000     0x15e8
 .debug_aranges
                0x0000000000000000       0x80 ./Core/Src/autopilot/autopilot.o
 .debug_aranges
                0x0000000000000080       0x60 ./Core/Src/battery/battery_interface.o
 .debug_aranges
                0x00000000000000e0       0xc8 ./Core/Src/configurator/cfg_interface.o
 .debug_aranges
                0x00000000000001a8       0x38 ./Core/Src/crc/crc.o
 .debug_aranges
                0x00000000000001e0       0x88 ./Core/Src/main.o
 .debug_aranges
                0x0000000000000268       0x68 ./Core/Src/stm32f4xx_hal_msp.o
 .debug_aranges
                0x00000000000002d0       0x30 ./Core/Src/stm32f4xx_hal_timebase_tim.o
 .debug_aranges
                0x0000000000000300       0x78 ./Core/Src/stm32f4xx_it.o
 .debug_aranges
                0x0000000000000378       0x28 ./Core/Src/system_stm32f4xx.o
 .debug_aranges
                0x00000000000003a0       0x60 ./Core/Src/modem/modem_interface.o
 .debug_aranges
                0x0000000000000400       0x60 ./Core/Src/motor/motor_interface.o
 .debug_aranges
                0x0000000000000460       0x60 ./Core/Src/rc/rc_interface.o
 .debug_aranges
                0x00000000000004c0       0x70 ./Core/Src/servo/servo_interface.o
 .debug_aranges
                0x0000000000000530       0x60 ./Core/Src/system/system.o
 .debug_aranges
                0x0000000000000590       0x28 ./Core/Startup/startup_stm32f411ceux.o
 .debug_aranges
                0x00000000000005b8       0xf0 ./Drivers/STM32F4xx_HAL_Driver/Src/stm32f4xx_hal.o
 .debug_aranges
                0x00000000000006a8       0xe8 ./Drivers/STM32F4xx_HAL_Driver/Src/stm32f4xx_hal_adc.o
 .debug_aranges
                0x0000000000000790       0x90 ./Drivers/STM32F4xx_HAL_Driver/Src/stm32f4xx_hal_adc_ex.o
 .debug_aranges
                0x0000000000000820      0x118 ./Drivers/STM32F4xx_HAL_Driver/Src/stm32f4xx_hal_cortex.o
 .debug_aranges
                0x0000000000000938       0x90 ./Drivers/STM32F4xx_HAL_Driver/Src/stm32f4xx_hal_dma.o
 .debug_aranges
                0x00000000000009c8       0xa0 ./Drivers/STM32F4xx_HAL_Driver/Src/stm32f4xx_hal_flash.o
 .debug_aranges
                0x0000000000000a68       0xc8 ./Drivers/STM32F4xx_HAL_Driver/Src/stm32f4xx_hal_flash_ex.o
 .debug_aranges
                0x0000000000000b30       0x58 ./Drivers/STM32F4xx_HAL_Driver/Src/stm32f4xx_hal_gpio.o
 .debug_aranges
                0x0000000000000b88      0x2a0 ./Drivers/STM32F4xx_HAL_Driver/Src/stm32f4xx_hal_i2c.o
 .debug_aranges
                0x0000000000000e28       0x88 ./Drivers/STM32F4xx_HAL_Driver/Src/stm32f4xx_hal_rcc.o
 .debug_aranges
                0x0000000000000eb0      0x3d0 ./Drivers/STM32F4xx_HAL_Driver/Src/stm32f4xx_hal_tim.o
 .debug_aranges
                0x0000000000001280      0x168 ./Drivers/STM32F4xx_HAL_Driver/Src/stm32f4xx_hal_tim_ex.o
 .debug_aranges
                0x00000000000013e8      0x200 ./Drivers/STM32F4xx_HAL_Driver/Src/stm32f4xx_hal_uart.o

.debug_ranges   0x0000000000000000     0x1478
 .debug_ranges  0x0000000000000000       0x70 ./Core/Src/autopilot/autopilot.o
 .debug_ranges  0x0000000000000070       0x50 ./Core/Src/battery/battery_interface.o
 .debug_ranges  0x00000000000000c0       0xb8 ./Core/Src/configurator/cfg_interface.o
 .debug_ranges  0x0000000000000178       0x28 ./Core/Src/crc/crc.o
 .debug_ranges  0x00000000000001a0       0x78 ./Core/Src/main.o
 .debug_ranges  0x0000000000000218       0x58 ./Core/Src/stm32f4xx_hal_msp.o
 .debug_ranges  0x0000000000000270       0x20 ./Core/Src/stm32f4xx_hal_timebase_tim.o
 .debug_ranges  0x0000000000000290       0x68 ./Core/Src/stm32f4xx_it.o
 .debug_ranges  0x00000000000002f8       0x18 ./Core/Src/system_stm32f4xx.o
 .debug_ranges  0x0000000000000310       0x50 ./Core/Src/modem/modem_interface.o
 .debug_ranges  0x0000000000000360       0x50 ./Core/Src/motor/motor_interface.o
 .debug_ranges  0x00000000000003b0       0x50 ./Core/Src/rc/rc_interface.o
 .debug_ranges  0x0000000000000400       0x60 ./Core/Src/servo/servo_interface.o
 .debug_ranges  0x0000000000000460       0x50 ./Core/Src/system/system.o
 .debug_ranges  0x00000000000004b0       0x20 ./Core/Startup/startup_stm32f411ceux.o
 .debug_ranges  0x00000000000004d0       0xe0 ./Drivers/STM32F4xx_HAL_Driver/Src/stm32f4xx_hal.o
 .debug_ranges  0x00000000000005b0       0xd8 ./Drivers/STM32F4xx_HAL_Driver/Src/stm32f4xx_hal_adc.o
 .debug_ranges  0x0000000000000688       0x80 ./Drivers/STM32F4xx_HAL_Driver/Src/stm32f4xx_hal_adc_ex.o
 .debug_ranges  0x0000000000000708      0x108 ./Drivers/STM32F4xx_HAL_Driver/Src/stm32f4xx_hal_cortex.o
 .debug_ranges  0x0000000000000810       0x80 ./Drivers/STM32F4xx_HAL_Driver/Src/stm32f4xx_hal_dma.o
 .debug_ranges  0x0000000000000890       0x90 ./Drivers/STM32F4xx_HAL_Driver/Src/stm32f4xx_hal_flash.o
 .debug_ranges  0x0000000000000920       0xb8 ./Drivers/STM32F4xx_HAL_Driver/Src/stm32f4xx_hal_flash_ex.o
 .debug_ranges  0x00000000000009d8       0x48 ./Drivers/STM32F4xx_HAL_Driver/Src/stm32f4xx_hal_gpio.o
 .debug_ranges  0x0000000000000a20      0x2a8 ./Drivers/STM32F4xx_HAL_Driver/Src/stm32f4xx_hal_i2c.o
 .debug_ranges  0x0000000000000cc8       0x78 ./Drivers/STM32F4xx_HAL_Driver/Src/stm32f4xx_hal_rcc.o
 .debug_ranges  0x0000000000000d40      0x3c0 ./Drivers/STM32F4xx_HAL_Driver/Src/stm32f4xx_hal_tim.o
 .debug_ranges  0x0000000000001100      0x158 ./Drivers/STM32F4xx_HAL_Driver/Src/stm32f4xx_hal_tim_ex.o
 .debug_ranges  0x0000000000001258      0x220 ./Drivers/STM32F4xx_HAL_Driver/Src/stm32f4xx_hal_uart.o

.debug_macro    0x0000000000000000    0x1abb7
 .debug_macro   0x0000000000000000      0x2ac ./Core/Src/autopilot/autopilot.o
 .debug_macro   0x00000000000002ac      0xa78 ./Core/Src/autopilot/autopilot.o
 .debug_macro   0x0000000000000d24      0x2a7 ./Core/Src/autopilot/autopilot.o
 .debug_macro   0x0000000000000fcb       0x2e ./Core/Src/autopilot/autopilot.o
 .debug_macro   0x0000000000000ff9       0x28 ./Core/Src/autopilot/autopilot.o
 .debug_macro   0x0000000000001021       0x22 ./Core/Src/autopilot/autopilot.o
 .debug_macro   0x0000000000001043       0x8e ./Core/Src/autopilot/autopilot.o
 .debug_macro   0x00000000000010d1       0x51 ./Core/Src/autopilot/autopilot.o
 .debug_macro   0x0000000000001122      0x103 ./Core/Src/autopilot/autopilot.o
 .debug_macro   0x0000000000001225       0x6a ./Core/Src/autopilot/autopilot.o
 .debug_macro   0x000000000000128f      0x1df ./Core/Src/autopilot/autopilot.o
 .debug_macro   0x000000000000146e       0x1c ./Core/Src/autopilot/autopilot.o
 .debug_macro   0x000000000000148a       0x22 ./Core/Src/autopilot/autopilot.o
 .debug_macro   0x00000000000014ac       0xd9 ./Core/Src/autopilot/autopilot.o
 .debug_macro   0x0000000000001585     0x102d ./Core/Src/autopilot/autopilot.o
 .debug_macro   0x00000000000025b2      0x11f ./Core/Src/autopilot/autopilot.o
 .debug_macro   0x00000000000026d1     0xb953 ./Core/Src/autopilot/autopilot.o
 .debug_macro   0x000000000000e024       0x6d ./Core/Src/autopilot/autopilot.o
 .debug_macro   0x000000000000e091     0x367e ./Core/Src/autopilot/autopilot.o
 .debug_macro   0x000000000001170f      0x174 ./Core/Src/autopilot/autopilot.o
 .debug_macro   0x0000000000011883       0x5c ./Core/Src/autopilot/autopilot.o
 .debug_macro   0x00000000000118df      0x447 ./Core/Src/autopilot/autopilot.o
 .debug_macro   0x0000000000011d26      0x9fe ./Core/Src/autopilot/autopilot.o
 .debug_macro   0x0000000000012724      0x115 ./Core/Src/autopilot/autopilot.o
 .debug_macro   0x0000000000012839      0x11b ./Core/Src/autopilot/autopilot.o
 .debug_macro   0x0000000000012954       0xa5 ./Core/Src/autopilot/autopilot.o
 .debug_macro   0x00000000000129f9      0x15f ./Core/Src/autopilot/autopilot.o
 .debug_macro   0x0000000000012b58      0x287 ./Core/Src/autopilot/autopilot.o
 .debug_macro   0x0000000000012ddf       0x5f ./Core/Src/autopilot/autopilot.o
 .debug_macro   0x0000000000012e3e      0x236 ./Core/Src/autopilot/autopilot.o
 .debug_macro   0x0000000000013074      0x9e1 ./Core/Src/autopilot/autopilot.o
 .debug_macro   0x0000000000013a55      0x38b ./Core/Src/autopilot/autopilot.o
 .debug_macro   0x0000000000013de0      0x17d ./Core/Src/autopilot/autopilot.o
 .debug_macro   0x0000000000013f5d       0xf9 ./Core/Src/autopilot/autopilot.o
 .debug_macro   0x0000000000014056      0x132 ./Core/Src/autopilot/autopilot.o
 .debug_macro   0x0000000000014188      0x264 ./Core/Src/autopilot/autopilot.o
 .debug_macro   0x00000000000143ec       0x2e ./Core/Src/autopilot/autopilot.o
 .debug_macro   0x000000000001441a      0x1b5 ./Core/Src/autopilot/autopilot.o
 .debug_macro   0x00000000000145cf       0x22 ./Core/Src/autopilot/autopilot.o
 .debug_macro   0x00000000000145f1       0xd6 ./Core/Src/autopilot/autopilot.o
 .debug_macro   0x00000000000146c7      0x11a ./Core/Src/autopilot/autopilot.o
 .debug_macro   0x00000000000147e1       0x85 ./Core/Src/autopilot/autopilot.o
 .debug_macro   0x0000000000014866       0x89 ./Core/Src/autopilot/autopilot.o
 .debug_macro   0x00000000000148ef      0x8e6 ./Core/Src/autopilot/autopilot.o
 .debug_macro   0x00000000000151d5       0x47 ./Core/Src/autopilot/autopilot.o
 .debug_macro   0x000000000001521c      0x295 ./Core/Src/autopilot/autopilot.o
 .debug_macro   0x00000000000154b1      0x126 ./Core/Src/autopilot/autopilot.o
 .debug_macro   0x00000000000155d7       0xca ./Core/Src/autopilot/autopilot.o
 .debug_macro   0x00000000000156a1       0x10 ./Core/Src/autopilot/autopilot.o
 .debug_macro   0x00000000000156b1       0xe8 ./Core/Src/autopilot/autopilot.o
 .debug_macro   0x0000000000015799       0x28 ./Core/Src/autopilot/autopilot.o
 .debug_macro   0x00000000000157c1       0x16 ./Core/Src/autopilot/autopilot.o
 .debug_macro   0x00000000000157d7       0x52 ./Core/Src/autopilot/autopilot.o
 .debug_macro   0x0000000000015829       0x1e ./Core/Src/autopilot/autopilot.o
 .debug_macro   0x0000000000015847       0x3c ./Core/Src/autopilot/autopilot.o
 .debug_macro   0x0000000000015883       0x3a ./Core/Src/autopilot/autopilot.o
 .debug_macro   0x00000000000158bd       0x35 ./Core/Src/autopilot/autopilot.o
 .debug_macro   0x00000000000158f2      0x460 ./Core/Src/autopilot/autopilot.o
 .debug_macro   0x0000000000015d52      0x23c ./Core/Src/battery/battery_interface.o
 .debug_macro   0x0000000000015f8e       0x10 ./Core/Src/battery/battery_interface.o
 .debug_macro   0x0000000000015f9e      0x47a ./Core/Src/configurator/cfg_interface.o
 .debug_macro   0x0000000000016418       0x16 ./Core/Src/configurator/cfg_interface.o
 .debug_macro   0x000000000001642e       0x2e ./Core/Src/configurator/cfg_interface.o
 .debug_macro   0x000000000001645c       0x16 ./Core/Src/configurator/cfg_interface.o
 .debug_macro   0x0000000000016472       0x16 ./Core/Src/configurator/cfg_interface.o
 .debug_macro   0x0000000000016488       0x16 ./Core/Src/configurator/cfg_interface.o
 .debug_macro   0x000000000001649e       0x43 ./Core/Src/configurator/cfg_interface.o
 .debug_macro   0x00000000000164e1       0x34 ./Core/Src/configurator/cfg_interface.o
 .debug_macro   0x0000000000016515       0x10 ./Core/Src/configurator/cfg_interface.o
 .debug_macro   0x0000000000016525       0x58 ./Core/Src/configurator/cfg_interface.o
 .debug_macro   0x000000000001657d       0x71 ./Core/Src/configurator/cfg_interface.o
 .debug_macro   0x00000000000165ee       0x1c ./Core/Src/configurator/cfg_interface.o
 .debug_macro   0x000000000001660a      0x12a ./Core/Src/configurator/cfg_interface.o
 .debug_macro   0x0000000000016734      0x341 ./Core/Src/configurator/cfg_interface.o
 .debug_macro   0x0000000000016a75       0x16 ./Core/Src/configurator/cfg_interface.o
 .debug_macro   0x0000000000016a8b       0x29 ./Core/Src/configurator/cfg_interface.o
 .debug_macro   0x0000000000016ab4       0x16 ./Core/Src/configurator/cfg_interface.o
 .debug_macro   0x0000000000016aca       0x20 ./Core/Src/configurator/cfg_interface.o
 .debug_macro   0x0000000000016aea       0x1c ./Core/Src/configurator/cfg_interface.o
 .debug_macro   0x0000000000016b06       0x10 ./Core/Src/configurator/cfg_interface.o
 .debug_macro   0x0000000000016b16       0x10 ./Core/Src/configurator/cfg_interface.o
 .debug_macro   0x0000000000016b26       0x1c ./Core/Src/configurator/cfg_interface.o
 .debug_macro   0x0000000000016b42       0x52 ./Core/Src/configurator/cfg_interface.o
 .debug_macro   0x0000000000016b94       0x22 ./Core/Src/configurator/cfg_interface.o
 .debug_macro   0x0000000000016bb6       0x10 ./Core/Src/configurator/cfg_interface.o
 .debug_macro   0x0000000000016bc6       0x52 ./Core/Src/configurator/cfg_interface.o
 .debug_macro   0x0000000000016c18       0xd5 ./Core/Src/configurator/cfg_interface.o
 .debug_macro   0x0000000000016ced       0x1c ./Core/Src/configurator/cfg_interface.o
 .debug_macro   0x0000000000016d09       0x3d ./Core/Src/configurator/cfg_interface.o
 .debug_macro   0x0000000000016d46       0x16 ./Core/Src/configurator/cfg_interface.o
 .debug_macro   0x0000000000016d5c      0x145 ./Core/Src/configurator/cfg_interface.o
 .debug_macro   0x0000000000016ea1      0x283 ./Core/Src/crc/crc.o
 .debug_macro   0x0000000000017124       0x28 ./Core/Src/crc/crc.o
 .debug_macro   0x000000000001714c      0x3d2 ./Core/Src/main.o