Archive member included to satisfy reference by file (symbol)

C:/ST/STM32CubeIDE_1.10.1/STM32CubeIDE/plugins/com.st.stm32cube.ide.mcu.externaltools.gnu-tools-for-stm32.11.3.rel1.win32_1.1.1.202309131626/tools/bin/../lib/gcc/arm-none-eabi/11.3.1/../../../../arm-none-eabi/lib/thumb/v7e-m+fp/hard\libc_nano.a(libc_a-exit.o)
                              C:/ST/STM32CubeIDE_1.10.1/STM32CubeIDE/plugins/com.st.stm32cube.ide.mcu.externaltools.gnu-tools-for-stm32.11.3.rel1.win32_1.1.1.202309131626/tools/bin/../lib/gcc/arm-none-eabi/11.3.1/../../../../arm-none-eabi/lib/thumb/v7e-m+fp/hard/crt0.o (exit)
C:/ST/STM32CubeIDE_1.10.1/STM32CubeIDE/plugins/com.st.stm32cube.ide.mcu.externaltools.gnu-tools-for-stm32.11.3.rel1.win32_1.1.1.202309131626/tools/bin/../lib/gcc/arm-none-eabi/11.3.1/../../../../arm-none-eabi/lib/thumb/v7e-m+fp/hard\libc_nano.a(libc_a-findfp.o)
                              C:/ST/STM32CubeIDE_1.10.1/STM32CubeIDE/plugins/com.st.stm32cube.ide.mcu.externaltools.gnu-tools-for-stm32.11.3.rel1.win32_1.1.1.202309131626/tools/bin/../lib/gcc/arm-none-eabi/11.3.1/../../../../arm-none-eabi/lib/thumb/v7e-m+fp/hard\libc_nano.a(libc_a-exit.o) (__stdio_exit_handler)
C:/ST/STM32CubeIDE_1.10.1/STM32CubeIDE/plugins/com.st.stm32cube.ide.mcu.externaltools.gnu-tools-for-stm32.11.3.rel1.win32_1.1.1.202309131626/tools/bin/../lib/gcc/arm-none-eabi/11.3.1/../../../../arm-none-eabi/lib/thumb/v7e-m+fp/hard\libc_nano.a(libc_a-fwalk.o)
                              C:/ST/STM32CubeIDE_1.10.1/STM32CubeIDE/plugins/com.st.stm32cube.ide.mcu.externaltools.gnu-tools-for-stm32.11.3.rel1.win32_1.1.1.202309131626/tools/bin/../lib/gcc/arm-none-eabi/11.3.1/../../../../arm-none-eabi/lib/thumb/v7e-m+fp/hard\libc_nano.a(libc_a-findfp.o) (_fwalk_sglue)
C:/ST/STM32CubeIDE_1.10.1/STM32CubeIDE/plugins/com.st.stm32cube.ide.mcu.externaltools.gnu-tools-for-stm32.11.3.rel1.win32_1.1.1.202309131626/tools/bin/../lib/gcc/arm-none-eabi/11.3.1/../../../../arm-none-eabi/lib/thumb/v7e-m+fp/hard\libc_nano.a(libc_a-stdio.o)
                              C:/ST/STM32CubeIDE_1.10.1/STM32CubeIDE/plugins/com.st.stm32cube.ide.mcu.externaltools.gnu-tools-for-stm32.11.3.rel1.win32_1.1.1.202309131626/tools/bin/../lib/gcc/arm-none-eabi/11.3.1/../../../../arm-none-eabi/lib/thumb/v7e-m+fp/hard\libc_nano.a(libc_a-findfp.o) (__sread)
C:/ST/STM32CubeIDE_1.10.1/STM32CubeIDE/plugins/com.st.stm32cube.ide.mcu.externaltools.gnu-tools-for-stm32.11.3.rel1.win32_1.1.1.202309131626/tools/bin/../lib/gcc/arm-none-eabi/11.3.1/../../../../arm-none-eabi/lib/thumb/v7e-m+fp/hard\libc_nano.a(libc_a-memset.o)
                              C:/ST/STM32CubeIDE_1.10.1/STM32CubeIDE/plugins/com.st.stm32cube.ide.mcu.externaltools.gnu-tools-for-stm32.11.3.rel1.win32_1.1.1.202309131626/tools/bin/../lib/gcc/arm-none-eabi/11.3.1/../../../../arm-none-eabi/lib/thumb/v7e-m+fp/hard/crt0.o (memset)
C:/ST/STM32CubeIDE_1.10.1/STM32CubeIDE/plugins/com.st.stm32cube.ide.mcu.externaltools.gnu-tools-for-stm32.11.3.rel1.win32_1.1.1.202309131626/tools/bin/../lib/gcc/arm-none-eabi/11.3.1/../../../../arm-none-eabi/lib/thumb/v7e-m+fp/hard\libc_nano.a(libc_a-closer.o)
                              C:/ST/STM32CubeIDE_1.10.1/STM32CubeIDE/plugins/com.st.stm32cube.ide.mcu.externaltools.gnu-tools-for-stm32.11.3.rel1.win32_1.1.1.202309131626/tools/bin/../lib/gcc/arm-none-eabi/11.3.1/../../../../arm-none-eabi/lib/thumb/v7e-m+fp/hard\libc_nano.a(libc_a-stdio.o) (_close_r)
C:/ST/STM32CubeIDE_1.10.1/STM32CubeIDE/plugins/com.st.stm32cube.ide.mcu.externaltools.gnu-tools-for-stm32.11.3.rel1.win32_1.1.1.202309131626/tools/bin/../lib/gcc/arm-none-eabi/11.3.1/../../../../arm-none-eabi/lib/thumb/v7e-m+fp/hard\libc_nano.a(libc_a-reent.o)
                              C:/ST/STM32CubeIDE_1.10.1/STM32CubeIDE/plugins/com.st.stm32cube.ide.mcu.externaltools.gnu-tools-for-stm32.11.3.rel1.win32_1.1.1.202309131626/tools/bin/../lib/gcc/arm-none-eabi/11.3.1/../../../../arm-none-eabi/lib/thumb/v7e-m+fp/hard\libc_nano.a(libc_a-closer.o) (errno)
C:/ST/STM32CubeIDE_1.10.1/STM32CubeIDE/plugins/com.st.stm32cube.ide.mcu.externaltools.gnu-tools-for-stm32.11.3.rel1.win32_1.1.1.202309131626/tools/bin/../lib/gcc/arm-none-eabi/11.3.1/../../../../arm-none-eabi/lib/thumb/v7e-m+fp/hard\libc_nano.a(libc_a-impure.o)
                              C:/ST/STM32CubeIDE_1.10.1/STM32CubeIDE/plugins/com.st.stm32cube.ide.mcu.externaltools.gnu-tools-for-stm32.11.3.rel1.win32_1.1.1.202309131626/tools/bin/../lib/gcc/arm-none-eabi/11.3.1/../../../../arm-none-eabi/lib/thumb/v7e-m+fp/hard\libc_nano.a(libc_a-reent.o) (_impure_ptr)
C:/ST/STM32CubeIDE_1.10.1/STM32CubeIDE/plugins/com.st.stm32cube.ide.mcu.externaltools.gnu-tools-for-stm32.11.3.rel1.win32_1.1.1.202309131626/tools/bin/../lib/gcc/arm-none-eabi/11.3.1/../../../../arm-none-eabi/lib/thumb/v7e-m+fp/hard\libc_nano.a(libc_a-lseekr.o)
[...]
Memory Configuration

Name             Origin             Length             Attributes
RAM              0x0000000020000000 0x0000000000020000 xrw
FLASH            0x0000000008000000 0x0000000000040000 xr
NEWFW            0x0000000008040000 0x0000000000020000 xr
SETTINGS         0x0000000008060000 0x0000000000020000 xr
*default*        0x0000000000000000 0xffffffffffffffff

Linker script and memory map

LOAD C:/ST/STM32CubeIDE_1.10.1/STM32CubeIDE/plugins/com.st.stm32cube.ide.mcu.externaltools.gnu-tools-for-stm32.11.3.rel1.win32_1.1.1.202309131626/tools/bin/../lib/gcc/arm-none-eabi/11.3.1/thumb/v7e-m+fp/hard/crti.o
LOAD C:/ST/STM32CubeIDE_1.10.1/STM32CubeIDE/plugins/com.st.stm32cube.ide.mcu.externaltools.gnu-tools-for-stm32.11.3.rel1.win32_1.1.1.202309131626/tools/bin/../lib/gcc/arm-none-eabi/11.3.1/thumb/v7e-m+fp/hard/crtbegin.o
LOAD C:/ST/STM32CubeIDE_1.10.1/STM32CubeIDE/plugins/com.st.stm32cube.ide.mcu.externaltools.gnu-tools-for-stm32.11.3.rel1.win32_1.1.1.202309131626/tools/bin/../lib/gcc/arm-none-eabi/11.3.1/../../../../arm-none-eabi/lib/thumb/v7e-m+fp/hard/crt0.o
LOAD ./Core/Src/autopilot/autopilot.o
LOAD ./Core/Src/battery/battery_interface.o
LOAD ./Core/Src/configurator/cfg_interface.o
LOAD ./Core/Src/crc/crc.o
LOAD ./Core/Src/leds/leds_interface.o
LOAD ./Core/Src/main.o
LOAD ./Core/Src/stm32f4xx_hal_msp.o
LOAD ./Core/Src/stm32f4xx_hal_timebase_tim.o
LOAD ./Core/Src/stm32f4xx_it.o
LOAD ./Core/Src/syscalls.o
LOAD ./Core/Src/sysmem.o
LOAD ./Core/Src/system_stm32f4xx.o
LOAD ./Core/Src/modem/modem_interface.o
LOAD ./Core/Src/motor/motor_interface.o
LOAD ./Core/Src/rc/rc_interface.o
LOAD ./Core/Src/sensors/sens_interface.o
LOAD ./Core/Src/servo/servo_interface.o
LOAD ./Core/Src/system/system.o
LOAD ./Core/Startup/startup_stm32f411ceux.o
LOAD ./Drivers/STM32F4xx_HAL_Driver/Src/stm32f4xx_hal.o
LOAD ./Drivers/STM32F4xx_HAL_Driver/Src/stm32f4xx_hal_adc.o
LOAD ./Drivers/STM32F4xx_HAL_Driver/Src/stm32f4xx_hal_adc_ex.o
LOAD ./Drivers/STM32F4xx_HAL_Driver/Src/stm32f4xx_hal_cortex.o
LOAD ./Drivers/STM32F4xx_HAL_Driver/Src/stm32f4xx_hal_dma.o
LOAD ./Drivers/STM32F4xx_HAL_Driver/Src/stm32f4xx_hal_dma_ex.o
LOAD ./Drivers/STM32F4xx_HAL_Driver/Src/stm32f4xx_hal_exti.o
LOAD ./Drivers/STM32F4xx_HAL_Driver/Src/stm32f4xx_hal_flash.o
LOAD ./Drivers/STM32F4xx_HAL_Driver/Src/stm32f4xx_hal_flash_ex.o
LOAD ./Drivers/STM32F4xx_HAL_Driver/Src/stm32f4xx_hal_flash_ramfunc.o
LOAD ./Drivers/STM32F4xx_HAL_Driver/Src/stm32f4xx_hal_gpio.o
LOAD ./Drivers/STM32F4xx_HAL_Driver/Src/stm32f4xx_hal_i2c.o
LOAD ./Drivers/STM32F4xx_HAL_Driver/Src/stm32f4xx_hal_i2c_ex.o
LOAD ./Drivers/STM32F4xx_HAL_Driver/Src/stm32f4xx_hal_pcd.o
LOAD ./Drivers/STM32F4xx_HAL_Driver/Src/stm32f4xx_hal_pcd_ex.o
LOAD ./Drivers/STM32F4xx_HAL_Driver/Src/stm32f4xx_hal_pwr.o
LOAD ./Drivers/STM32F4xx_HAL_Driver/Src/stm32f4xx_hal_pwr_ex.o
LOAD ./Drivers/STM32F4xx_HAL_Driver/Src/stm32f4xx_hal_rcc.o
LOAD ./Drivers/STM32F4xx_HAL_Driver/Src/stm32f4xx_hal_rcc_ex.o
LOAD ./Drivers/STM32F4xx_HAL_Driver/Src/stm32f4xx_hal_tim.o
LOAD ./Drivers/STM32F4xx_HAL_Driver/Src/stm32f4xx_hal_tim_ex.o
LOAD ./Drivers/STM32F4xx_HAL_Driver/Src/stm32f4xx_hal_uart.o
LOAD ./Drivers/STM32F4xx_HAL_Driver/Src/stm32f4xx_ll_adc.o
LOAD ./Drivers/STM32F4xx_HAL_Driver/Src/stm32f4xx_ll_usb.o
LOAD ./Middlewares/ST/STM32_USB_Device_Library/Class/CDC/Src/usbd_cdc.o
LOAD ./Middlewares/ST/STM32_USB_Device_Library/Core/Src/usbd_core.o
LOAD ./Middlewares/ST/STM32_USB_Device_Library/Core/Src/usbd_ctlreq.o
LOAD ./Middlewares/ST/STM32_USB_Device_Library/Core/Src/usbd_ioreq.o
LOAD ./USB_DEVICE/App/usb_device.o
LOAD ./USB_DEVICE/App/usbd_cdc_if.o
LOAD ./USB_DEVICE/App/usbd_desc.o
LOAD ./USB_DEVICE/Target/usbd_conf.o
START GROUP
LOAD C:/ST/STM32CubeIDE_1.10.1/STM32CubeIDE/plugins/com.st.stm32cube.ide.mcu.externaltools.gnu-tools-for-stm32.11.3.rel1.win32_1.1.1.202309131626/tools/bin/../lib/gcc/arm-none-eabi/11.3.1/../../../../arm-none-eabi/lib/thumb/v7e-m+fp/hard\libc_nano.a
LOAD C:/ST/STM32CubeIDE_1.10.1/STM32CubeIDE/plugins/com.st.stm32cube.ide.mcu.externaltools.gnu-tools-for-stm32.11.3.rel1.win32_1.1.1.202309131626/tools/bin/../lib/gcc/arm-none-eabi/11.3.1/../../../../arm-none-eabi/lib/thumb/v7e-m+fp/hard\libm.a
END GROUP
START GROUP
LOAD C:/ST/STM32CubeIDE_1.10.1/STM32CubeIDE/plugins/com.st.stm32cube.ide.mcu.externaltools.gnu-tools-for-stm32.11.3.rel1.win32_1.1.1.202309131626/tools/bin/../lib/gcc/arm-none-eabi/11.3.1/thumb/v7e-m+fp/hard\libgcc.a
LOAD C:/ST/STM32CubeIDE_1.10.1/STM32CubeIDE/plugins/com.st.stm32cube.ide.mcu.externaltools.gnu-tools-for-stm32.11.3.rel1.win32_1.1.1.202309131626/tools/bin/../lib/gcc/arm-none-eabi/11.3.1/../../../../arm-none-eabi/lib/thumb/v7e-m+fp/hard\libc_nano.a
END GROUP
START GROUP
LOAD C:/ST/STM32CubeIDE_1.10.1/STM32CubeIDE/plugins/com.st.stm32cube.ide.mcu.externaltools.gnu-tools-for-stm32.11.3.rel1.win32_1.1.1.202309131626/tools/bin/../lib/gcc/arm-none-eabi/11.3.1/thumb/v7e-m+fp/hard\libgcc.a
LOAD C:/ST/STM32CubeIDE_1.10.1/STM32CubeIDE/plugins/com.st.stm32cube.ide.mcu.externaltools.gnu-tools-for-stm32.11.3.rel1.win32_1.1.1.202309131626/tools/bin/../lib/gcc/arm-none-eabi/11.3.1/../../../../arm-none-eabi/lib/thumb/v7e-m+fp/hard\libc_nano.a
LOAD C:/ST/STM32CubeIDE_1.10.1/STM32CubeIDE/plugins/com.st.stm32cube.ide.mcu.externaltools.gnu-tools-for-stm32.11.3.rel1.win32_1.1.1.202309131626/tools/bin/../lib/gcc/arm-none-eabi/11.3.1/../../../../arm-none-eabi/lib/thumb/v7e-m+fp/hard\libnosys.a
END GROUP
START GROUP
LOAD C:/ST/STM32CubeIDE_1.10.1/STM32CubeIDE/plugins/com.st.stm32cube.ide.mcu.externaltools.gnu-tools-for-stm32.11.3.rel1.win32_1.1.1.202309131626/tools/bin/../lib/gcc/arm-none-eabi/11.3.1/thumb/v7e-m+fp/hard\libgcc.a
LOAD C:/ST/STM32CubeIDE_1.10.1/STM32CubeIDE/plugins/com.st.stm32cube.ide.mcu.externaltools.gnu-tools-for-stm32.11.3.rel1.win32_1.1.1.202309131626/tools/bin/../lib/gcc/arm-none-eabi/11.3.1/../../../../arm-none-eabi/lib/thumb/v7e-m+fp/hard\libc_nano.a
LOAD C:/ST/STM32CubeIDE_1.10.1/STM32CubeIDE/plugins/com.st.stm32cube.ide.mcu.externaltools.gnu-tools-for-stm32.11.3.rel1.win32_1.1.1.202309131626/tools/bin/../lib/gcc/arm-none-eabi/11.3.1/../../../../arm-none-eabi/lib/thumb/v7e-m+fp/hard\libnosys.a
END GROUP
LOAD C:/ST/STM32CubeIDE_1.10.1/STM32CubeIDE/plugins/com.st.stm32cube.ide.mcu.externaltools.gnu-tools-for-stm32.11.3.rel1.win32_1.1.1.202309131626/tools/bin/../lib/gcc/arm-none-eabi/11.3.1/thumb/v7e-m+fp/hard/crtend.o
LOAD C:/ST/STM32CubeIDE_1.10.1/STM32CubeIDE/plugins/com.st.stm32cube.ide.mcu.externaltools.gnu-tools-for-stm32.11.3.rel1.win32_1.1.1.202309131626/tools/bin/../lib/gcc/arm-none-eabi/11.3.1/thumb/v7e-m+fp/hard/crtn.o
                0x0000000020020000                _estack = (ORIGIN (RAM) + LENGTH (RAM))
                0x0000000000000200                _Min_Heap_Size = 0x200
                0x0000000000000400                _Min_Stack_Size = 0x400

.isr_vector     0x0000000008000000      0x198
                0x0000000008000000                . = ALIGN (0x4)
 *(.isr_vector)
 .isr_vector    0x0000000008000000      0x198 ./Core/Startup/startup_stm32f411ceux.o
                0x0000000008000000                g_pfnVectors
                0x0000000008000198                . = ALIGN (0x4)

.text           0x0000000008000198    0x15e20
                0x0000000008000198                . = ALIGN (0x4)
 *(.text)
 .text          0x0000000008000198       0x40 C:/ST/STM32CubeIDE_1.10.1/STM32CubeIDE/plugins/com.st.stm32cube.ide.mcu.externaltools.gnu-tools-for-stm32.11.3.rel1.win32_1.1.1.202309131626/tools/bin/../lib/gcc/arm-none-eabi/11.3.1/thumb/v7e-m+fp/hard/crtbegin.o
 .text          0x00000000080001d8       0x10 C:/ST/STM32CubeIDE_1.10.1/STM32CubeIDE/plugins/com.st.stm32cube.ide.mcu.externaltools.gnu-tools-for-stm32.11.3.rel1.win32_1.1.1.202309131626/tools/bin/../lib/gcc/arm-none-eabi/11.3.1/../../../../arm-none-eabi/lib/thumb/v7e-m+fp/hard\libc_nano.a(libc_a-strlen.o)
                0x00000000080001d8                strlen
 .text          0x00000000080001e8      0x378 C:/ST/STM32CubeIDE_1.10.1/STM32CubeIDE/plugins/com.st.stm32cube.ide.mcu.externaltools.gnu-tools-for-stm32.11.3.rel1.win32_1.1.1.202309131626/tools/bin/../lib/gcc/arm-none-eabi/11.3.1/thumb/v7e-m+fp/hard\libgcc.a(_arm_addsubdf3.o)
                0x00000000080001e8                __aeabi_drsub
                0x00000000080001f0                __aeabi_dsub
                0x00000000080001f0                __subdf3
                0x00000000080001f4                __aeabi_dadd
                0x00000000080001f4                __adddf3
                0x000000000800046c                __floatunsidf
                0x000000000800046c                __aeabi_ui2d
                0x000000000800048c                __floatsidf
                0x000000000800048c                __aeabi_i2d
                0x00000000080004b0                __aeabi_f2d
                0x00000000080004b0                __extendsfdf2
                0x00000000080004f4                __floatundidf
                0x00000000080004f4                __aeabi_ul2d
                0x0000000008000504                __floatdidf
                0x0000000008000504                __aeabi_l2d
 .text          0x0000000008000560      0x424 C:/ST/STM32CubeIDE_1.10.1/STM32CubeIDE/plugins/com.st.stm32cube.ide.mcu.externaltools.gnu-tools-for-stm32.11.3.rel1.win32_1.1.1.202309131626/tools/bin/../lib/gcc/arm-none-eabi/11.3.1/thumb/v7e-m+fp/hard\libgcc.a(_arm_muldivdf3.o)
                0x0000000008000560                __aeabi_dmul
                0x0000000008000560                __muldf3
                0x00000000080007b4                __divdf3
                0x00000000080007b4                __aeabi_ddiv
 .text          0x0000000008000984      0x110 C:/ST/STM32CubeIDE_1.10.1/STM32CubeIDE/plugins/com.st.stm32cube.ide.mcu.externaltools.gnu-tools-for-stm32.11.3.rel1.win32_1.1.1.202309131626/tools/bin/../lib/gcc/arm-none-eabi/11.3.1/thumb/v7e-m+fp/hard\libgcc.a(_arm_cmpdf2.o)
                0x0000000008000984                __gtdf2
                0x0000000008000984                __gedf2
                0x000000000800098c                __ltdf2
                0x000000000800098c                __ledf2
                0x0000000008000994                __nedf2
                0x0000000008000994                __eqdf2
                0x0000000008000994                __cmpdf2
                0x0000000008000a10                __aeabi_cdrcmple
                0x0000000008000a20                __aeabi_cdcmpeq
                0x0000000008000a20                __aeabi_cdcmple
                0x0000000008000a30                __aeabi_dcmpeq
                0x0000000008000a44                __aeabi_dcmplt
                0x0000000008000a58                __aeabi_dcmple
                0x0000000008000a6c                __aeabi_dcmpge
                0x0000000008000a80                __aeabi_dcmpgt
 .text          0x0000000008000a94       0x2c C:/ST/STM32CubeIDE_1.10.1/STM32CubeIDE/plugins/com.st.stm32cube.ide.mcu.externaltools.gnu-tools-for-stm32.11.3.rel1.win32_1.1.1.202309131626/tools/bin/../lib/gcc/arm-none-eabi/11.3.1/thumb/v7e-m+fp/hard\libgcc.a(_arm_unorddf2.o)
                0x0000000008000a94                __unorddf2
                0x0000000008000a94                __aeabi_dcmpun
 .text          0x0000000008000ac0       0xa0 C:/ST/STM32CubeIDE_1.10.1/STM32CubeIDE/plugins/com.st.stm32cube.ide.mcu.externaltools.gnu-tools-for-stm32.11.3.rel1.win32_1.1.1.202309131626/tools/bin/../lib/gcc/arm-none-eabi/11.3.1/thumb/v7e-m+fp/hard\libgcc.a(_arm_truncdfsf2.o)
                0x0000000008000ac0                __truncdfsf2
                0x0000000008000ac0                __aeabi_d2f
 .text          0x0000000008000b60       0x30 C:/ST/STM32CubeIDE_1.10.1/STM32CubeIDE/plugins/com.st.stm32cube.ide.mcu.externaltools.gnu-tools-for-stm32.11.3.rel1.win32_1.1.1.202309131626/tools/bin/../lib/gcc/arm-none-eabi/11.3.1/thumb/v7e-m+fp/hard\libgcc.a(_aeabi_uldivmod.o)
                0x0000000008000b60                __aeabi_uldivmod
 .text          0x0000000008000b90      0x2c8 C:/ST/STM32CubeIDE_1.10.1/STM32CubeIDE/plugins/com.st.stm32cube.ide.mcu.externaltools.gnu-tools-for-stm32.11.3.rel1.win32_1.1.1.202309131626/tools/bin/../lib/gcc/arm-none-eabi/11.3.1/thumb/v7e-m+fp/hard\libgcc.a(_udivmoddi4.o)
                0x0000000008000b90                __udivmoddi4
 .text          0x0000000008000e58        0x4 C:/ST/STM32CubeIDE_1.10.1/STM32CubeIDE/plugins/com.st.stm32cube.ide.mcu.externaltools.gnu-tools-for-stm32.11.3.rel1.win32_1.1.1.202309131626/tools/bin/../lib/gcc/arm-none-eabi/11.3.1/thumb/v7e-m+fp/hard\libgcc.a(_dvmd_tls.o)
                0x0000000008000e58                __aeabi_idiv0
                0x0000000008000e58                __aeabi_ldiv0
 *(.text*)
 .text.autopilot_Timer
                0x0000000008000e5c       0x48 ./Core/Src/autopilot/autopilot.o
                0x0000000008000e5c                autopilot_Timer
 .text.autopilot_InitTask
                0x0000000008000ea4       0xf4 ./Core/Src/autopilot/autopilot.o
                0x0000000008000ea4                autopilot_InitTask
 .text.autopilot_Task
                0x0000000008000f98       0x60 ./Core/Src/autopilot/autopilot.o
                0x0000000008000f98                autopilot_Task
 .text.autopilot_gotoState
                0x0000000008000ff8       0x8c ./Core/Src/autopilot/autopilot.o
                0x0000000008000ff8                autopilot_gotoState
 .text.autopilot_stateIdleMain
                0x0000000008001084        0xe ./Core/Src/autopilot/autopilot.o
                0x0000000008001084                autopilot_stateIdleMain
 .text.autopilot_stateFullManStart
                0x0000000008001092        0xe ./Core/Src/autopilot/autopilot.o
                0x0000000008001092                autopilot_stateFullManStart
 .text.autopilot_stateFullManMain
                0x00000000080010a0      0x28c ./Core/Src/autopilot/autopilot.o
                0x00000000080010a0                autopilot_stateFullManMain
 .text.autopilot_stateStabStart
                0x000000000800132c        0xe ./Core/Src/autopilot/autopilot.o
                0x000000000800132c                autopilot_stateStabStart
 .text.autopilot_stateStabMain
                0x000000000800133a        0xe ./Core/Src/autopilot/autopilot.o
                0x000000000800133a                autopilot_stateStabMain
 .text.autopilot_stateFailsafeStart
                0x0000000008001348       0x20 ./Core/Src/autopilot/autopilot.o
                0x0000000008001348                autopilot_stateFailsafeStart
 .text.autopilot_stateFailsafeMain
                0x0000000008001368       0x20 ./Core/Src/autopilot/autopilot.o
                0x0000000008001368                autopilot_stateFailsafeMain
 .text.autopilot_KalmanInit
                0x0000000008001388       0x62 ./Core/Src/autopilot/autopilot.o
                0x0000000008001388                autopilot_KalmanInit
 .text.autopilot_KalmanUpd
                0x00000000080013ea      0x1f4 ./Core/Src/autopilot/autopilot.o
                0x00000000080013ea                autopilot_KalmanUpd
 *fill*         0x00000000080015de        0x2 
 .text.autopilot_UpdAngles
                0x00000000080015e0      0x178 ./Core/Src/autopilot/autopilot.o
                0x00000000080015e0                autopilot_UpdAngles
 .text.autopilot_expRunningAverage
                0x0000000008001758       0x8c ./Core/Src/autopilot/autopilot.o
                0x0000000008001758                autopilot_expRunningAverage
 .text.cfg_NodeApVarProp
                0x00000000080017e4       0xd4 ./Core/Src/autopilot/autopilot.o
                0x00000000080017e4                cfg_NodeApVarProp
 .text.cfg_NodeApVarGet
                0x00000000080018b8       0x78 ./Core/Src/autopilot/autopilot.o
                0x00000000080018b8                cfg_NodeApVarGet
 .text.cfg_NodeApVarSet
                0x0000000008001930       0x4c ./Core/Src/autopilot/autopilot.o
                0x0000000008001930                cfg_NodeApVarSet
 .text.battery_Timer
                0x000000000800197c       0x3c ./Core/Src/battery/battery_interface.o
                0x000000000800197c                battery_Timer
 .text.battery_InitTask
                0x00000000080019b8       0x38 ./Core/Src/battery/battery_interface.o
                0x00000000080019b8                battery_InitTask
 .text.battery_Task
                0x00000000080019f0       0xdc ./Core/Src/battery/battery_interface.o
                0x00000000080019f0                battery_Task
 .text.battery_filterInit
                0x0000000008001acc       0x58 ./Core/Src/battery/battery_interface.o
 .text.battery_calcPerc
                0x0000000008001b24       0xb4 ./Core/Src/battery/battery_interface.o
                0x0000000008001b24                battery_calcPerc
 .text.analog_map
                0x0000000008001bd8       0x38 ./Core/Src/battery/battery_interface.o
 .text.cfg_NodeBatVarProp
                0x0000000008001c10       0xb0 ./Core/Src/battery/battery_interface.o
                0x0000000008001c10                cfg_NodeBatVarProp
 .text.cfg_NodeBatVarGet
                0x0000000008001cc0       0x68 ./Core/Src/battery/battery_interface.o
                0x0000000008001cc0                cfg_NodeBatVarGet
 .text.cfg_NodeBatVarSet
                0x0000000008001d28       0x40 ./Core/Src/battery/battery_interface.o
                0x0000000008001d28                cfg_NodeBatVarSet
 .text.cfg_GetNodeName
                0x0000000008001d68       0xec ./Core/Src/configurator/cfg_interface.o
                0x0000000008001d68                cfg_GetNodeName
 .text.cfg_GetNode
                0x0000000008001e54       0x60 ./Core/Src/configurator/cfg_interface.o
                0x0000000008001e54                cfg_GetNode
 .text.cfg_NodeFwVarProp
                0x0000000008001eb4       0x7c ./Core/Src/configurator/cfg_interface.o
                0x0000000008001eb4                cfg_NodeFwVarProp
 .text.cfg_NodeFwVarGet
                0x0000000008001f30       0x44 ./Core/Src/configurator/cfg_interface.o
                0x0000000008001f30                cfg_NodeFwVarGet
 .text.cfg_NodeFwVarSet
                0x0000000008001f74       0x50 ./Core/Src/configurator/cfg_interface.o
                0x0000000008001f74                cfg_NodeFwVarSet
 .text.cfg_NodeMainVarProp
                0x0000000008001fc4       0xd4 ./Core/Src/configurator/cfg_interface.o
                0x0000000008001fc4                cfg_NodeMainVarProp
 .text.cfg_NodeMainVarGet
                0x0000000008002098       0x70 ./Core/Src/configurator/cfg_interface.o
                0x0000000008002098                cfg_NodeMainVarGet
 .text.cfg_NodeMainVarSet
                0x0000000008002108       0x7c ./Core/Src/configurator/cfg_interface.o
                0x0000000008002108                cfg_NodeMainVarSet
 .text.cfg_Timer
                0x0000000008002184       0x6c ./Core/Src/configurator/cfg_interface.o
                0x0000000008002184                cfg_Timer
 .text.cfg_InitTask
                0x00000000080021f0       0xcc ./Core/Src/configurator/cfg_interface.o
                0x00000000080021f0                cfg_InitTask
 .text.cfg_Task
                0x00000000080022bc      0x830 ./Core/Src/configurator/cfg_interface.o
                0x00000000080022bc                cfg_Task
 .text.cfg_RcvData
                0x0000000008002aec      0x2f8 ./Core/Src/configurator/cfg_interface.o
                0x0000000008002aec                cfg_RcvData
 .text.cfg_ringBufRead16b
                0x0000000008002de4       0x3c ./Core/Src/configurator/cfg_interface.o
                0x0000000008002de4                cfg_ringBufRead16b
 .text.cfg_SaveSettings
                0x0000000008002e20      0x250 ./Core/Src/configurator/cfg_interface.o
                0x0000000008002e20                cfg_SaveSettings
 .text.cfg_LoadSettings
                0x0000000008003070      0x15c ./Core/Src/configurator/cfg_interface.o
                0x0000000008003070                cfg_LoadSettings
 .text.cfg_ClearFwBuf
                0x00000000080031cc       0x30 ./Core/Src/configurator/cfg_interface.o
                0x00000000080031cc                cfg_ClearFwBuf
 .text.cfg_WriteFwData
                0x00000000080031fc       0x4c ./Core/Src/configurator/cfg_interface.o
                0x00000000080031fc                cfg_WriteFwData
 .text.cfg_AddTxData
                0x0000000008003248       0xa4 ./Core/Src/configurator/cfg_interface.o
                0x0000000008003248                cfg_AddTxData
 .text.cfg_IntertTxData
                0x00000000080032ec      0x1d8 ./Core/Src/configurator/cfg_interface.o
                0x00000000080032ec                cfg_IntertTxData
 .text.cfg_RemTxData
                0x00000000080034c4      0x154 ./Core/Src/configurator/cfg_interface.o
                0x00000000080034c4                cfg_RemTxData
 .text.cfg_TxDataCh0
                0x0000000008003618       0x1c ./Core/Src/configurator/cfg_interface.o
                0x0000000008003618                cfg_TxDataCh0
 .text.cfg_TxDataCh1USB
                0x0000000008003634       0x1e ./Core/Src/configurator/cfg_interface.o
                0x0000000008003634                cfg_TxDataCh1USB
 *fill*         0x0000000008003652        0x2 
 .text.crc16_calc
                0x0000000008003654       0x54 ./Core/Src/crc/crc.o
                0x0000000008003654                crc16_calc
 .text.crc16_RingBuf
                0x00000000080036a8       0x70 ./Core/Src/crc/crc.o
                0x00000000080036a8                crc16_RingBuf
 .text.crc32_calc
                0x0000000008003718       0x54 ./Core/Src/crc/crc.o
                0x0000000008003718                crc32_calc
 .text.leds_Timer
                0x000000000800376c       0x78 ./Core/Src/leds/leds_interface.o
                0x000000000800376c                leds_Timer
 .text.leds_InitTask
                0x00000000080037e4      0x700 ./Core/Src/leds/leds_interface.o
                0x00000000080037e4                leds_InitTask
 .text.leds_Task
                0x0000000008003ee4     0x2bb0 ./Core/Src/leds/leds_interface.o
                0x0000000008003ee4                leds_Task
 .text.leds_setBlink
                0x0000000008006a94      0x7c0 ./Core/Src/leds/leds_interface.o
                0x0000000008006a94                leds_setBlink
 .text.leds_setFade
                0x0000000008007254      0x878 ./Core/Src/leds/leds_interface.o
                0x0000000008007254                leds_setFade
 .text.main     0x0000000008007acc       0x32 ./Core/Src/main.o
                0x0000000008007acc                main
 *fill*         0x0000000008007afe        0x2 
 .text.SystemClock_Config
                0x0000000008007b00       0xd0 ./Core/Src/main.o
                0x0000000008007b00                SystemClock_Config
 .text.MX_ADC1_Init
                0x0000000008007bd0       0xa4 ./Core/Src/main.o
 .text.MX_I2C1_Init
                0x0000000008007c74       0x5c ./Core/Src/main.o
 .text.MX_TIM3_Init
                0x0000000008007cd0       0xe0 ./Core/Src/main.o
 .text.MX_USART1_UART_Init
                0x0000000008007db0       0x54 ./Core/Src/main.o
 .text.MX_USART2_UART_Init
                0x0000000008007e04       0x54 ./Core/Src/main.o
 .text.MX_GPIO_Init
                0x0000000008007e58      0x140 ./Core/Src/main.o
 .text.MX_USART1_UART_Init115200
                0x0000000008007f98       0x54 ./Core/Src/main.o
                0x0000000008007f98                MX_USART1_UART_Init115200
 .text.HAL_UART_RxCpltCallback
                0x0000000008007fec       0x16 ./Core/Src/main.o
                0x0000000008007fec                HAL_UART_RxCpltCallback
 *fill*         0x0000000008008002        0x2 
 .text.MX_UARTReInit
                0x0000000008008004       0x18 ./Core/Src/main.o
                0x0000000008008004                MX_UARTReInit
 .text.HAL_ADC_ConvCpltCallback
                0x000000000800801c       0x16 ./Core/Src/main.o
                0x000000000800801c                HAL_ADC_ConvCpltCallback
 *fill*         0x0000000008008032        0x2 
 .text.HAL_TIM_PeriodElapsedCallback
                0x0000000008008034       0x30 ./Core/Src/main.o
                0x0000000008008034                HAL_TIM_PeriodElapsedCallback
 .text.Error_Handler
                0x0000000008008064        0xa ./Core/Src/main.o
                0x0000000008008064                Error_Handler
 *fill*         0x000000000800806e        0x2 
 .text.HAL_MspInit
                0x0000000008008070       0x50 ./Core/Src/stm32f4xx_hal_msp.o
                0x0000000008008070                HAL_MspInit
 .text.HAL_ADC_MspInit
                0x00000000080080c0       0x98 ./Core/Src/stm32f4xx_hal_msp.o
                0x00000000080080c0                HAL_ADC_MspInit
 .text.HAL_I2C_MspInit
                0x0000000008008158       0x90 ./Core/Src/stm32f4xx_hal_msp.o
                0x0000000008008158                HAL_I2C_MspInit
 .text.HAL_TIM_PWM_MspInit
                0x00000000080081e8       0x44 ./Core/Src/stm32f4xx_hal_msp.o
                0x00000000080081e8                HAL_TIM_PWM_MspInit
 .text.HAL_TIM_MspPostInit
                0x000000000800822c       0x74 ./Core/Src/stm32f4xx_hal_msp.o
                0x000000000800822c                HAL_TIM_MspPostInit
 .text.HAL_UART_MspInit
                0x00000000080082a0      0x108 ./Core/Src/stm32f4xx_hal_msp.o
                0x00000000080082a0                HAL_UART_MspInit
 .text.HAL_UART_MspDeInit
                0x00000000080083a8       0x68 ./Core/Src/stm32f4xx_hal_msp.o
                0x00000000080083a8                HAL_UART_MspDeInit
 .text.HAL_InitTick
                0x0000000008008410       0xf8 ./Core/Src/stm32f4xx_hal_timebase_tim.o
                0x0000000008008410                HAL_InitTick
 .text.NMI_Handler
                0x0000000008008508        0x6 ./Core/Src/stm32f4xx_it.o
                0x0000000008008508                NMI_Handler
 .text.HardFault_Handler
                0x000000000800850e        0x6 ./Core/Src/stm32f4xx_it.o
                0x000000000800850e                HardFault_Handler
 .text.MemManage_Handler
                0x0000000008008514        0x6 ./Core/Src/stm32f4xx_it.o
                0x0000000008008514                MemManage_Handler
 .text.BusFault_Handler
                0x000000000800851a        0x6 ./Core/Src/stm32f4xx_it.o
                0x000000000800851a                BusFault_Handler
 .text.UsageFault_Handler
                0x0000000008008520        0x6 ./Core/Src/stm32f4xx_it.o
                0x0000000008008520                UsageFault_Handler
 .text.SVC_Handler
                0x0000000008008526        0xe ./Core/Src/stm32f4xx_it.o
                0x0000000008008526                SVC_Handler
 .text.DebugMon_Handler
                0x0000000008008534        0xe ./Core/Src/stm32f4xx_it.o
                0x0000000008008534                DebugMon_Handler
 .text.PendSV_Handler
                0x0000000008008542        0xe ./Core/Src/stm32f4xx_it.o
                0x0000000008008542                PendSV_Handler
 .text.SysTick_Handler
                0x0000000008008550        0xe ./Core/Src/stm32f4xx_it.o
                0x0000000008008550                SysTick_Handler
 *fill*         0x000000000800855e        0x2 
 .text.ADC_IRQHandler
                0x0000000008008560       0x14 ./Core/Src/stm32f4xx_it.o
                0x0000000008008560                ADC_IRQHandler
 .text.TIM4_IRQHandler
                0x0000000008008574       0x14 ./Core/Src/stm32f4xx_it.o
                0x0000000008008574                TIM4_IRQHandler
 .text.USART1_IRQHandler
                0x0000000008008588       0x14 ./Core/Src/stm32f4xx_it.o
                0x0000000008008588                USART1_IRQHandler
 .text.OTG_FS_IRQHandler
                0x000000000800859c       0x14 ./Core/Src/stm32f4xx_it.o
                0x000000000800859c                OTG_FS_IRQHandler
 .text.SystemInit
                0x00000000080085b0       0x24 ./Core/Src/system_stm32f4xx.o
                0x00000000080085b0                SystemInit
 .text.modem_Timer
                0x00000000080085d4       0x48 ./Core/Src/modem/modem_interface.o
                0x00000000080085d4                modem_Timer
 .text.modem_InitTask
                0x000000000800861c       0x44 ./Core/Src/modem/modem_interface.o
                0x000000000800861c                modem_InitTask
 .text.modem_Task
                0x0000000008008660      0x230 ./Core/Src/modem/modem_interface.o
                0x0000000008008660                modem_Task
 .text.modem_RcvData
                0x0000000008008890      0x1a4 ./Core/Src/modem/modem_interface.o
                0x0000000008008890                modem_RcvData
 .text.modem_TrmData
                0x0000000008008a34       0x80 ./Core/Src/modem/modem_interface.o
                0x0000000008008a34                modem_TrmData
 .text.modem_ringBufRead16b
                0x0000000008008ab4       0x3e ./Core/Src/modem/modem_interface.o
                0x0000000008008ab4                modem_ringBufRead16b
 *fill*         0x0000000008008af2        0x2 
 .text.modem_AddTxData
                0x0000000008008af4       0x50 ./Core/Src/modem/modem_interface.o
                0x0000000008008af4                modem_AddTxData
 .text.modem_RemTxData
                0x0000000008008b44       0x74 ./Core/Src/modem/modem_interface.o
                0x0000000008008b44                modem_RemTxData
 .text.motor_Timer
                0x0000000008008bb8       0x54 ./Core/Src/motor/motor_interface.o
                0x0000000008008bb8                motor_Timer
 .text.motor_InitTask
                0x0000000008008c0c       0x98 ./Core/Src/motor/motor_interface.o
                0x0000000008008c0c                motor_InitTask
 .text.motor_Task
                0x0000000008008ca4        0xe ./Core/Src/motor/motor_interface.o
                0x0000000008008ca4                motor_Task
 *fill*         0x0000000008008cb2        0x2 
 .text.motor_setEnable
                0x0000000008008cb4      0x23c ./Core/Src/motor/motor_interface.o
                0x0000000008008cb4                motor_setEnable
 .text.motor_setTorque
                0x0000000008008ef0      0x1dc ./Core/Src/motor/motor_interface.o
                0x0000000008008ef0                motor_setTorque
 .text.motor_map
                0x00000000080090cc       0x38 ./Core/Src/motor/motor_interface.o
                0x00000000080090cc                motor_map
 .text.cfg_NodeMotorVarProp
                0x0000000008009104      0x108 ./Core/Src/motor/motor_interface.o
                0x0000000008009104                cfg_NodeMotorVarProp
 .text.cfg_NodeMotorVarGet
                0x000000000800920c       0xa4 ./Core/Src/motor/motor_interface.o
                0x000000000800920c                cfg_NodeMotorVarGet
 .text.cfg_NodeMotorVarSet
                0x00000000080092b0       0x90 ./Core/Src/motor/motor_interface.o
                0x00000000080092b0                cfg_NodeMotorVarSet
 .text.rc_Timer
                0x0000000008009340       0x48 ./Core/Src/rc/rc_interface.o
                0x0000000008009340                rc_Timer
 .text.rc_InitTask
                0x0000000008009388       0x50 ./Core/Src/rc/rc_interface.o
                0x0000000008009388                rc_InitTask
 .text.rc_Task  0x00000000080093d8      0x168 ./Core/Src/rc/rc_interface.o
                0x00000000080093d8                rc_Task
 .text.rc_RcvData
                0x0000000008009540      0x154 ./Core/Src/rc/rc_interface.o
                0x0000000008009540                rc_RcvData
 .text.rc_ringBufRead16b
                0x0000000008009694       0x3e ./Core/Src/rc/rc_interface.o
                0x0000000008009694                rc_ringBufRead16b
 *fill*         0x00000000080096d2        0x2 
 .text.rc_AddTxData
                0x00000000080096d4       0x48 ./Core/Src/rc/rc_interface.o
                0x00000000080096d4                rc_AddTxData
 .text.cfg_NodeRcVarProp
                0x000000000800971c      0x170 ./Core/Src/rc/rc_interface.o
                0x000000000800971c                cfg_NodeRcVarProp
 .text.cfg_NodeRcVarGet
                0x000000000800988c       0xfc ./Core/Src/rc/rc_interface.o
                0x000000000800988c                cfg_NodeRcVarGet
 .text.cfg_NodeRcVarSet
                0x0000000008009988       0x8c ./Core/Src/rc/rc_interface.o
                0x0000000008009988                cfg_NodeRcVarSet
 .text.sens_Timer
                0x0000000008009a14       0x48 ./Core/Src/sensors/sens_interface.o
                0x0000000008009a14                sens_Timer
 .text.sens_InitTask
                0x0000000008009a5c       0x18 ./Core/Src/sensors/sens_interface.o
                0x0000000008009a5c                sens_InitTask
 .text.sens_Task
                0x0000000008009a74      0x16c ./Core/Src/sensors/sens_interface.o
                0x0000000008009a74                sens_Task
 .text.sens_CalibrateStep
                0x0000000008009be0       0x84 ./Core/Src/sensors/sens_interface.o
                0x0000000008009be0                sens_CalibrateStep
 .text.sens_SetGyroRange
                0x0000000008009c64       0x28 ./Core/Src/sensors/sens_interface.o
                0x0000000008009c64                sens_SetGyroRange
 .text.sens_SetAccelRange
                0x0000000008009c8c       0x28 ./Core/Src/sensors/sens_interface.o
                0x0000000008009c8c                sens_SetAccelRange
 *fill*         0x0000000008009cb4        0x4 
 .text.sens_UpdData
                0x0000000008009cb8      0x2f8 ./Core/Src/sensors/sens_interface.o
                0x0000000008009cb8                sens_UpdData
 .text.sens_WriteByte
                0x0000000008009fb0       0x38 ./Core/Src/sensors/sens_interface.o
                0x0000000008009fb0                sens_WriteByte
 .text.sens_Read
                0x0000000008009fe8       0x48 ./Core/Src/sensors/sens_interface.o
                0x0000000008009fe8                sens_Read
 .text.cfg_NodeSensVarProp
                0x000000000800a030      0x1c0 ./Core/Src/sensors/sens_interface.o
                0x000000000800a030                cfg_NodeSensVarProp
 .text.cfg_NodeSensVarGet
                0x000000000800a1f0       0xf8 ./Core/Src/sensors/sens_interface.o
                0x000000000800a1f0                cfg_NodeSensVarGet
 .text.cfg_NodeSensVarSet
                0x000000000800a2e8       0x3c ./Core/Src/sensors/sens_interface.o
                0x000000000800a2e8                cfg_NodeSensVarSet
 .text.servo_Timer
                0x000000000800a324       0x50 ./Core/Src/servo/servo_interface.o
                0x000000000800a324                servo_Timer
 .text.servo_InitTask
                0x000000000800a374      0x104 ./Core/Src/servo/servo_interface.o
                0x000000000800a374                servo_InitTask
 .text.servo_Task
                0x000000000800a478        0xe ./Core/Src/servo/servo_interface.o
                0x000000000800a478                servo_Task
 .text.servo_angToPWM
                0x000000000800a486       0x28 ./Core/Src/servo/servo_interface.o
                0x000000000800a486                servo_angToPWM
 *fill*         0x000000000800a4ae        0x2 
 .text.servo_setAng
                0x000000000800a4b0      0x168 ./Core/Src/servo/servo_interface.o
                0x000000000800a4b0                servo_setAng
 .text.servo_setPercnet
                0x000000000800a618       0xd0 ./Core/Src/servo/servo_interface.o
                0x000000000800a618                servo_setPercnet
 .text.servo_setEnable
                0x000000000800a6e8      0x1ec ./Core/Src/servo/servo_interface.o
                0x000000000800a6e8                servo_setEnable
 .text.servo_map
                0x000000000800a8d4       0x38 ./Core/Src/servo/servo_interface.o
                0x000000000800a8d4                servo_map
 .text.cfg_NodeServoVarProp
                0x000000000800a90c      0x1d8 ./Core/Src/servo/servo_interface.o
                0x000000000800a90c                cfg_NodeServoVarProp
 .text.cfg_NodeServoVarGet
                0x000000000800aae4      0x13c ./Core/Src/servo/servo_interface.o
                0x000000000800aae4                cfg_NodeServoVarGet
 .text.cfg_NodeServoVarSet
                0x000000000800ac20      0x114 ./Core/Src/servo/servo_interface.o
                0x000000000800ac20                cfg_NodeServoVarSet
 .text.system_Timer
                0x000000000800ad34       0x94 ./Core/Src/system/system.o
                0x000000000800ad34                system_Timer
 .text.system_Init
                0x000000000800adc8       0x60 ./Core/Src/system/system.o
                0x000000000800adc8                system_Init
 .text.system_Task
                0x000000000800ae28      0x100 ./Core/Src/system/system.o
                0x000000000800ae28                system_Task
 .text.system_UARTmodemSet115200
                0x000000000800af28       0x2c ./Core/Src/system/system.o
                0x000000000800af28                system_UARTmodemSet115200
 .text.system_ModemRxCallback
                0x000000000800af54       0x6c ./Core/Src/system/system.o
                0x000000000800af54                system_ModemRxCallback
 .text.system_ADC_ConvCpltCallback
                0x000000000800afc0       0x6c ./Core/Src/system/system.o
                0x000000000800afc0                system_ADC_ConvCpltCallback
 .text.system_UART_RxCpltCallback
                0x000000000800b02c       0x48 ./Core/Src/system/system.o
                0x000000000800b02c                system_UART_RxCpltCallback
 .text.Reset_Handler
                0x000000000800b074       0x50 ./Core/Startup/startup_stm32f411ceux.o
                0x000000000800b074                Reset_Handler
 .text.Default_Handler
                0x000000000800b0c4        0x2 ./Core/Startup/startup_stm32f411ceux.o
                0x000000000800b0c4                RTC_Alarm_IRQHandler
                0x000000000800b0c4                EXTI2_IRQHandler
                0x000000000800b0c4                SPI4_IRQHandler
                0x000000000800b0c4                TIM1_CC_IRQHandler
                0x000000000800b0c4                DMA2_Stream5_IRQHandler
                0x000000000800b0c4                DMA1_Stream5_IRQHandler
                0x000000000800b0c4                PVD_IRQHandler
                0x000000000800b0c4                SDIO_IRQHandler
                0x000000000800b0c4                TAMP_STAMP_IRQHandler
                0x000000000800b0c4                EXTI3_IRQHandler
                0x000000000800b0c4                TIM1_UP_TIM10_IRQHandler
                0x000000000800b0c4                I2C3_ER_IRQHandler
                0x000000000800b0c4                EXTI0_IRQHandler
                0x000000000800b0c4                I2C2_EV_IRQHandler
                0x000000000800b0c4                DMA1_Stream2_IRQHandler
                0x000000000800b0c4                FPU_IRQHandler
                0x000000000800b0c4                DMA2_Stream2_IRQHandler
                0x000000000800b0c4                SPI1_IRQHandler
                0x000000000800b0c4                TIM1_BRK_TIM9_IRQHandler
                0x000000000800b0c4                DMA2_Stream3_IRQHandler
                0x000000000800b0c4                USART6_IRQHandler
                0x000000000800b0c4                DMA2_Stream0_IRQHandler
                0x000000000800b0c4                I2C1_EV_IRQHandler
                0x000000000800b0c4                DMA1_Stream6_IRQHandler
                0x000000000800b0c4                DMA1_Stream1_IRQHandler
                0x000000000800b0c4                TIM3_IRQHandler
                0x000000000800b0c4                RCC_IRQHandler
                0x000000000800b0c4                Default_Handler
                0x000000000800b0c4                EXTI15_10_IRQHandler
                0x000000000800b0c4                DMA1_Stream7_IRQHandler
                0x000000000800b0c4                SPI5_IRQHandler
                0x000000000800b0c4                TIM5_IRQHandler
                0x000000000800b0c4                DMA2_Stream7_IRQHandler
                0x000000000800b0c4                I2C3_EV_IRQHandler
                0x000000000800b0c4                EXTI9_5_IRQHandler
                0x000000000800b0c4                RTC_WKUP_IRQHandler
                0x000000000800b0c4                SPI2_IRQHandler
                0x000000000800b0c4                DMA1_Stream0_IRQHandler
                0x000000000800b0c4                EXTI4_IRQHandler
                0x000000000800b0c4                WWDG_IRQHandler
                0x000000000800b0c4                TIM2_IRQHandler
                0x000000000800b0c4                OTG_FS_WKUP_IRQHandler
                0x000000000800b0c4                TIM1_TRG_COM_TIM11_IRQHandler
                0x000000000800b0c4                EXTI1_IRQHandler
                0x000000000800b0c4                USART2_IRQHandler
                0x000000000800b0c4                I2C2_ER_IRQHandler
                0x000000000800b0c4                DMA2_Stream1_IRQHandler
                0x000000000800b0c4                FLASH_IRQHandler
                0x000000000800b0c4                DMA2_Stream4_IRQHandler
                0x000000000800b0c4                SPI3_IRQHandler
                0x000000000800b0c4                DMA1_Stream4_IRQHandler
                0x000000000800b0c4                I2C1_ER_IRQHandler
                0x000000000800b0c4                DMA2_Stream6_IRQHandler
                0x000000000800b0c4                DMA1_Stream3_IRQHandler
 *fill*         0x000000000800b0c6        0x2 
 .text.HAL_Init
                0x000000000800b0c8       0x44 ./Drivers/STM32F4xx_HAL_Driver/Src/stm32f4xx_hal.o
                0x000000000800b0c8                HAL_Init
 .text.HAL_IncTick
                0x000000000800b10c       0x28 ./Drivers/STM32F4xx_HAL_Driver/Src/stm32f4xx_hal.o
                0x000000000800b10c                HAL_IncTick
 .text.HAL_GetTick
                0x000000000800b134       0x18 ./Drivers/STM32F4xx_HAL_Driver/Src/stm32f4xx_hal.o
                0x000000000800b134                HAL_GetTick
 .text.HAL_Delay
                0x000000000800b14c       0x48 ./Drivers/STM32F4xx_HAL_Driver/Src/stm32f4xx_hal.o
                0x000000000800b14c                HAL_Delay
 .text.HAL_ADC_Init
                0x000000000800b194       0x86 ./Drivers/STM32F4xx_HAL_Driver/Src/stm32f4xx_hal_adc.o
                0x000000000800b194                HAL_ADC_Init
 *fill*         0x000000000800b21a        0x2 
 .text.HAL_ADC_Start_IT
                0x000000000800b21c      0x17c ./Drivers/STM32F4xx_HAL_Driver/Src/stm32f4xx_hal_adc.o
                0x000000000800b21c                HAL_ADC_Start_IT
 .text.HAL_ADC_IRQHandler
                0x000000000800b398      0x220 ./Drivers/STM32F4xx_HAL_Driver/Src/stm32f4xx_hal_adc.o
                0x000000000800b398                HAL_ADC_IRQHandler
 .text.HAL_ADC_GetValue
                0x000000000800b5b8       0x1a ./Drivers/STM32F4xx_HAL_Driver/Src/stm32f4xx_hal_adc.o
                0x000000000800b5b8                HAL_ADC_GetValue
 .text.HAL_ADC_LevelOutOfWindowCallback
                0x000000000800b5d2       0x14 ./Drivers/STM32F4xx_HAL_Driver/Src/stm32f4xx_hal_adc.o
                0x000000000800b5d2                HAL_ADC_LevelOutOfWindowCallback
 .text.HAL_ADC_ErrorCallback
                0x000000000800b5e6       0x14 ./Drivers/STM32F4xx_HAL_Driver/Src/stm32f4xx_hal_adc.o
                0x000000000800b5e6                HAL_ADC_ErrorCallback
 *fill*         0x000000000800b5fa        0x2 
 .text.HAL_ADC_ConfigChannel
                0x000000000800b5fc      0x264 ./Drivers/STM32F4xx_HAL_Driver/Src/stm32f4xx_hal_adc.o
                0x000000000800b5fc                HAL_ADC_ConfigChannel
 .text.ADC_Init
                0x000000000800b860      0x1f8 ./Drivers/STM32F4xx_HAL_Driver/Src/stm32f4xx_hal_adc.o
 .text.HAL_ADCEx_InjectedConvCpltCallback
                0x000000000800ba58       0x14 ./Drivers/STM32F4xx_HAL_Driver/Src/stm32f4xx_hal_adc_ex.o
                0x000000000800ba58                HAL_ADCEx_InjectedConvCpltCallback
 .text.__NVIC_SetPriorityGrouping
                0x000000000800ba6c       0x48 ./Drivers/STM32F4xx_HAL_Driver/Src/stm32f4xx_hal_cortex.o
 .text.__NVIC_GetPriorityGrouping
                0x000000000800bab4       0x1c ./Drivers/STM32F4xx_HAL_Driver/Src/stm32f4xx_hal_cortex.o
 .text.__NVIC_EnableIRQ
                0x000000000800bad0       0x3c ./Drivers/STM32F4xx_HAL_Driver/Src/stm32f4xx_hal_cortex.o
 .text.__NVIC_DisableIRQ
                0x000000000800bb0c       0x48 ./Drivers/STM32F4xx_HAL_Driver/Src/stm32f4xx_hal_cortex.o
 .text.__NVIC_SetPriority
                0x000000000800bb54       0x54 ./Drivers/STM32F4xx_HAL_Driver/Src/stm32f4xx_hal_cortex.o
 .text.NVIC_EncodePriority
                0x000000000800bba8       0x66 ./Drivers/STM32F4xx_HAL_Driver/Src/stm32f4xx_hal_cortex.o
 .text.HAL_NVIC_SetPriorityGrouping
                0x000000000800bc0e       0x16 ./Drivers/STM32F4xx_HAL_Driver/Src/stm32f4xx_hal_cortex.o
                0x000000000800bc0e                HAL_NVIC_SetPriorityGrouping
 .text.HAL_NVIC_SetPriority
                0x000000000800bc24       0x38 ./Drivers/STM32F4xx_HAL_Driver/Src/stm32f4xx_hal_cortex.o
                0x000000000800bc24                HAL_NVIC_SetPriority
 .text.HAL_NVIC_EnableIRQ
                0x000000000800bc5c       0x1c ./Drivers/STM32F4xx_HAL_Driver/Src/stm32f4xx_hal_cortex.o
                0x000000000800bc5c                HAL_NVIC_EnableIRQ
 .text.HAL_NVIC_DisableIRQ
                0x000000000800bc78       0x1c ./Drivers/STM32F4xx_HAL_Driver/Src/stm32f4xx_hal_cortex.o
                0x000000000800bc78                HAL_NVIC_DisableIRQ
 .text.HAL_DMA_Abort
                0x000000000800bc94       0xe0 ./Drivers/STM32F4xx_HAL_Driver/Src/stm32f4xx_hal_dma.o
                0x000000000800bc94                HAL_DMA_Abort
 .text.HAL_DMA_Abort_IT
                0x000000000800bd74       0x44 ./Drivers/STM32F4xx_HAL_Driver/Src/stm32f4xx_hal_dma.o
                0x000000000800bd74                HAL_DMA_Abort_IT
 .text.HAL_FLASH_Program
                0x000000000800bdb8       0xa8 ./Drivers/STM32F4xx_HAL_Driver/Src/stm32f4xx_hal_flash.o
                0x000000000800bdb8                HAL_FLASH_Program
 .text.HAL_FLASH_Unlock
                0x000000000800be60       0x44 ./Drivers/STM32F4xx_HAL_Driver/Src/stm32f4xx_hal_flash.o
                0x000000000800be60                HAL_FLASH_Unlock
 .text.HAL_FLASH_Lock
                0x000000000800bea4       0x20 ./Drivers/STM32F4xx_HAL_Driver/Src/stm32f4xx_hal_flash.o
                0x000000000800bea4                HAL_FLASH_Lock
 .text.FLASH_WaitForLastOperation
                0x000000000800bec4       0x80 ./Drivers/STM32F4xx_HAL_Driver/Src/stm32f4xx_hal_flash.o
                0x000000000800bec4                FLASH_WaitForLastOperation
 .text.FLASH_Program_DoubleWord
                0x000000000800bf44       0x64 ./Drivers/STM32F4xx_HAL_Driver/Src/stm32f4xx_hal_flash.o
 .text.FLASH_Program_Word
                0x000000000800bfa8       0x44 ./Drivers/STM32F4xx_HAL_Driver/Src/stm32f4xx_hal_flash.o
 .text.FLASH_Program_HalfWord
                0x000000000800bfec       0x48 ./Drivers/STM32F4xx_HAL_Driver/Src/stm32f4xx_hal_flash.o
 .text.FLASH_Program_Byte
                0x000000000800c034       0x44 ./Drivers/STM32F4xx_HAL_Driver/Src/stm32f4xx_hal_flash.o
 .text.FLASH_SetErrorCode
                0x000000000800c078       0xcc ./Drivers/STM32F4xx_HAL_Driver/Src/stm32f4xx_hal_flash.o
 .text.FLASH_Erase_Sector
                0x000000000800c144       0x90 ./Drivers/STM32F4xx_HAL_Driver/Src/stm32f4xx_hal_flash_ex.o
                0x000000000800c144                FLASH_Erase_Sector
 .text.HAL_GPIO_Init
                0x000000000800c1d4      0x308 ./Drivers/STM32F4xx_HAL_Driver/Src/stm32f4xx_hal_gpio.o
                0x000000000800c1d4                HAL_GPIO_Init
 .text.HAL_GPIO_DeInit
                0x000000000800c4dc      0x1c8 ./Drivers/STM32F4xx_HAL_Driver/Src/stm32f4xx_hal_gpio.o
                0x000000000800c4dc                HAL_GPIO_DeInit
 .text.HAL_GPIO_ReadPin
                0x000000000800c6a4       0x30 ./Drivers/STM32F4xx_HAL_Driver/Src/stm32f4xx_hal_gpio.o
                0x000000000800c6a4                HAL_GPIO_ReadPin
 .text.HAL_GPIO_WritePin
                0x000000000800c6d4       0x32 ./Drivers/STM32F4xx_HAL_Driver/Src/stm32f4xx_hal_gpio.o
                0x000000000800c6d4                HAL_GPIO_WritePin
 *fill*         0x000000000800c706        0x2 
 .text.HAL_I2C_Init
                0x000000000800c708      0x288 ./Drivers/STM32F4xx_HAL_Driver/Src/stm32f4xx_hal_i2c.o
                0x000000000800c708                HAL_I2C_Init
 .text.HAL_I2C_Mem_Write
                0x000000000800c990      0x1f4 ./Drivers/STM32F4xx_HAL_Driver/Src/stm32f4xx_hal_i2c.o
                0x000000000800c990                HAL_I2C_Mem_Write
 .text.HAL_I2C_Mem_Read
                0x000000000800cb84      0x44c ./Drivers/STM32F4xx_HAL_Driver/Src/stm32f4xx_hal_i2c.o
                0x000000000800cb84                HAL_I2C_Mem_Read
 .text.I2C_RequestMemoryWrite
                0x000000000800cfd0      0x12c ./Drivers/STM32F4xx_HAL_Driver/Src/stm32f4xx_hal_i2c.o
 .text.I2C_RequestMemoryRead
                0x000000000800d0fc      0x1d0 ./Drivers/STM32F4xx_HAL_Driver/Src/stm32f4xx_hal_i2c.o
 .text.I2C_WaitOnFlagUntilTimeout
                0x000000000800d2cc       0xae ./Drivers/STM32F4xx_HAL_Driver/Src/stm32f4xx_hal_i2c.o
 .text.I2C_WaitOnMasterAddressFlagUntilTimeout
                0x000000000800d37a       0xfe ./Drivers/STM32F4xx_HAL_Driver/Src/stm32f4xx_hal_i2c.o
 .text.I2C_WaitOnTXEFlagUntilTimeout
                0x000000000800d478       0x82 ./Drivers/STM32F4xx_HAL_Driver/Src/stm32f4xx_hal_i2c.o
 .text.I2C_WaitOnBTFFlagUntilTimeout
                0x000000000800d4fa       0x82 ./Drivers/STM32F4xx_HAL_Driver/Src/stm32f4xx_hal_i2c.o
 .text.I2C_WaitOnRXNEFlagUntilTimeout
                0x000000000800d57c       0xac ./Drivers/STM32F4xx_HAL_Driver/Src/stm32f4xx_hal_i2c.o
 .text.I2C_IsAcknowledgeFailed
                0x000000000800d628       0x5e ./Drivers/STM32F4xx_HAL_Driver/Src/stm32f4xx_hal_i2c.o
 .text.HAL_PCD_Init
                0x000000000800d686      0x23a ./Drivers/STM32F4xx_HAL_Driver/Src/stm32f4xx_hal_pcd.o
                0x000000000800d686                HAL_PCD_Init
 .text.HAL_PCD_Start
                0x000000000800d8c0       0x66 ./Drivers/STM32F4xx_HAL_Driver/Src/stm32f4xx_hal_pcd.o
                0x000000000800d8c0                HAL_PCD_Start
 .text.HAL_PCD_IRQHandler
                0x000000000800d926      0x93e ./Drivers/STM32F4xx_HAL_Driver/Src/stm32f4xx_hal_pcd.o
                0x000000000800d926                HAL_PCD_IRQHandler
 .text.HAL_PCD_SetAddress
                0x000000000800e264       0x4a ./Drivers/STM32F4xx_HAL_Driver/Src/stm32f4xx_hal_pcd.o
                0x000000000800e264                HAL_PCD_SetAddress
 .text.HAL_PCD_EP_Open
                0x000000000800e2ae       0xd0 ./Drivers/STM32F4xx_HAL_Driver/Src/stm32f4xx_hal_pcd.o
                0x000000000800e2ae                HAL_PCD_EP_Open
 .text.HAL_PCD_EP_Close
                0x000000000800e37e       0x94 ./Drivers/STM32F4xx_HAL_Driver/Src/stm32f4xx_hal_pcd.o
                0x000000000800e37e                HAL_PCD_EP_Close
 .text.HAL_PCD_EP_Receive
                0x000000000800e412       0x96 ./Drivers/STM32F4xx_HAL_Driver/Src/stm32f4xx_hal_pcd.o
                0x000000000800e412                HAL_PCD_EP_Receive
 .text.HAL_PCD_EP_GetRxCount
                0x000000000800e4a8       0x30 ./Drivers/STM32F4xx_HAL_Driver/Src/stm32f4xx_hal_pcd.o
                0x000000000800e4a8                HAL_PCD_EP_GetRxCount
 .text.HAL_PCD_EP_Transmit
                0x000000000800e4d8       0x94 ./Drivers/STM32F4xx_HAL_Driver/Src/stm32f4xx_hal_pcd.o
                0x000000000800e4d8                HAL_PCD_EP_Transmit
 .text.HAL_PCD_EP_SetStall
                0x000000000800e56c       0xc8 ./Drivers/STM32F4xx_HAL_Driver/Src/stm32f4xx_hal_pcd.o
                0x000000000800e56c                HAL_PCD_EP_SetStall
 .text.HAL_PCD_EP_ClrStall
                0x000000000800e634       0xac ./Drivers/STM32F4xx_HAL_Driver/Src/stm32f4xx_hal_pcd.o
                0x000000000800e634                HAL_PCD_EP_ClrStall
 .text.HAL_PCD_EP_Abort
                0x000000000800e6e0       0x62 ./Drivers/STM32F4xx_HAL_Driver/Src/stm32f4xx_hal_pcd.o
                0x000000000800e6e0                HAL_PCD_EP_Abort
 .text.PCD_WriteEmptyTxFifo
                0x000000000800e742      0x11a ./Drivers/STM32F4xx_HAL_Driver/Src/stm32f4xx_hal_pcd.o
 .text.PCD_EP_OutXfrComplete_int
                0x000000000800e85c      0x1d0 ./Drivers/STM32F4xx_HAL_Driver/Src/stm32f4xx_hal_pcd.o
 .text.PCD_EP_OutSetupPacket_int
                0x000000000800ea2c       0x8c ./Drivers/STM32F4xx_HAL_Driver/Src/stm32f4xx_hal_pcd.o
 .text.HAL_PCDEx_SetTxFiFo
                0x000000000800eab8       0x8e ./Drivers/STM32F4xx_HAL_Driver/Src/stm32f4xx_hal_pcd_ex.o
                0x000000000800eab8                HAL_PCDEx_SetTxFiFo
 .text.HAL_PCDEx_SetRxFiFo
                0x000000000800eb46       0x22 ./Drivers/STM32F4xx_HAL_Driver/Src/stm32f4xx_hal_pcd_ex.o
                0x000000000800eb46                HAL_PCDEx_SetRxFiFo
 .text.HAL_PCDEx_LPM_Callback
                0x000000000800eb68       0x18 ./Drivers/STM32F4xx_HAL_Driver/Src/stm32f4xx_hal_pcd_ex.o
                0x000000000800eb68                HAL_PCDEx_LPM_Callback
 .text.HAL_RCC_OscConfig
                0x000000000800eb80      0x4f0 ./Drivers/STM32F4xx_HAL_Driver/Src/stm32f4xx_hal_rcc.o
                0x000000000800eb80                HAL_RCC_OscConfig
 .text.HAL_RCC_ClockConfig
                0x000000000800f070      0x1cc ./Drivers/STM32F4xx_HAL_Driver/Src/stm32f4xx_hal_rcc.o
                0x000000000800f070                HAL_RCC_ClockConfig
 .text.HAL_RCC_GetSysClockFreq
                0x000000000800f23c      0x18c ./Drivers/STM32F4xx_HAL_Driver/Src/stm32f4xx_hal_rcc.o
                0x000000000800f23c                HAL_RCC_GetSysClockFreq
 .text.HAL_RCC_GetHCLKFreq
                0x000000000800f3c8       0x18 ./Drivers/STM32F4xx_HAL_Driver/Src/stm32f4xx_hal_rcc.o
                0x000000000800f3c8                HAL_RCC_GetHCLKFreq
 .text.HAL_RCC_GetPCLK1Freq
                0x000000000800f3e0       0x28 ./Drivers/STM32F4xx_HAL_Driver/Src/stm32f4xx_hal_rcc.o
                0x000000000800f3e0                HAL_RCC_GetPCLK1Freq
 .text.HAL_RCC_GetPCLK2Freq
                0x000000000800f408       0x28 ./Drivers/STM32F4xx_HAL_Driver/Src/stm32f4xx_hal_rcc.o
                0x000000000800f408                HAL_RCC_GetPCLK2Freq
 .text.HAL_RCC_GetClockConfig
                0x000000000800f430       0x64 ./Drivers/STM32F4xx_HAL_Driver/Src/stm32f4xx_hal_rcc.o
                0x000000000800f430                HAL_RCC_GetClockConfig
 .text.HAL_TIM_Base_Init
                0x000000000800f494       0x9e ./Drivers/STM32F4xx_HAL_Driver/Src/stm32f4xx_hal_tim.o
                0x000000000800f494                HAL_TIM_Base_Init
 .text.HAL_TIM_Base_MspInit
                0x000000000800f532       0x14 ./Drivers/STM32F4xx_HAL_Driver/Src/stm32f4xx_hal_tim.o
                0x000000000800f532                HAL_TIM_Base_MspInit
 *fill*         0x000000000800f546        0x2 
 .text.HAL_TIM_Base_Start_IT
                0x000000000800f548       0xc4 ./Drivers/STM32F4xx_HAL_Driver/Src/stm32f4xx_hal_tim.o
                0x000000000800f548                HAL_TIM_Base_Start_IT
 .text.HAL_TIM_PWM_Init
                0x000000000800f60c       0x9e ./Drivers/STM32F4xx_HAL_Driver/Src/stm32f4xx_hal_tim.o
                0x000000000800f60c                HAL_TIM_PWM_Init
 *fill*         0x000000000800f6aa        0x2 
 .text.HAL_TIM_PWM_Start
                0x000000000800f6ac      0x160 ./Drivers/STM32F4xx_HAL_Driver/Src/stm32f4xx_hal_tim.o
                0x000000000800f6ac                HAL_TIM_PWM_Start
 .text.HAL_TIM_IRQHandler
                0x000000000800f80c      0x210 ./Drivers/STM32F4xx_HAL_Driver/Src/stm32f4xx_hal_tim.o
                0x000000000800f80c                HAL_TIM_IRQHandler
 .text.HAL_TIM_PWM_ConfigChannel
                0x000000000800fa1c      0x184 ./Drivers/STM32F4xx_HAL_Driver/Src/stm32f4xx_hal_tim.o
                0x000000000800fa1c                HAL_TIM_PWM_ConfigChannel
 .text.HAL_TIM_OC_DelayElapsedCallback
                0x000000000800fba0       0x14 ./Drivers/STM32F4xx_HAL_Driver/Src/stm32f4xx_hal_tim.o
                0x000000000800fba0                HAL_TIM_OC_DelayElapsedCallback
 .text.HAL_TIM_IC_CaptureCallback
                0x000000000800fbb4       0x14 ./Drivers/STM32F4xx_HAL_Driver/Src/stm32f4xx_hal_tim.o
                0x000000000800fbb4                HAL_TIM_IC_CaptureCallback
 .text.HAL_TIM_PWM_PulseFinishedCallback
                0x000000000800fbc8       0x14 ./Drivers/STM32F4xx_HAL_Driver/Src/stm32f4xx_hal_tim.o
                0x000000000800fbc8                HAL_TIM_PWM_PulseFinishedCallback
 .text.HAL_TIM_TriggerCallback
                0x000000000800fbdc       0x14 ./Drivers/STM32F4xx_HAL_Driver/Src/stm32f4xx_hal_tim.o
                0x000000000800fbdc                HAL_TIM_TriggerCallback
 .text.TIM_Base_SetConfig
                0x000000000800fbf0      0x100 ./Drivers/STM32F4xx_HAL_Driver/Src/stm32f4xx_hal_tim.o
                0x000000000800fbf0                TIM_Base_SetConfig
 .text.TIM_OC1_SetConfig
                0x000000000800fcf0       0xcc ./Drivers/STM32F4xx_HAL_Driver/Src/stm32f4xx_hal_tim.o
 .text.TIM_OC2_SetConfig
                0x000000000800fdbc       0xd8 ./Drivers/STM32F4xx_HAL_Driver/Src/stm32f4xx_hal_tim.o
                0x000000000800fdbc                TIM_OC2_SetConfig
 .text.TIM_OC3_SetConfig
                0x000000000800fe94       0xd4 ./Drivers/STM32F4xx_HAL_Driver/Src/stm32f4xx_hal_tim.o
 .text.TIM_OC4_SetConfig
                0x000000000800ff68       0xa0 ./Drivers/STM32F4xx_HAL_Driver/Src/stm32f4xx_hal_tim.o
 .text.TIM_CCxChannelCmd
                0x0000000008010008       0x4a ./Drivers/STM32F4xx_HAL_Driver/Src/stm32f4xx_hal_tim.o
                0x0000000008010008                TIM_CCxChannelCmd
 *fill*         0x0000000008010052        0x2 
 .text.HAL_TIMEx_MasterConfigSynchronization
                0x0000000008010054       0xdc ./Drivers/STM32F4xx_HAL_Driver/Src/stm32f4xx_hal_tim_ex.o
                0x0000000008010054                HAL_TIMEx_MasterConfigSynchronization
 .text.HAL_TIMEx_CommutCallback
                0x0000000008010130       0x14 ./Drivers/STM32F4xx_HAL_Driver/Src/stm32f4xx_hal_tim_ex.o
                0x0000000008010130                HAL_TIMEx_CommutCallback
 .text.HAL_TIMEx_BreakCallback
                0x0000000008010144       0x14 ./Drivers/STM32F4xx_HAL_Driver/Src/stm32f4xx_hal_tim_ex.o
                0x0000000008010144                HAL_TIMEx_BreakCallback
 .text.HAL_UART_Init
                0x0000000008010158       0x9a ./Drivers/STM32F4xx_HAL_Driver/Src/stm32f4xx_hal_uart.o
                0x0000000008010158                HAL_UART_Init
 .text.HAL_UART_DeInit
                0x00000000080101f2       0x5e ./Drivers/STM32F4xx_HAL_Driver/Src/stm32f4xx_hal_uart.o
                0x00000000080101f2                HAL_UART_DeInit
 .text.HAL_UART_Transmit
                0x0000000008010250      0x124 ./Drivers/STM32F4xx_HAL_Driver/Src/stm32f4xx_hal_uart.o
                0x0000000008010250                HAL_UART_Transmit
 .text.HAL_UART_Receive_IT
                0x0000000008010374       0x60 ./Drivers/STM32F4xx_HAL_Driver/Src/stm32f4xx_hal_uart.o
                0x0000000008010374                HAL_UART_Receive_IT
 .text.HAL_UART_Abort_IT
                0x00000000080103d4      0x228 ./Drivers/STM32F4xx_HAL_Driver/Src/stm32f4xx_hal_uart.o
                0x00000000080103d4                HAL_UART_Abort_IT
 .text.HAL_UART_IRQHandler
                0x00000000080105fc      0x51c ./Drivers/STM32F4xx_HAL_Driver/Src/stm32f4xx_hal_uart.o
                0x00000000080105fc                HAL_UART_IRQHandler
 .text.HAL_UART_TxCpltCallback
                0x0000000008010b18       0x14 ./Drivers/STM32F4xx_HAL_Driver/Src/stm32f4xx_hal_uart.o
                0x0000000008010b18                HAL_UART_TxCpltCallback
 .text.HAL_UART_ErrorCallback
                0x0000000008010b2c       0x14 ./Drivers/STM32F4xx_HAL_Driver/Src/stm32f4xx_hal_uart.o
                0x0000000008010b2c                HAL_UART_ErrorCallback
 .text.HAL_UART_AbortCpltCallback
                0x0000000008010b40       0x14 ./Drivers/STM32F4xx_HAL_Driver/Src/stm32f4xx_hal_uart.o
                0x0000000008010b40                HAL_UART_AbortCpltCallback
 .text.HAL_UARTEx_RxEventCallback
                0x0000000008010b54       0x18 ./Drivers/STM32F4xx_HAL_Driver/Src/stm32f4xx_hal_uart.o
                0x0000000008010b54                HAL_UARTEx_RxEventCallback
 .text.UART_WaitOnFlagUntilTimeout
                0x0000000008010b6c       0xdc ./Drivers/STM32F4xx_HAL_Driver/Src/stm32f4xx_hal_uart.o
 .text.UART_Start_Receive_IT
                0x0000000008010c48       0x7c ./Drivers/STM32F4xx_HAL_Driver/Src/stm32f4xx_hal_uart.o
                0x0000000008010c48                UART_Start_Receive_IT
 .text.UART_EndRxTransfer
                0x0000000008010cc4       0xc6 ./Drivers/STM32F4xx_HAL_Driver/Src/stm32f4xx_hal_uart.o
 .text.UART_DMAAbortOnError
                0x0000000008010d8a       0x28 ./Drivers/STM32F4xx_HAL_Driver/Src/stm32f4xx_hal_uart.o
 .text.UART_DMATxAbortCallback
                0x0000000008010db2       0x60 ./Drivers/STM32F4xx_HAL_Driver/Src/stm32f4xx_hal_uart.o
 .text.UART_DMARxAbortCallback
                0x0000000008010e12       0x60 ./Drivers/STM32F4xx_HAL_Driver/Src/stm32f4xx_hal_uart.o
 .text.UART_Transmit_IT
                0x0000000008010e72       0xa0 ./Drivers/STM32F4xx_HAL_Driver/Src/stm32f4xx_hal_uart.o
 .text.UART_EndTransmit_IT
                0x0000000008010f12       0x30 ./Drivers/STM32F4xx_HAL_Driver/Src/stm32f4xx_hal_uart.o
 .text.UART_Receive_IT
                0x0000000008010f42      0x176 ./Drivers/STM32F4xx_HAL_Driver/Src/stm32f4xx_hal_uart.o
 .text.UART_SetConfig
                0x00000000080110b8      0x4e8 ./Drivers/STM32F4xx_HAL_Driver/Src/stm32f4xx_hal_uart.o
 .text.USB_CoreInit
                0x00000000080115a0       0xc2 ./Drivers/STM32F4xx_HAL_Driver/Src/stm32f4xx_ll_usb.o
                0x00000000080115a0                USB_CoreInit
 *fill*         0x0000000008011662        0x2 
 .text.USB_SetTurnaroundTime
                0x0000000008011664      0x144 ./Drivers/STM32F4xx_HAL_Driver/Src/stm32f4xx_ll_usb.o
                0x0000000008011664                USB_SetTurnaroundTime
 .text.USB_EnableGlobalInt
                0x00000000080117a8       0x22 ./Drivers/STM32F4xx_HAL_Driver/Src/stm32f4xx_ll_usb.o
                0x00000000080117a8                USB_EnableGlobalInt
 .text.USB_DisableGlobalInt
                0x00000000080117ca       0x22 ./Drivers/STM32F4xx_HAL_Driver/Src/stm32f4xx_ll_usb.o
                0x00000000080117ca                USB_DisableGlobalInt
 .text.USB_SetCurrentMode
                0x00000000080117ec       0x98 ./Drivers/STM32F4xx_HAL_Driver/Src/stm32f4xx_ll_usb.o
                0x00000000080117ec                USB_SetCurrentMode
 .text.USB_DevInit
                0x0000000008011884      0x2c8 ./Drivers/STM32F4xx_HAL_Driver/Src/stm32f4xx_ll_usb.o
                0x0000000008011884                USB_DevInit
 .text.USB_FlushTxFifo
                0x0000000008011b4c       0x68 ./Drivers/STM32F4xx_HAL_Driver/Src/stm32f4xx_ll_usb.o
                0x0000000008011b4c                USB_FlushTxFifo
 .text.USB_FlushRxFifo
                0x0000000008011bb4       0x60 ./Drivers/STM32F4xx_HAL_Driver/Src/stm32f4xx_ll_usb.o
                0x0000000008011bb4                USB_FlushRxFifo
 .text.USB_SetDevSpeed
                0x0000000008011c14       0x32 ./Drivers/STM32F4xx_HAL_Driver/Src/stm32f4xx_ll_usb.o
                0x0000000008011c14                USB_SetDevSpeed
 .text.USB_GetDevSpeed
                0x0000000008011c46       0x4a ./Drivers/STM32F4xx_HAL_Driver/Src/stm32f4xx_ll_usb.o
                0x0000000008011c46                USB_GetDevSpeed
 .text.USB_ActivateEndpoint
                0x0000000008011c90      0x10e ./Drivers/STM32F4xx_HAL_Driver/Src/stm32f4xx_ll_usb.o
                0x0000000008011c90                USB_ActivateEndpoint
 *fill*         0x0000000008011d9e        0x2 
 .text.USB_DeactivateEndpoint
                0x0000000008011da0      0x1b8 ./Drivers/STM32F4xx_HAL_Driver/Src/stm32f4xx_ll_usb.o
                0x0000000008011da0                USB_DeactivateEndpoint
 .text.USB_EPStartXfer
                0x0000000008011f58      0x490 ./Drivers/STM32F4xx_HAL_Driver/Src/stm32f4xx_ll_usb.o
                0x0000000008011f58                USB_EPStartXfer
 .text.USB_EP0StartXfer
                0x00000000080123e8      0x2b0 ./Drivers/STM32F4xx_HAL_Driver/Src/stm32f4xx_ll_usb.o
                0x00000000080123e8                USB_EP0StartXfer
 .text.USB_EPStopXfer
                0x0000000008012698      0x154 ./Drivers/STM32F4xx_HAL_Driver/Src/stm32f4xx_ll_usb.o
                0x0000000008012698                USB_EPStopXfer
 .text.USB_WritePacket
                0x00000000080127ec       0x7c ./Drivers/STM32F4xx_HAL_Driver/Src/stm32f4xx_ll_usb.o
                0x00000000080127ec                USB_WritePacket
 .text.USB_ReadPacket
                0x0000000008012868       0xb0 ./Drivers/STM32F4xx_HAL_Driver/Src/stm32f4xx_ll_usb.o
                0x0000000008012868                USB_ReadPacket
 .text.USB_EPSetStall
                0x0000000008012918       0xdc ./Drivers/STM32F4xx_HAL_Driver/Src/stm32f4xx_ll_usb.o
                0x0000000008012918                USB_EPSetStall
 .text.USB_EPClearStall
                0x00000000080129f4       0xcc ./Drivers/STM32F4xx_HAL_Driver/Src/stm32f4xx_ll_usb.o
                0x00000000080129f4                USB_EPClearStall
 .text.USB_SetDevAddress
                0x0000000008012ac0       0x4c ./Drivers/STM32F4xx_HAL_Driver/Src/stm32f4xx_ll_usb.o
                0x0000000008012ac0                USB_SetDevAddress
 .text.USB_DevConnect
                0x0000000008012b0c       0x42 ./Drivers/STM32F4xx_HAL_Driver/Src/stm32f4xx_ll_usb.o
                0x0000000008012b0c                USB_DevConnect
 .text.USB_DevDisconnect
                0x0000000008012b4e       0x42 ./Drivers/STM32F4xx_HAL_Driver/Src/stm32f4xx_ll_usb.o
                0x0000000008012b4e                USB_DevDisconnect
 .text.USB_ReadInterrupts
                0x0000000008012b90       0x26 ./Drivers/STM32F4xx_HAL_Driver/Src/stm32f4xx_ll_usb.o
                0x0000000008012b90                USB_ReadInterrupts
 .text.USB_ReadDevAllOutEpInterrupt
                0x0000000008012bb6       0x34 ./Drivers/STM32F4xx_HAL_Driver/Src/stm32f4xx_ll_usb.o
                0x0000000008012bb6                USB_ReadDevAllOutEpInterrupt
 .text.USB_ReadDevAllInEpInterrupt
                0x0000000008012bea       0x34 ./Drivers/STM32F4xx_HAL_Driver/Src/stm32f4xx_ll_usb.o
                0x0000000008012bea                USB_ReadDevAllInEpInterrupt
 .text.USB_ReadDevOutEPInterrupt
                0x0000000008012c1e       0x3c ./Drivers/STM32F4xx_HAL_Driver/Src/stm32f4xx_ll_usb.o
                0x0000000008012c1e                USB_ReadDevOutEPInterrupt
 .text.USB_ReadDevInEPInterrupt
                0x0000000008012c5a       0x5c ./Drivers/STM32F4xx_HAL_Driver/Src/stm32f4xx_ll_usb.o
                0x0000000008012c5a                USB_ReadDevInEPInterrupt
 .text.USB_GetMode
                0x0000000008012cb6       0x1c ./Drivers/STM32F4xx_HAL_Driver/Src/stm32f4xx_ll_usb.o
                0x0000000008012cb6                USB_GetMode
 .text.USB_ActivateSetup
                0x0000000008012cd2       0x46 ./Drivers/STM32F4xx_HAL_Driver/Src/stm32f4xx_ll_usb.o
                0x0000000008012cd2                USB_ActivateSetup
 .text.USB_EP0_OutStart
                0x0000000008012d18       0xbc ./Drivers/STM32F4xx_HAL_Driver/Src/stm32f4xx_ll_usb.o
                0x0000000008012d18                USB_EP0_OutStart
 .text.USB_CoreReset
                0x0000000008012dd4       0x68 ./Drivers/STM32F4xx_HAL_Driver/Src/stm32f4xx_ll_usb.o
 .text.USBD_CDC_Init
                0x0000000008012e3c      0x1f0 ./Middlewares/ST/STM32_USB_Device_Library/Class/CDC/Src/usbd_cdc.o
 .text.USBD_CDC_DeInit
                0x000000000801302c      0x104 ./Middlewares/ST/STM32_USB_Device_Library/Class/CDC/Src/usbd_cdc.o
 .text.USBD_CDC_Setup
                0x0000000008013130      0x1b8 ./Middlewares/ST/STM32_USB_Device_Library/Class/CDC/Src/usbd_cdc.o
 .text.USBD_CDC_DataIn
                0x00000000080132e8       0xfe ./Middlewares/ST/STM32_USB_Device_Library/Class/CDC/Src/usbd_cdc.o
 .text.USBD_CDC_DataOut
                0x00000000080133e6       0x70 ./Middlewares/ST/STM32_USB_Device_Library/Class/CDC/Src/usbd_cdc.o
 .text.USBD_CDC_EP0_RxReady
                0x0000000008013456       0x76 ./Middlewares/ST/STM32_USB_Device_Library/Class/CDC/Src/usbd_cdc.o
 .text.USBD_CDC_GetFSCfgDesc
                0x00000000080134cc       0x70 ./Middlewares/ST/STM32_USB_Device_Library/Class/CDC/Src/usbd_cdc.o
 .text.USBD_CDC_GetHSCfgDesc
                0x000000000801353c       0x70 ./Middlewares/ST/STM32_USB_Device_Library/Class/CDC/Src/usbd_cdc.o
 .text.USBD_CDC_GetOtherSpeedCfgDesc
                0x00000000080135ac       0x70 ./Middlewares/ST/STM32_USB_Device_Library/Class/CDC/Src/usbd_cdc.o
 .text.USBD_CDC_GetDeviceQualifierDescriptor
                0x000000000801361c       0x20 ./Middlewares/ST/STM32_USB_Device_Library/Class/CDC/Src/usbd_cdc.o
                0x000000000801361c                USBD_CDC_GetDeviceQualifierDescriptor
 .text.USBD_CDC_RegisterInterface
                0x000000000801363c       0x34 ./Middlewares/ST/STM32_USB_Device_Library/Class/CDC/Src/usbd_cdc.o
                0x000000000801363c                USBD_CDC_RegisterInterface
 .text.USBD_CDC_SetTxBuffer
                0x0000000008013670       0x44 ./Middlewares/ST/STM32_USB_Device_Library/Class/CDC/Src/usbd_cdc.o
                0x0000000008013670                USBD_CDC_SetTxBuffer
 .text.USBD_CDC_SetRxBuffer
                0x00000000080136b4       0x3a ./Middlewares/ST/STM32_USB_Device_Library/Class/CDC/Src/usbd_cdc.o
                0x00000000080136b4                USBD_CDC_SetRxBuffer
 *fill*         0x00000000080136ee        0x2 
 .text.USBD_CDC_TransmitPacket
                0x00000000080136f0       0x8c ./Middlewares/ST/STM32_USB_Device_Library/Class/CDC/Src/usbd_cdc.o
                0x00000000080136f0                USBD_CDC_TransmitPacket
 .text.USBD_CDC_ReceivePacket
                0x000000000801377c       0x6c ./Middlewares/ST/STM32_USB_Device_Library/Class/CDC/Src/usbd_cdc.o
                0x000000000801377c                USBD_CDC_ReceivePacket
 .text.USBD_Init
                0x00000000080137e8       0x60 ./Middlewares/ST/STM32_USB_Device_Library/Core/Src/usbd_core.o
                0x00000000080137e8                USBD_Init
 .text.USBD_RegisterClass
                0x0000000008013848       0x6c ./Middlewares/ST/STM32_USB_Device_Library/Core/Src/usbd_core.o
                0x0000000008013848                USBD_RegisterClass
 .text.USBD_Start
                0x00000000080138b4       0x18 ./Middlewares/ST/STM32_USB_Device_Library/Core/Src/usbd_core.o
                0x00000000080138b4                USBD_Start
 .text.USBD_RunTestMode
                0x00000000080138cc       0x16 ./Middlewares/ST/STM32_USB_Device_Library/Core/Src/usbd_core.o
                0x00000000080138cc                USBD_RunTestMode
 .text.USBD_SetClassConfig
                0x00000000080138e2       0x38 ./Middlewares/ST/STM32_USB_Device_Library/Core/Src/usbd_core.o
                0x00000000080138e2                USBD_SetClassConfig
 .text.USBD_ClrClassConfig
                0x000000000801391a       0x34 ./Middlewares/ST/STM32_USB_Device_Library/Core/Src/usbd_core.o
                0x000000000801391a                USBD_ClrClassConfig
 .text.USBD_LL_SetupStage
                0x000000000801394e       0xaa ./Middlewares/ST/STM32_USB_Device_Library/Core/Src/usbd_core.o
                0x000000000801394e                USBD_LL_SetupStage
 .text.USBD_LL_DataOutStage
                0x00000000080139f8      0x166 ./Middlewares/ST/STM32_USB_Device_Library/Core/Src/usbd_core.o
                0x00000000080139f8                USBD_LL_DataOutStage
 .text.USBD_LL_DataInStage
                0x0000000008013b5e      0x164 ./Middlewares/ST/STM32_USB_Device_Library/Core/Src/usbd_core.o
                0x0000000008013b5e                USBD_LL_DataInStage
 .text.USBD_LL_Reset
                0x0000000008013cc2       0xa4 ./Middlewares/ST/STM32_USB_Device_Library/Core/Src/usbd_core.o
                0x0000000008013cc2                USBD_LL_Reset
 .text.USBD_LL_SetSpeed
                0x0000000008013d66       0x20 ./Middlewares/ST/STM32_USB_Device_Library/Core/Src/usbd_core.o
                0x0000000008013d66                USBD_LL_SetSpeed
 .text.USBD_LL_Suspend
                0x0000000008013d86       0x2c ./Middlewares/ST/STM32_USB_Device_Library/Core/Src/usbd_core.o
                0x0000000008013d86                USBD_LL_Suspend
 .text.USBD_LL_Resume
                0x0000000008013db2       0x30 ./Middlewares/ST/STM32_USB_Device_Library/Core/Src/usbd_core.o
                0x0000000008013db2                USBD_LL_Resume
 .text.USBD_LL_SOF
                0x0000000008013de2       0x40 ./Middlewares/ST/STM32_USB_Device_Library/Core/Src/usbd_core.o
                0x0000000008013de2                USBD_LL_SOF
 .text.USBD_LL_IsoINIncomplete
                0x0000000008013e22       0x64 ./Middlewares/ST/STM32_USB_Device_Library/Core/Src/usbd_core.o
                0x0000000008013e22                USBD_LL_IsoINIncomplete
 .text.USBD_LL_IsoOUTIncomplete
                0x0000000008013e86       0x64 ./Middlewares/ST/STM32_USB_Device_Library/Core/Src/usbd_core.o
                0x0000000008013e86                USBD_LL_IsoOUTIncomplete
 .text.USBD_LL_DevConnected
                0x0000000008013eea       0x16 ./Middlewares/ST/STM32_USB_Device_Library/Core/Src/usbd_core.o
                0x0000000008013eea                USBD_LL_DevConnected
 .text.USBD_LL_DevDisconnected
                0x0000000008013f00       0x46 ./Middlewares/ST/STM32_USB_Device_Library/Core/Src/usbd_core.o
                0x0000000008013f00                USBD_LL_DevDisconnected
 .text.USBD_CoreFindIF
                0x0000000008013f46       0x1a ./Middlewares/ST/STM32_USB_Device_Library/Core/Src/usbd_core.o
                0x0000000008013f46                USBD_CoreFindIF
 .text.USBD_CoreFindEP
                0x0000000008013f60       0x1a ./Middlewares/ST/STM32_USB_Device_Library/Core/Src/usbd_core.o
                0x0000000008013f60                USBD_CoreFindEP
 .text.USBD_GetEpDesc
                0x0000000008013f7a       0x74 ./Middlewares/ST/STM32_USB_Device_Library/Core/Src/usbd_core.o
                0x0000000008013f7a                USBD_GetEpDesc
 .text.USBD_GetNextDesc
                0x0000000008013fee       0x3a ./Middlewares/ST/STM32_USB_Device_Library/Core/Src/usbd_core.o
                0x0000000008013fee                USBD_GetNextDesc
 .text.SWAPBYTE
                0x0000000008014028       0x3c ./Middlewares/ST/STM32_USB_Device_Library/Core/Src/usbd_ctlreq.o
 .text.USBD_StdDevReq
                0x0000000008014064       0xe4 ./Middlewares/ST/STM32_USB_Device_Library/Core/Src/usbd_ctlreq.o
                0x0000000008014064                USBD_StdDevReq
 .text.USBD_StdItfReq
                0x0000000008014148       0xd8 ./Middlewares/ST/STM32_USB_Device_Library/Core/Src/usbd_ctlreq.o
                0x0000000008014148                USBD_StdItfReq
 .text.USBD_StdEPReq
                0x0000000008014220      0x33a ./Middlewares/ST/STM32_USB_Device_Library/Core/Src/usbd_ctlreq.o
                0x0000000008014220                USBD_StdEPReq
 *fill*         0x000000000801455a        0x2 
 .text.USBD_GetDescriptor
                0x000000000801455c      0x2d4 ./Middlewares/ST/STM32_USB_Device_Library/Core/Src/usbd_ctlreq.o
 .text.USBD_SetAddress
                0x0000000008014830       0x88 ./Middlewares/ST/STM32_USB_Device_Library/Core/Src/usbd_ctlreq.o
 .text.USBD_SetConfig
                0x00000000080148b8      0x154 ./Middlewares/ST/STM32_USB_Device_Library/Core/Src/usbd_ctlreq.o
 .text.USBD_GetConfig
                0x0000000008014a0c       0x6c ./Middlewares/ST/STM32_USB_Device_Library/Core/Src/usbd_ctlreq.o
 .text.USBD_GetStatus
                0x0000000008014a78       0x68 ./Middlewares/ST/STM32_USB_Device_Library/Core/Src/usbd_ctlreq.o
 .text.USBD_SetFeature
                0x0000000008014ae0       0x52 ./Middlewares/ST/STM32_USB_Device_Library/Core/Src/usbd_ctlreq.o
 .text.USBD_ClrFeature
                0x0000000008014b32       0x44 ./Middlewares/ST/STM32_USB_Device_Library/Core/Src/usbd_ctlreq.o
 .text.USBD_ParseSetupRequest
                0x0000000008014b76       0x74 ./Middlewares/ST/STM32_USB_Device_Library/Core/Src/usbd_ctlreq.o
                0x0000000008014b76                USBD_ParseSetupRequest
 .text.USBD_CtlError
                0x0000000008014bea       0x22 ./Middlewares/ST/STM32_USB_Device_Library/Core/Src/usbd_ctlreq.o
                0x0000000008014bea                USBD_CtlError
 .text.USBD_GetString
                0x0000000008014c0c       0x8c ./Middlewares/ST/STM32_USB_Device_Library/Core/Src/usbd_ctlreq.o
                0x0000000008014c0c                USBD_GetString
 .text.USBD_GetLen
                0x0000000008014c98       0x34 ./Middlewares/ST/STM32_USB_Device_Library/Core/Src/usbd_ctlreq.o
 .text.USBD_CtlSendData
                0x0000000008014ccc       0x36 ./Middlewares/ST/STM32_USB_Device_Library/Core/Src/usbd_ioreq.o
                0x0000000008014ccc                USBD_CtlSendData
 .text.USBD_CtlContinueSendData
                0x0000000008014d02       0x22 ./Middlewares/ST/STM32_USB_Device_Library/Core/Src/usbd_ioreq.o
                0x0000000008014d02                USBD_CtlContinueSendData
 .text.USBD_CtlPrepareRx
                0x0000000008014d24       0x3a ./Middlewares/ST/STM32_USB_Device_Library/Core/Src/usbd_ioreq.o
                0x0000000008014d24                USBD_CtlPrepareRx
 .text.USBD_CtlContinueRx
                0x0000000008014d5e       0x22 ./Middlewares/ST/STM32_USB_Device_Library/Core/Src/usbd_ioreq.o
                0x0000000008014d5e                USBD_CtlContinueRx
 .text.USBD_CtlSendStatus
                0x0000000008014d80       0x26 ./Middlewares/ST/STM32_USB_Device_Library/Core/Src/usbd_ioreq.o
                0x0000000008014d80                USBD_CtlSendStatus
 .text.USBD_CtlReceiveStatus
                0x0000000008014da6       0x26 ./Middlewares/ST/STM32_USB_Device_Library/Core/Src/usbd_ioreq.o
                0x0000000008014da6                USBD_CtlReceiveStatus
 .text.MX_USB_DEVICE_Init
                0x0000000008014dcc       0x60 ./USB_DEVICE/App/usb_device.o
                0x0000000008014dcc                MX_USB_DEVICE_Init
 .text.CDC_Init_FS
                0x0000000008014e2c       0x28 ./USB_DEVICE/App/usbd_cdc_if.o
 .text.CDC_DeInit_FS
                0x0000000008014e54       0x10 ./USB_DEVICE/App/usbd_cdc_if.o
 .text.CDC_Control_FS
                0x0000000008014e64       0xbc ./USB_DEVICE/App/usbd_cdc_if.o
 .text.CDC_Receive_FS
                0x0000000008014f20       0x58 ./USB_DEVICE/App/usbd_cdc_if.o
 .text.CDC_Transmit_FS
                0x0000000008014f78       0x4c ./USB_DEVICE/App/usbd_cdc_if.o
                0x0000000008014f78                CDC_Transmit_FS
 .text.CDC_TransmitCplt_FS
                0x0000000008014fc4       0x22 ./USB_DEVICE/App/usbd_cdc_if.o
 *fill*         0x0000000008014fe6        0x2 
 .text.USBD_FS_DeviceDescriptor
                0x0000000008014fe8       0x24 ./USB_DEVICE/App/usbd_desc.o
                0x0000000008014fe8                USBD_FS_DeviceDescriptor
 .text.USBD_FS_LangIDStrDescriptor
                0x000000000801500c       0x24 ./USB_DEVICE/App/usbd_desc.o
                0x000000000801500c                USBD_FS_LangIDStrDescriptor
 .text.USBD_FS_ProductStrDescriptor
                0x0000000008015030       0x3c ./USB_DEVICE/App/usbd_desc.o
                0x0000000008015030                USBD_FS_ProductStrDescriptor
 .text.USBD_FS_ManufacturerStrDescriptor
                0x000000000801506c       0x28 ./USB_DEVICE/App/usbd_desc.o
                0x000000000801506c                USBD_FS_ManufacturerStrDescriptor
 .text.USBD_FS_SerialStrDescriptor
                0x0000000008015094       0x24 ./USB_DEVICE/App/usbd_desc.o
                0x0000000008015094                USBD_FS_SerialStrDescriptor
 .text.USBD_FS_ConfigStrDescriptor
                0x00000000080150b8       0x3c ./USB_DEVICE/App/usbd_desc.o
                0x00000000080150b8                USBD_FS_ConfigStrDescriptor
 .text.USBD_FS_InterfaceStrDescriptor
                0x00000000080150f4       0x3c ./USB_DEVICE/App/usbd_desc.o
                0x00000000080150f4                USBD_FS_InterfaceStrDescriptor
 .text.Get_SerialNum
                0x0000000008015130       0x58 ./USB_DEVICE/App/usbd_desc.o
 .text.IntToUnicode
                0x0000000008015188       0x7e ./USB_DEVICE/App/usbd_desc.o
 *fill*         0x0000000008015206        0x2 
 .text.HAL_PCD_MspInit
                0x0000000008015208       0xa8 ./USB_DEVICE/Target/usbd_conf.o
                0x0000000008015208                HAL_PCD_MspInit
 .text.HAL_PCD_SetupStageCallback
                0x00000000080152b0       0x24 ./USB_DEVICE/Target/usbd_conf.o
                0x00000000080152b0                HAL_PCD_SetupStageCallback
 .text.HAL_PCD_DataOutStageCallback
                0x00000000080152d4       0x36 ./USB_DEVICE/Target/usbd_conf.o
                0x00000000080152d4                HAL_PCD_DataOutStageCallback
 .text.HAL_PCD_DataInStageCallback
                0x000000000801530a       0x34 ./USB_DEVICE/Target/usbd_conf.o
                0x000000000801530a                HAL_PCD_DataInStageCallback
 .text.HAL_PCD_SOFCallback
                0x000000000801533e       0x1c ./USB_DEVICE/Target/usbd_conf.o
                0x000000000801533e                HAL_PCD_SOFCallback
 .text.HAL_PCD_ResetCallback
                0x000000000801535a       0x3c ./USB_DEVICE/Target/usbd_conf.o
                0x000000000801535a                HAL_PCD_ResetCallback
 *fill*         0x0000000008015396        0x2 
 .text.HAL_PCD_SuspendCallback
                0x0000000008015398       0x4c ./USB_DEVICE/Target/usbd_conf.o
                0x0000000008015398                HAL_PCD_SuspendCallback
 .text.HAL_PCD_ResumeCallback
                0x00000000080153e4       0x1c ./USB_DEVICE/Target/usbd_conf.o
                0x00000000080153e4                HAL_PCD_ResumeCallback
 .text.HAL_PCD_ISOOUTIncompleteCallback
                0x0000000008015400       0x24 ./USB_DEVICE/Target/usbd_conf.o
                0x0000000008015400                HAL_PCD_ISOOUTIncompleteCallback
 .text.HAL_PCD_ISOINIncompleteCallback
                0x0000000008015424       0x24 ./USB_DEVICE/Target/usbd_conf.o
                0x0000000008015424                HAL_PCD_ISOINIncompleteCallback
 .text.HAL_PCD_ConnectCallback
                0x0000000008015448       0x1c ./USB_DEVICE/Target/usbd_conf.o
                0x0000000008015448                HAL_PCD_ConnectCallback
 .text.HAL_PCD_DisconnectCallback
                0x0000000008015464       0x1c ./USB_DEVICE/Target/usbd_conf.o
                0x0000000008015464                HAL_PCD_DisconnectCallback
 .text.USBD_LL_Init
                0x0000000008015480       0x98 ./USB_DEVICE/Target/usbd_conf.o
                0x0000000008015480                USBD_LL_Init
 .text.USBD_LL_Start
                0x0000000008015518       0x36 ./USB_DEVICE/Target/usbd_conf.o
                0x0000000008015518                USBD_LL_Start
 .text.USBD_LL_OpenEP
                0x000000000801554e       0x4c ./USB_DEVICE/Target/usbd_conf.o
                0x000000000801554e                USBD_LL_OpenEP
 .text.USBD_LL_CloseEP
                0x000000000801559a       0x3e ./USB_DEVICE/Target/usbd_conf.o
                0x000000000801559a                USBD_LL_CloseEP
 .text.USBD_LL_StallEP
                0x00000000080155d8       0x3e ./USB_DEVICE/Target/usbd_conf.o
                0x00000000080155d8                USBD_LL_StallEP
 .text.USBD_LL_ClearStallEP
                0x0000000008015616       0x3e ./USB_DEVICE/Target/usbd_conf.o
                0x0000000008015616                USBD_LL_ClearStallEP
 .text.USBD_LL_IsStallEP
                0x0000000008015654       0x58 ./USB_DEVICE/Target/usbd_conf.o
                0x0000000008015654                USBD_LL_IsStallEP
 .text.USBD_LL_SetUSBAddress
                0x00000000080156ac       0x3e ./USB_DEVICE/Target/usbd_conf.o
                0x00000000080156ac                USBD_LL_SetUSBAddress
 .text.USBD_LL_Transmit
                0x00000000080156ea       0x42 ./USB_DEVICE/Target/usbd_conf.o
                0x00000000080156ea                USBD_LL_Transmit
 .text.USBD_LL_PrepareReceive
                0x000000000801572c       0x42 ./USB_DEVICE/Target/usbd_conf.o
                0x000000000801572c                USBD_LL_PrepareReceive
 .text.USBD_LL_GetRxDataSize
                0x000000000801576e       0x26 ./USB_DEVICE/Target/usbd_conf.o
                0x000000000801576e                USBD_LL_GetRxDataSize
 .text.USBD_static_malloc
                0x0000000008015794       0x1c ./USB_DEVICE/Target/usbd_conf.o
                0x0000000008015794                USBD_static_malloc
 .text.USBD_static_free
                0x00000000080157b0       0x14 ./USB_DEVICE/Target/usbd_conf.o
                0x00000000080157b0                USBD_static_free
 .text.USBD_Get_USB_Status
                0x00000000080157c4       0x58 ./USB_DEVICE/Target/usbd_conf.o
                0x00000000080157c4                USBD_Get_USB_Status
 .text.memset   0x000000000801581c       0x10 C:/ST/STM32CubeIDE_1.10.1/STM32CubeIDE/plugins/com.st.stm32cube.ide.mcu.externaltools.gnu-tools-for-stm32.11.3.rel1.win32_1.1.1.202309131626/tools/bin/../lib/gcc/arm-none-eabi/11.3.1/../../../../arm-none-eabi/lib/thumb/v7e-m+fp/hard\libc_nano.a(libc_a-memset.o)
                0x000000000801581c                memset
 .text.__errno  0x000000000801582c        0xc C:/ST/STM32CubeIDE_1.10.1/STM32CubeIDE/plugins/com.st.stm32cube.ide.mcu.externaltools.gnu-tools-for-stm32.11.3.rel1.win32_1.1.1.202309131626/tools/bin/../lib/gcc/arm-none-eabi/11.3.1/../../../../arm-none-eabi/lib/thumb/v7e-m+fp/hard\libc_nano.a(libc_a-errno.o)
                0x000000000801582c                __errno
 .text.__libc_init_array
                0x0000000008015838       0x48 C:/ST/STM32CubeIDE_1.10.1/STM32CubeIDE/plugins/com.st.stm32cube.ide.mcu.externaltools.gnu-tools-for-stm32.11.3.rel1.win32_1.1.1.202309131626/tools/bin/../lib/gcc/arm-none-eabi/11.3.1/../../../../arm-none-eabi/lib/thumb/v7e-m+fp/hard\libc_nano.a(libc_a-init.o)
                0x0000000008015838                __libc_init_array
 .text.memcpy   0x0000000008015880       0x1c C:/ST/STM32CubeIDE_1.10.1/STM32CubeIDE/plugins/com.st.stm32cube.ide.mcu.externaltools.gnu-tools-for-stm32.11.3.rel1.win32_1.1.1.202309131626/tools/bin/../lib/gcc/arm-none-eabi/11.3.1/../../../../arm-none-eabi/lib/thumb/v7e-m+fp/hard\libc_nano.a(libc_a-memcpy-stub.o)
                0x0000000008015880                memcpy
 .text.atan2    0x000000000801589c        0x4 C:/ST/STM32CubeIDE_1.10.1/STM32CubeIDE/plugins/com.st.stm32cube.ide.mcu.externaltools.gnu-tools-for-stm32.11.3.rel1.win32_1.1.1.202309131626/tools/bin/../lib/gcc/arm-none-eabi/11.3.1/../../../../arm-none-eabi/lib/thumb/v7e-m+fp/hard\libm.a(libm_a-w_atan2.o)
                0x000000000801589c                atan2
 .text.sqrt     0x00000000080158a0       0x58 C:/ST/STM32CubeIDE_1.10.1/STM32CubeIDE/plugins/com.st.stm32cube.ide.mcu.externaltools.gnu-tools-for-stm32.11.3.rel1.win32_1.1.1.202309131626/tools/bin/../lib/gcc/arm-none-eabi/11.3.1/../../../../arm-none-eabi/lib/thumb/v7e-m+fp/hard\libm.a(libm_a-w_sqrt.o)
                0x00000000080158a0                sqrt
 .text.__ieee754_sqrt
                0x00000000080158f8      0x1b4 C:/ST/STM32CubeIDE_1.10.1/STM32CubeIDE/plugins/com.st.stm32cube.ide.mcu.externaltools.gnu-tools-for-stm32.11.3.rel1.win32_1.1.1.202309131626/tools/bin/../lib/gcc/arm-none-eabi/11.3.1/../../../../arm-none-eabi/lib/thumb/v7e-m+fp/hard\libm.a(libm_a-e_sqrt.o)
                0x00000000080158f8                __ieee754_sqrt
 *fill*         0x0000000008015aac        0x4 
 .text.__ieee754_atan2
                0x0000000008015ab0      0x18c C:/ST/STM32CubeIDE_1.10.1/STM32CubeIDE/plugins/com.st.stm32cube.ide.mcu.externaltools.gnu-tools-for-stm32.11.3.rel1.win32_1.1.1.202309131626/tools/bin/../lib/gcc/arm-none-eabi/11.3.1/../../../../arm-none-eabi/lib/thumb/v7e-m+fp/hard\libm.a(libm_a-e_atan2.o)
                0x0000000008015ab0                __ieee754_atan2
 *fill*         0x0000000008015c3c        0x4 
 .text.atan     0x0000000008015c40      0x340 C:/ST/STM32CubeIDE_1.10.1/STM32CubeIDE/plugins/com.st.stm32cube.ide.mcu.externaltools.gnu-tools-for-stm32.11.3.rel1.win32_1.1.1.202309131626/tools/bin/../lib/gcc/arm-none-eabi/11.3.1/../../../../arm-none-eabi/lib/thumb/v7e-m+fp/hard\libm.a(libm_a-s_atan.o)
                0x0000000008015c40                atan
 .text.fabs     0x0000000008015f80       0x12 C:/ST/STM32CubeIDE_1.10.1/STM32CubeIDE/plugins/com.st.stm32cube.ide.mcu.externaltools.gnu-tools-for-stm32.11.3.rel1.win32_1.1.1.202309131626/tools/bin/../lib/gcc/arm-none-eabi/11.3.1/../../../../arm-none-eabi/lib/thumb/v7e-m+fp/hard\libm.a(libm_a-s_fabs.o)
                0x0000000008015f80                fabs
 *(.glue_7)
 .glue_7        0x0000000008015f92        0x0 linker stubs
 *(.glue_7t)
 .glue_7t       0x0000000008015f92        0x0 linker stubs
 *(.eh_frame)
 *fill*         0x0000000008015f92        0x2 
 .eh_frame      0x0000000008015f94        0x0 C:/ST/STM32CubeIDE_1.10.1/STM32CubeIDE/plugins/com.st.stm32cube.ide.mcu.externaltools.gnu-tools-for-stm32.11.3.rel1.win32_1.1.1.202309131626/tools/bin/../lib/gcc/arm-none-eabi/11.3.1/thumb/v7e-m+fp/hard/crtbegin.o
 *(.init)
 .init          0x0000000008015f94        0x4 C:/ST/STM32CubeIDE_1.10.1/STM32CubeIDE/plugins/com.st.stm32cube.ide.mcu.externaltools.gnu-tools-for-stm32.11.3.rel1.win32_1.1.1.202309131626/tools/bin/../lib/gcc/arm-none-eabi/11.3.1/thumb/v7e-m+fp/hard/crti.o
                0x0000000008015f94                _init
 .init          0x0000000008015f98        0x8 C:/ST/STM32CubeIDE_1.10.1/STM32CubeIDE/plugins/com.st.stm32cube.ide.mcu.externaltools.gnu-tools-for-stm32.11.3.rel1.win32_1.1.1.202309131626/tools/bin/../lib/gcc/arm-none-eabi/11.3.1/thumb/v7e-m+fp/hard/crtn.o
 *(.fini)
 .fini          0x0000000008015fa0        0x4 C:/ST/STM32CubeIDE_1.10.1/STM32CubeIDE/plugins/com.st.stm32cube.ide.mcu.externaltools.gnu-tools-for-stm32.11.3.rel1.win32_1.1.1.202309131626/tools/bin/../lib/gcc/arm-none-eabi/11.3.1/thumb/v7e-m+fp/hard/crti.o
                0x0000000008015fa0                _fini
 .fini          0x0000000008015fa4        0x8 C:/ST/STM32CubeIDE_1.10.1/STM32CubeIDE/plugins/com.st.stm32cube.ide.mcu.externaltools.gnu-tools-for-stm32.11.3.rel1.win32_1.1.1.202309131626/tools/bin/../lib/gcc/arm-none-eabi/11.3.1/thumb/v7e-m+fp/hard/crtn.o
 *fill*         0x0000000008015fac        0x4 
 .fini.__stub   0x0000000008015fb0        0x8 linker stubs
                0x0000000008015fb8                . = ALIGN (0x4)
                0x0000000008015fb8                _etext = .

.vfp11_veneer   0x0000000008015fb8        0x0
 .vfp11_veneer  0x0000000008015fb8        0x0 linker stubs

.v4_bx          0x0000000008015fb8        0x0
 .v4_bx         0x0000000008015fb8        0x0 linker stubs

.iplt           0x0000000008015fb8        0x0
 .iplt          0x0000000008015fb8        0x0 C:/ST/STM32CubeIDE_1.10.1/STM32CubeIDE/plugins/com.st.stm32cube.ide.mcu.externaltools.gnu-tools-for-stm32.11.3.rel1.win32_1.1.1.202309131626/tools/bin/../lib/gcc/arm-none-eabi/11.3.1/thumb/v7e-m+fp/hard/crtbegin.o

.rodata         0x0000000008015fb8      0xa38
                0x0000000008015fb8                . = ALIGN (0x4)
 *(.rodata)
 .rodata        0x0000000008015fb8       0x1e ./Core/Src/autopilot/autopilot.o
 *fill*         0x0000000008015fd6        0x2 
 .rodata        0x0000000008015fd8       0x27 ./Core/Src/battery/battery_interface.o
 *fill*         0x0000000008015fff        0x1 
 .rodata        0x0000000008016000       0xbe ./Core/Src/configurator/cfg_interface.o
 *fill*         0x00000000080160be        0x2 
 .rodata        0x00000000080160c0       0x40 ./Core/Src/motor/motor_interface.o
 .rodata        0x0000000008016100       0x91 ./Core/Src/rc/rc_interface.o
 *fill*         0x0000000008016191        0x3 
 .rodata        0x0000000008016194       0x8f ./Core/Src/sensors/sens_interface.o
 *fill*         0x0000000008016223        0x1 
 .rodata        0x0000000008016224       0xfc ./Core/Src/servo/servo_interface.o
 .rodata        0x0000000008016320       0x46 ./USB_DEVICE/App/usbd_desc.o
 *(.rodata*)
 *fill*         0x0000000008016366        0x2 
 .rodata.crc16_table
                0x0000000008016368      0x200 ./Core/Src/crc/crc.o
 .rodata.crc32_table
                0x0000000008016568      0x400 ./Core/Src/crc/crc.o
 .rodata.AHBPrescTable
                0x0000000008016968       0x10 ./Core/Src/system_stm32f4xx.o
                0x0000000008016968                AHBPrescTable
 .rodata.APBPrescTable
                0x0000000008016978        0x8 ./Core/Src/system_stm32f4xx.o
                0x0000000008016978                APBPrescTable
 .rodata.CSWTCH.8
                0x0000000008016980       0x18 C:/ST/STM32CubeIDE_1.10.1/STM32CubeIDE/plugins/com.st.stm32cube.ide.mcu.externaltools.gnu-tools-for-stm32.11.3.rel1.win32_1.1.1.202309131626/tools/bin/../lib/gcc/arm-none-eabi/11.3.1/../../../../arm-none-eabi/lib/thumb/v7e-m+fp/hard\libm.a(libm_a-e_atan2.o)
 .rodata.CSWTCH.9
                0x0000000008016998       0x18 C:/ST/STM32CubeIDE_1.10.1/STM32CubeIDE/plugins/com.st.stm32cube.ide.mcu.externaltools.gnu-tools-for-stm32.11.3.rel1.win32_1.1.1.202309131626/tools/bin/../lib/gcc/arm-none-eabi/11.3.1/../../../../arm-none-eabi/lib/thumb/v7e-m+fp/hard\libm.a(libm_a-e_atan2.o)