../Core/Src/autopilot/autopilot.c:39:6:autopilot_Timer	24	static
../Core/Src/autopilot/autopilot.c:61:6:autopilot_InitTask	4	static
../Core/Src/autopilot/autopilot.c:100:6:autopilot_Task	8	static
../Core/Src/autopilot/autopilot.c:126:6:autopilot_gotoState	16	static
../Core/Src/autopilot/autopilot.c:153:6:autopilot_stateIdleMain	8	static
../Core/Src/autopilot/autopilot.c:161:6:autopilot_stateFullManStart	4	static
../Core/Src/autopilot/autopilot.c:168:6:autopilot_stateFullManMain	24	static
../Core/Src/autopilot/autopilot.c:313:6:autopilot_stateFailsafeStart	8	static
../Core/Src/autopilot/autopilot.c:322:6:autopilot_stateFailsafeMain	8	static
../Core/Src/autopilot/autopilot.c:330:7:autopilot_expRunningAverage	24	static
../Core/Src/autopilot/autopilot.c:347:10:cfg_NodeApVarProp	32	static
../Core/Src/autopilot/autopilot.c:368:10:cfg_NodeApVarGet	16	static
../Core/Src/autopilot/autopilot.c:379:10:cfg_NodeApVarSet	16	static
