../Core/Src/autopilot/autopilot.c:41:6:autopilot_Timer	24	static
../Core/Src/autopilot/autopilot.c:63:6:autopilot_InitTask	4	static
../Core/Src/autopilot/autopilot.c:102:6:autopilot_Task	8	static
../Core/Src/autopilot/autopilot.c:128:6:autopilot_gotoState	16	static
../Core/Src/autopilot/autopilot.c:155:6:autopilot_stateIdleMain	8	static
../Core/Src/autopilot/autopilot.c:163:6:autopilot_stateFullManStart	4	static
../Core/Src/autopilot/autopilot.c:170:6:autopilot_stateFullManMain	24	static
../Core/Src/autopilot/autopilot.c:315:6:autopilot_stateFailsafeStart	8	static
../Core/Src/autopilot/autopilot.c:324:6:autopilot_stateFailsafeMain	8	static
../Core/Src/autopilot/autopilot.c:332:7:autopilot_expRunningAverage	24	static
../Core/Src/autopilot/autopilot.c:439:10:cfg_NodeApVarProp	32	static
../Core/Src/autopilot/autopilot.c:460:10:cfg_NodeApVarGet	16	static
../Core/Src/autopilot/autopilot.c:471:10:cfg_NodeApVarSet	16	static
