../Core/Src/autopilot/autopilot.c:53:6:autopilot_Timer	24	static
../Core/Src/autopilot/autopilot.c:75:6:autopilot_InitTask	8	static
../Core/Src/autopilot/autopilot.c:136:6:autopilot_Task	8	static
../Core/Src/autopilot/autopilot.c:167:6:autopilot_gotoState	16	static
../Core/Src/autopilot/autopilot.c:194:6:autopilot_stateIdleMain	8	static
../Core/Src/autopilot/autopilot.c:205:6:autopilot_stateFullManStart	4	static
../Core/Src/autopilot/autopilot.c:210:6:autopilot_stateFullManMain	24	static
../Core/Src/autopilot/autopilot.c:355:6:autopilot_stateStabStart	4	static
../Core/Src/autopilot/autopilot.c:360:6:autopilot_stateStabMain	32	static
../Core/Src/autopilot/autopilot.c:420:6:autopilot_stateFailsafeStart	8	static
../Core/Src/autopilot/autopilot.c:429:6:autopilot_stateFailsafeMain	8	static
../Core/Src/autopilot/autopilot.c:438:6:autopilot_KalmanInit	24	static
../Core/Src/autopilot/autopilot.c:456:7:autopilot_KalmanUpd	40	static
../Core/Src/autopilot/autopilot.c:487:6:autopilot_UpdAngles	32	static
../Core/Src/autopilot/autopilot.c:502:7:autopilot_expRunningAverage	24	static
../Core/Src/autopilot/autopilot.c:527:9:autopilot_map	24	static
../Core/Src/autopilot/autopilot.c:533:9:autopilot_CalcPID	32	static
../Core/Src/autopilot/autopilot.c:565:10:cfg_NodeApVarProp	32	static
../Core/Src/autopilot/autopilot.c:598:10:cfg_NodeApVarGet	16	static
../Core/Src/autopilot/autopilot.c:615:10:cfg_NodeApVarSet	16	static
../Core/Src/autopilot/autopilot.c:630:10:cfg_NodeRollChVarProp	32	static
../Core/Src/autopilot/autopilot.c:657:10:cfg_NodeRollChVarGet	16	static
../Core/Src/autopilot/autopilot.c:671:10:cfg_NodeRollChVarSet	16	static
../Core/Src/autopilot/autopilot.c:683:10:cfg_NodePitchChVarProp	32	static
../Core/Src/autopilot/autopilot.c:710:10:cfg_NodePitchChVarGet	16	static
../Core/Src/autopilot/autopilot.c:724:10:cfg_NodePitchChVarSet	16	static
