../Core/Src/autopilot/autopilot.c:53:6:autopilot_Timer	24	static
../Core/Src/autopilot/autopilot.c:75:6:autopilot_InitTask	8	static
../Core/Src/autopilot/autopilot.c:132:6:autopilot_Task	8	static
../Core/Src/autopilot/autopilot.c:163:6:autopilot_gotoState	16	static
../Core/Src/autopilot/autopilot.c:190:6:autopilot_stateIdleMain	8	static
../Core/Src/autopilot/autopilot.c:201:6:autopilot_stateFullManStart	4	static
../Core/Src/autopilot/autopilot.c:206:6:autopilot_stateFullManMain	24	static
../Core/Src/autopilot/autopilot.c:351:6:autopilot_stateStabStart	4	static
../Core/Src/autopilot/autopilot.c:356:6:autopilot_stateStabMain	32	static
../Core/Src/autopilot/autopilot.c:416:6:autopilot_stateFailsafeStart	8	static
../Core/Src/autopilot/autopilot.c:425:6:autopilot_stateFailsafeMain	8	static
../Core/Src/autopilot/autopilot.c:434:6:autopilot_KalmanInit	24	static
../Core/Src/autopilot/autopilot.c:452:7:autopilot_KalmanUpd	40	static
../Core/Src/autopilot/autopilot.c:483:6:autopilot_UpdAngles	32	static
../Core/Src/autopilot/autopilot.c:498:7:autopilot_expRunningAverage	24	static
../Core/Src/autopilot/autopilot.c:523:9:autopilot_map	24	static
../Core/Src/autopilot/autopilot.c:529:9:autopilot_CalcPID	32	static
../Core/Src/autopilot/autopilot.c:561:10:cfg_NodeApVarProp	32	static
../Core/Src/autopilot/autopilot.c:590:10:cfg_NodeApVarGet	16	static
../Core/Src/autopilot/autopilot.c:605:10:cfg_NodeApVarSet	16	static
../Core/Src/autopilot/autopilot.c:618:10:cfg_NodeRollChVarProp	32	static
../Core/Src/autopilot/autopilot.c:645:10:cfg_NodeRollChVarGet	16	static
../Core/Src/autopilot/autopilot.c:659:10:cfg_NodeRollChVarSet	16	static
../Core/Src/autopilot/autopilot.c:671:10:cfg_NodePitchChVarProp	32	static
../Core/Src/autopilot/autopilot.c:698:10:cfg_NodePitchChVarGet	16	static
../Core/Src/autopilot/autopilot.c:712:10:cfg_NodePitchChVarSet	16	static
