../Core/Src/autopilot/autopilot.c:38:6:autopilot_Timer	24	static
../Core/Src/autopilot/autopilot.c:60:6:autopilot_InitTask	4	static
../Core/Src/autopilot/autopilot.c:95:6:autopilot_Task	8	static
../Core/Src/autopilot/autopilot.c:121:6:autopilot_gotoState	16	static
../Core/Src/autopilot/autopilot.c:148:6:autopilot_stateIdleMain	8	static
../Core/Src/autopilot/autopilot.c:156:6:autopilot_stateFullManStart	4	static
../Core/Src/autopilot/autopilot.c:163:6:autopilot_stateFullManMain	8	static
../Core/Src/autopilot/autopilot.c:224:6:autopilot_stateFailsafeStart	8	static
../Core/Src/autopilot/autopilot.c:233:6:autopilot_stateFailsafeMain	8	static
../Core/Src/autopilot/autopilot.c:244:10:cfg_NodeApVarProp	32	static
../Core/Src/autopilot/autopilot.c:265:10:cfg_NodeApVarGet	16	static
../Core/Src/autopilot/autopilot.c:276:10:cfg_NodeApVarSet	16	static
