../Core/Src/autopilot/autopilot.c:42:6:autopilot_Timer	24	static
../Core/Src/autopilot/autopilot.c:64:6:autopilot_InitTask	4	static
../Core/Src/autopilot/autopilot.c:103:6:autopilot_Task	8	static
../Core/Src/autopilot/autopilot.c:129:6:autopilot_gotoState	16	static
../Core/Src/autopilot/autopilot.c:156:6:autopilot_stateIdleMain	8	static
../Core/Src/autopilot/autopilot.c:164:6:autopilot_stateFullManStart	40	static
../Core/Src/autopilot/autopilot.c:172:6:autopilot_stateFullManMain	24	static
../Core/Src/autopilot/autopilot.c:317:6:autopilot_stateFailsafeStart	8	static
../Core/Src/autopilot/autopilot.c:326:6:autopilot_stateFailsafeMain	8	static
../Core/Src/autopilot/autopilot.c:334:7:autopilot_expRunningAverage	24	static
../Core/Src/autopilot/autopilot.c:441:10:cfg_NodeApVarProp	32	static
../Core/Src/autopilot/autopilot.c:462:10:cfg_NodeApVarGet	16	static
../Core/Src/autopilot/autopilot.c:473:10:cfg_NodeApVarSet	16	static
