../Core/Src/autopilot/autopilot.c:50:6:autopilot_Timer	24	static
../Core/Src/autopilot/autopilot.c:72:6:autopilot_InitTask	8	static
../Core/Src/autopilot/autopilot.c:119:6:autopilot_Task	8	static
../Core/Src/autopilot/autopilot.c:145:6:autopilot_gotoState	16	static
../Core/Src/autopilot/autopilot.c:172:6:autopilot_stateIdleMain	8	static
../Core/Src/autopilot/autopilot.c:180:6:autopilot_stateFullManStart	4	static
../Core/Src/autopilot/autopilot.c:185:6:autopilot_stateFullManMain	24	static
../Core/Src/autopilot/autopilot.c:331:6:autopilot_stateStabStart	4	static
../Core/Src/autopilot/autopilot.c:336:6:autopilot_stateStabMain	4	static
../Core/Src/autopilot/autopilot.c:342:6:autopilot_stateFailsafeStart	8	static
../Core/Src/autopilot/autopilot.c:351:6:autopilot_stateFailsafeMain	8	static
../Core/Src/autopilot/autopilot.c:360:6:autopilot_KalmanInit	24	static
../Core/Src/autopilot/autopilot.c:378:7:autopilot_KalmanUpd	40	static
../Core/Src/autopilot/autopilot.c:409:6:autopilot_UpdAngles	32	static
../Core/Src/autopilot/autopilot.c:424:7:autopilot_expRunningAverage	24	static
../Core/Src/autopilot/autopilot.c:440:10:cfg_NodeApVarProp	32	static
../Core/Src/autopilot/autopilot.c:465:10:cfg_NodeApVarGet	16	static
../Core/Src/autopilot/autopilot.c:478:10:cfg_NodeApVarSet	16	static
