../Core/Src/configurator/cfg_interface.c:99:10:cfg_GetNodeName	24	static
../Core/Src/configurator/cfg_interface.c:129:18:cfg_GetNode	24	static
../Core/Src/configurator/cfg_interface.c:141:10:cfg_NodeFwVarProp	32	static
../Core/Src/configurator/cfg_interface.c:167:10:cfg_NodeFwVarGet	16	static
../Core/Src/configurator/cfg_interface.c:181:10:cfg_NodeFwVarSet	16	static
../Core/Src/configurator/cfg_interface.c:203:10:cfg_NodeMainVarProp	32	static
../Core/Src/configurator/cfg_interface.c:228:10:cfg_NodeMainVarGet	16	static
../Core/Src/configurator/cfg_interface.c:241:10:cfg_NodeMainVarSet	16	static
../Core/Src/configurator/cfg_interface.c:263:6:cfg_Timer	24	static
../Core/Src/configurator/cfg_interface.c:286:6:cfg_InitTask	16	static
../Core/Src/configurator/cfg_interface.c:318:6:cfg_Task	112	static
../Core/Src/configurator/cfg_interface.c:489:6:cfg_RcvData	32	static
../Core/Src/configurator/cfg_interface.c:552:10:cfg_ringBufRead16b	24	static
../Core/Src/configurator/cfg_interface.c:560:10:cfg_ringBufRead32b	24	static
../Core/Src/configurator/cfg_interface.c:570:6:cfg_SaveSettings	4152	static
../Core/Src/configurator/cfg_interface.c:619:6:cfg_LoadSettings	32	static
../Core/Src/configurator/cfg_interface.c:670:6:cfg_ClearFwBuf	8	static
../Core/Src/configurator/cfg_interface.c:693:6:cfg_WriteFwData	24	static
../Core/Src/configurator/cfg_interface.c:708:6:cfg_AddTxData	24	static
../Core/Src/configurator/cfg_interface.c:727:6:cfg_IntertTxData	288	static
../Core/Src/configurator/cfg_interface.c:758:6:cfg_RemTxData	272	static
../Core/Src/configurator/cfg_interface.c:779:6:cfg_TxDataCh0	16	static
