../Core/Src/configurator/cfg_interface.c:100:10:cfg_GetNodeName	24	static
../Core/Src/configurator/cfg_interface.c:130:18:cfg_GetNode	24	static
../Core/Src/configurator/cfg_interface.c:142:10:cfg_NodeFwVarProp	32	static
../Core/Src/configurator/cfg_interface.c:168:10:cfg_NodeFwVarGet	16	static
../Core/Src/configurator/cfg_interface.c:182:10:cfg_NodeFwVarSet	16	static
../Core/Src/configurator/cfg_interface.c:204:10:cfg_NodeMainVarProp	32	static
../Core/Src/configurator/cfg_interface.c:229:10:cfg_NodeMainVarGet	16	static
../Core/Src/configurator/cfg_interface.c:242:10:cfg_NodeMainVarSet	16	static
../Core/Src/configurator/cfg_interface.c:265:6:cfg_Timer	24	static
../Core/Src/configurator/cfg_interface.c:288:6:cfg_InitTask	16	static
../Core/Src/configurator/cfg_interface.c:321:6:cfg_Task	112	static
../Core/Src/configurator/cfg_interface.c:492:6:cfg_RcvData	32	static
../Core/Src/configurator/cfg_interface.c:555:10:cfg_ringBufRead16b	24	static
../Core/Src/configurator/cfg_interface.c:563:10:cfg_ringBufRead32b	24	static
../Core/Src/configurator/cfg_interface.c:573:6:cfg_SaveSettings	4152	static
../Core/Src/configurator/cfg_interface.c:622:6:cfg_LoadSettings	32	static
../Core/Src/configurator/cfg_interface.c:673:6:cfg_ClearFwBuf	8	static
../Core/Src/configurator/cfg_interface.c:696:6:cfg_WriteFwData	24	static
../Core/Src/configurator/cfg_interface.c:711:6:cfg_AddTxData	24	static
../Core/Src/configurator/cfg_interface.c:730:6:cfg_IntertTxData	288	static
../Core/Src/configurator/cfg_interface.c:761:6:cfg_RemTxData	272	static
../Core/Src/configurator/cfg_interface.c:782:6:cfg_TxDataCh0	16	static
../Core/Src/configurator/cfg_interface.c:794:6:cfg_TxDataCh1USB	16	static
