../Core/Src/configurator/cfg_interface.c:108:10:cfg_GetNodeName	24	static
../Core/Src/configurator/cfg_interface.c:140:18:cfg_GetNode	24	static
../Core/Src/configurator/cfg_interface.c:152:10:cfg_NodeFwVarProp	32	static
../Core/Src/configurator/cfg_interface.c:178:10:cfg_NodeFwVarGet	16	static
../Core/Src/configurator/cfg_interface.c:192:10:cfg_NodeFwVarSet	16	static
../Core/Src/configurator/cfg_interface.c:214:10:cfg_NodeMainVarProp	32	static
../Core/Src/configurator/cfg_interface.c:239:10:cfg_NodeMainVarGet	16	static
../Core/Src/configurator/cfg_interface.c:252:10:cfg_NodeMainVarSet	16	static
../Core/Src/configurator/cfg_interface.c:275:6:cfg_Timer	24	static
../Core/Src/configurator/cfg_interface.c:298:6:cfg_InitTask	16	static
../Core/Src/configurator/cfg_interface.c:331:6:cfg_Task	112	static
../Core/Src/configurator/cfg_interface.c:502:6:cfg_RcvData	32	static
../Core/Src/configurator/cfg_interface.c:565:10:cfg_ringBufRead16b	24	static
../Core/Src/configurator/cfg_interface.c:573:10:cfg_ringBufRead32b	24	static
../Core/Src/configurator/cfg_interface.c:583:6:cfg_SaveSettings	4152	static
../Core/Src/configurator/cfg_interface.c:632:6:cfg_LoadSettings	32	static
../Core/Src/configurator/cfg_interface.c:683:6:cfg_ClearFwBuf	8	static
../Core/Src/configurator/cfg_interface.c:706:6:cfg_WriteFwData	24	static
../Core/Src/configurator/cfg_interface.c:721:6:cfg_AddTxData	24	static
../Core/Src/configurator/cfg_interface.c:740:6:cfg_IntertTxData	288	static
../Core/Src/configurator/cfg_interface.c:771:6:cfg_RemTxData	272	static
../Core/Src/configurator/cfg_interface.c:792:6:cfg_TxDataCh0	16	static
../Core/Src/configurator/cfg_interface.c:804:6:cfg_TxDataCh1USB	16	static
