../Core/Src/configurator/cfg_interface.c:94:10:cfg_GetNodeName	24	static
../Core/Src/configurator/cfg_interface.c:123:18:cfg_GetNode	24	static
../Core/Src/configurator/cfg_interface.c:135:10:cfg_NodeFwVarProp	32	static
../Core/Src/configurator/cfg_interface.c:161:10:cfg_NodeFwVarGet	16	static
../Core/Src/configurator/cfg_interface.c:175:10:cfg_NodeFwVarSet	16	static
../Core/Src/configurator/cfg_interface.c:197:10:cfg_NodeMainVarProp	32	static
../Core/Src/configurator/cfg_interface.c:222:10:cfg_NodeMainVarGet	16	static
../Core/Src/configurator/cfg_interface.c:235:10:cfg_NodeMainVarSet	16	static
../Core/Src/configurator/cfg_interface.c:257:6:cfg_Timer	24	static
../Core/Src/configurator/cfg_interface.c:280:6:cfg_InitTask	16	static
../Core/Src/configurator/cfg_interface.c:312:6:cfg_Task	112	static
../Core/Src/configurator/cfg_interface.c:483:6:cfg_RcvData	32	static
../Core/Src/configurator/cfg_interface.c:546:10:cfg_ringBufRead16b	24	static
../Core/Src/configurator/cfg_interface.c:554:10:cfg_ringBufRead32b	24	static
../Core/Src/configurator/cfg_interface.c:564:6:cfg_SaveSettings	4152	static
../Core/Src/configurator/cfg_interface.c:613:6:cfg_LoadSettings	32	static
../Core/Src/configurator/cfg_interface.c:664:6:cfg_ClearFwBuf	8	static
../Core/Src/configurator/cfg_interface.c:687:6:cfg_WriteFwData	24	static
../Core/Src/configurator/cfg_interface.c:702:6:cfg_AddTxData	24	static
../Core/Src/configurator/cfg_interface.c:721:6:cfg_IntertTxData	288	static
../Core/Src/configurator/cfg_interface.c:752:6:cfg_RemTxData	272	static
../Core/Src/configurator/cfg_interface.c:773:6:cfg_TxDataCh0	16	static
