../Core/Src/system/system.c:191:16:system_Reset	4	static,ignoring_inline_asm
../Core/Src/system/system.c:42:6:system_Timer	24	static
../Core/Src/system/system.c:68:6:system_Init	8	static
../Core/Src/system/system.c:89:6:system_Task	8	static
../Core/Src/system/system.c:131:6:system_UARTmodemSet115200	8	static
../Core/Src/system/system.c:139:6:system_ModemRxCallback	32	static
../Core/Src/system/system.c:160:6:system_ADC_ConvCpltCallback	16	static
../Core/Src/system/system.c:178:6:system_UART_RxCpltCallback	16	static
../Core/Src/system/system.c:200:6:system_ErrorHandler	4	static
