../Core/Src/system/system.c:208:16:system_Reset	4	static,ignoring_inline_asm
../Core/Src/system/system.c:44:6:system_Timer	24	static
../Core/Src/system/system.c:71:6:system_Init	8	static
../Core/Src/system/system.c:94:6:system_Task	16	static
../Core/Src/system/system.c:148:6:system_UARTmodemSet115200	8	static
../Core/Src/system/system.c:156:6:system_ModemRxCallback	32	static
../Core/Src/system/system.c:177:6:system_ADC_ConvCpltCallback	16	static
../Core/Src/system/system.c:195:6:system_UART_RxCpltCallback	16	static
../Core/Src/system/system.c:217:6:system_ErrorHandler	4	static
